<?xml version="1.0" encoding="ISO-8859-1" ?>
<link_info>
   <banner>TI ARM Clang Linker PC v5.1.1.LTS</banner>
   <copyright>Copyright (c) 1996-2018 Texas Instruments Incorporated</copyright>
   <command_line>D:\TI_MSPM0\ccs\tools\compiler\ti-cgt-armllvm_5.1.1.LTS\bin\tiarmlnk -ID:\TI_MSPM0\ccs\tools\compiler\ti-cgt-armllvm_5.1.1.LTS\lib -o Liner_Car0.out --cg_opt_level=2 -mLiner_Car0.map -iD:/TI_MSPM0/mspm0_sdk_2_10_00_04/source -iD:/TI_MSPM0/CCS_Workspace/Liner_Car0/Debug/syscfg -iD:/TI_MSPM0/ccs/tools/compiler/ti-cgt-armllvm_5.1.1.LTS/lib --diag_wrap=off --display_error_number --warn_sections --xml_link_info=Liner_Car0_linkInfo.xml --rom_model ./delay.o ./syscfg/ti_msp_dl_config.o ./startup_mspm0g350x_ticlang.o ./gray_sensor.o ./main.o ./motor.o ./oled.o -lsyscfg/device_linker.cmd -ldevice.cmd.genlibs -llibc.a --start-group -llibc++.a -llibc++abi.a -llibc.a -llibsys.a -llibsysbm.a -llibclang_rt.builtins.a -llibclang_rt.profile.a --end-group</command_line>
   <link_time>0x6a536fbb</link_time>
   <link_errors>0x0</link_errors>
   <output_file>D:\TI_MSPM0\CCS_Workspace\Liner_Car0\Debug\Liner_Car0.out</output_file>
   <entry_point>
      <name>_c_int00_noargs</name>
      <address>0x2745</address>
   </entry_point>
   <input_file_list>
      <input_file id="fl-1">
         <path>D:\TI_MSPM0\CCS_Workspace\Liner_Car0\Debug\.\</path>
         <kind>object</kind>
         <file>delay.o</file>
         <name>delay.o</name>
      </input_file>
      <input_file id="fl-2">
         <path>D:\TI_MSPM0\CCS_Workspace\Liner_Car0\Debug\.\syscfg\</path>
         <kind>object</kind>
         <file>ti_msp_dl_config.o</file>
         <name>ti_msp_dl_config.o</name>
      </input_file>
      <input_file id="fl-3">
         <path>D:\TI_MSPM0\CCS_Workspace\Liner_Car0\Debug\.\</path>
         <kind>object</kind>
         <file>startup_mspm0g350x_ticlang.o</file>
         <name>startup_mspm0g350x_ticlang.o</name>
      </input_file>
      <input_file id="fl-4">
         <path>D:\TI_MSPM0\CCS_Workspace\Liner_Car0\Debug\.\</path>
         <kind>object</kind>
         <file>gray_sensor.o</file>
         <name>gray_sensor.o</name>
      </input_file>
      <input_file id="fl-5">
         <path>D:\TI_MSPM0\CCS_Workspace\Liner_Car0\Debug\.\</path>
         <kind>object</kind>
         <file>main.o</file>
         <name>main.o</name>
      </input_file>
      <input_file id="fl-6">
         <path>D:\TI_MSPM0\CCS_Workspace\Liner_Car0\Debug\.\</path>
         <kind>object</kind>
         <file>motor.o</file>
         <name>motor.o</name>
      </input_file>
      <input_file id="fl-7">
         <path>D:\TI_MSPM0\CCS_Workspace\Liner_Car0\Debug\.\</path>
         <kind>object</kind>
         <file>oled.o</file>
         <name>oled.o</name>
      </input_file>
      <input_file id="fl-14">
         <path>D:\TI_MSPM0\CCS_Workspace\Liner_Car0\Debug\</path>
         <kind>object</kind>
         <file>&lt;internal&gt;</file>
         <name>&lt;internal&gt;</name>
      </input_file>
      <input_file id="fl-15">
         <path>D:\TI_MSPM0\mspm0_sdk_2_10_00_04\source\ti\driverlib\lib\ticlang\m0p\mspm0g1x0x_g3x0x\</path>
         <kind>archive</kind>
         <file>driverlib.a</file>
         <name>dl_common.o</name>
      </input_file>
      <input_file id="fl-16">
         <path>D:\TI_MSPM0\mspm0_sdk_2_10_00_04\source\ti\driverlib\lib\ticlang\m0p\mspm0g1x0x_g3x0x\</path>
         <kind>archive</kind>
         <file>driverlib.a</file>
         <name>dl_i2c.o</name>
      </input_file>
      <input_file id="fl-17">
         <path>D:\TI_MSPM0\mspm0_sdk_2_10_00_04\source\ti\driverlib\lib\ticlang\m0p\mspm0g1x0x_g3x0x\</path>
         <kind>archive</kind>
         <file>driverlib.a</file>
         <name>dl_timer.o</name>
      </input_file>
      <input_file id="fl-18">
         <path>D:\TI_MSPM0\mspm0_sdk_2_10_00_04\source\ti\driverlib\lib\ticlang\m0p\mspm0g1x0x_g3x0x\</path>
         <kind>archive</kind>
         <file>driverlib.a</file>
         <name>dl_uart.o</name>
      </input_file>
      <input_file id="fl-35">
         <path>D:\TI_MSPM0\ccs\tools\compiler\ti-cgt-armllvm_5.1.1.LTS\lib\armv6m-ti-none-eabi\c\</path>
         <kind>archive</kind>
         <file>libc.a</file>
         <name>boot_cortex_m.c.obj</name>
      </input_file>
      <input_file id="fl-36">
         <path>D:\TI_MSPM0\ccs\tools\compiler\ti-cgt-armllvm_5.1.1.LTS\lib\armv6m-ti-none-eabi\c\</path>
         <kind>archive</kind>
         <file>libc.a</file>
         <name>mathacl_init.c.obj</name>
      </input_file>
      <input_file id="fl-37">
         <path>D:\TI_MSPM0\ccs\tools\compiler\ti-cgt-armllvm_5.1.1.LTS\lib\armv6m-ti-none-eabi\c\</path>
         <kind>archive</kind>
         <file>libc.a</file>
         <name>autoinit.c.obj</name>
      </input_file>
      <input_file id="fl-38">
         <path>D:\TI_MSPM0\ccs\tools\compiler\ti-cgt-armllvm_5.1.1.LTS\lib\armv6m-ti-none-eabi\c\</path>
         <kind>archive</kind>
         <file>libc.a</file>
         <name>pre_init.c.obj</name>
      </input_file>
      <input_file id="fl-39">
         <path>D:\TI_MSPM0\ccs\tools\compiler\ti-cgt-armllvm_5.1.1.LTS\lib\armv6m-ti-none-eabi\c\</path>
         <kind>archive</kind>
         <file>libc.a</file>
         <name>cpy_tbl.c.obj</name>
      </input_file>
      <input_file id="fl-3a">
         <path>D:\TI_MSPM0\ccs\tools\compiler\ti-cgt-armllvm_5.1.1.LTS\lib\armv6m-ti-none-eabi\c\</path>
         <kind>archive</kind>
         <file>libc.a</file>
         <name>copy_zero_init.c.obj</name>
      </input_file>
      <input_file id="fl-3b">
         <path>D:\TI_MSPM0\ccs\tools\compiler\ti-cgt-armllvm_5.1.1.LTS\lib\armv6m-ti-none-eabi\c\</path>
         <kind>archive</kind>
         <file>libc.a</file>
         <name>copy_decompress_none.c.obj</name>
      </input_file>
      <input_file id="fl-3c">
         <path>D:\TI_MSPM0\ccs\tools\compiler\ti-cgt-armllvm_5.1.1.LTS\lib\armv6m-ti-none-eabi\c\</path>
         <kind>archive</kind>
         <file>libc.a</file>
         <name>copy_decompress_lzss.c.obj</name>
      </input_file>
      <input_file id="fl-3d">
         <path>D:\TI_MSPM0\ccs\tools\compiler\ti-cgt-armllvm_5.1.1.LTS\lib\armv6m-ti-none-eabi\c\</path>
         <kind>archive</kind>
         <file>libc.a</file>
         <name>exit.c.obj</name>
      </input_file>
      <input_file id="fl-3e">
         <path>D:\TI_MSPM0\ccs\tools\compiler\ti-cgt-armllvm_5.1.1.LTS\lib\armv6m-ti-none-eabi\c\</path>
         <kind>archive</kind>
         <file>libc.a</file>
         <name>_lock.c.obj</name>
      </input_file>
      <input_file id="fl-3f">
         <path>D:\TI_MSPM0\ccs\tools\compiler\ti-cgt-armllvm_5.1.1.LTS\lib\armv6m-ti-none-eabi\c\</path>
         <kind>archive</kind>
         <file>libc.a</file>
         <name>args_main.c.obj</name>
      </input_file>
      <input_file id="fl-133">
         <path>D:\TI_MSPM0\ccs\tools\compiler\ti-cgt-armllvm_5.1.1.LTS\lib\armv6m-ti-none-eabi\c\</path>
         <kind>archive</kind>
         <file>libsysbm.a</file>
         <name>hostexit.c.obj</name>
      </input_file>
      <input_file id="fl-134">
         <path>D:\TI_MSPM0\ccs\tools\compiler\ti-cgt-armllvm_5.1.1.LTS\lib\armv6m-ti-none-eabi\</path>
         <kind>archive</kind>
         <file>libclang_rt.builtins.a</file>
         <name>addsf3.S.obj</name>
      </input_file>
      <input_file id="fl-135">
         <path>D:\TI_MSPM0\ccs\tools\compiler\ti-cgt-armllvm_5.1.1.LTS\lib\armv6m-ti-none-eabi\</path>
         <kind>archive</kind>
         <file>libclang_rt.builtins.a</file>
         <name>mulsf3.S.obj</name>
      </input_file>
      <input_file id="fl-136">
         <path>D:\TI_MSPM0\ccs\tools\compiler\ti-cgt-armllvm_5.1.1.LTS\lib\armv6m-ti-none-eabi\</path>
         <kind>archive</kind>
         <file>libclang_rt.builtins.a</file>
         <name>divsf3.S.obj</name>
      </input_file>
      <input_file id="fl-137">
         <path>D:\TI_MSPM0\ccs\tools\compiler\ti-cgt-armllvm_5.1.1.LTS\lib\armv6m-ti-none-eabi\</path>
         <kind>archive</kind>
         <file>libclang_rt.builtins.a</file>
         <name>fixsfsi.S.obj</name>
      </input_file>
      <input_file id="fl-138">
         <path>D:\TI_MSPM0\ccs\tools\compiler\ti-cgt-armllvm_5.1.1.LTS\lib\armv6m-ti-none-eabi\</path>
         <kind>archive</kind>
         <file>libclang_rt.builtins.a</file>
         <name>floatsisf.S.obj</name>
      </input_file>
      <input_file id="fl-139">
         <path>D:\TI_MSPM0\ccs\tools\compiler\ti-cgt-armllvm_5.1.1.LTS\lib\armv6m-ti-none-eabi\</path>
         <kind>archive</kind>
         <file>libclang_rt.builtins.a</file>
         <name>aeabi_fcmp.S.obj</name>
      </input_file>
      <input_file id="fl-13a">
         <path>D:\TI_MSPM0\ccs\tools\compiler\ti-cgt-armllvm_5.1.1.LTS\lib\armv6m-ti-none-eabi\</path>
         <kind>archive</kind>
         <file>libclang_rt.builtins.a</file>
         <name>aeabi_uidivmod.S.obj</name>
      </input_file>
      <input_file id="fl-13b">
         <path>D:\TI_MSPM0\ccs\tools\compiler\ti-cgt-armllvm_5.1.1.LTS\lib\armv6m-ti-none-eabi\</path>
         <kind>archive</kind>
         <file>libclang_rt.builtins.a</file>
         <name>aeabi_memcpy.S.obj</name>
      </input_file>
      <input_file id="fl-13c">
         <path>D:\TI_MSPM0\ccs\tools\compiler\ti-cgt-armllvm_5.1.1.LTS\lib\armv6m-ti-none-eabi\</path>
         <kind>archive</kind>
         <file>libclang_rt.builtins.a</file>
         <name>aeabi_memset.S.obj</name>
      </input_file>
      <input_file id="fl-13d">
         <path>D:\TI_MSPM0\ccs\tools\compiler\ti-cgt-armllvm_5.1.1.LTS\lib\armv6m-ti-none-eabi\</path>
         <kind>archive</kind>
         <file>libclang_rt.builtins.a</file>
         <name>comparesf2.S.obj</name>
      </input_file>
      <input_file id="fl-13e">
         <path>D:\TI_MSPM0\ccs\tools\compiler\ti-cgt-armllvm_5.1.1.LTS\lib\armv6m-ti-none-eabi\</path>
         <kind>archive</kind>
         <file>libclang_rt.builtins.a</file>
         <name>muldsi3.S.obj</name>
      </input_file>
      <input_file id="fl-13f">
         <path>D:\TI_MSPM0\ccs\tools\compiler\ti-cgt-armllvm_5.1.1.LTS\lib\armv6m-ti-none-eabi\</path>
         <kind>archive</kind>
         <file>libclang_rt.builtins.a</file>
         <name>aeabi_div0.c.obj</name>
      </input_file>
      <input_file id="fl-140">
         <path>D:\TI_MSPM0\ccs\tools\compiler\ti-cgt-armllvm_5.1.1.LTS\lib\armv6m-ti-none-eabi\c\</path>
         <kind>archive</kind>
         <file>libc.a</file>
         <name>memcpy16.S.obj</name>
      </input_file>
      <input_file id="fl-141">
         <path>D:\TI_MSPM0\ccs\tools\compiler\ti-cgt-armllvm_5.1.1.LTS\lib\armv6m-ti-none-eabi\c\</path>
         <kind>archive</kind>
         <file>libc.a</file>
         <name>memset16.S.obj</name>
      </input_file>
   </input_file_list>
   <object_component_list>
      <object_component id="oc-18">
         <name>.intvecs</name>
         <load_address>0x0</load_address>
         <readonly>true</readonly>
         <run_address>0x0</run_address>
         <size>0xc0</size>
         <alignment>0x4</alignment>
         <input_file_ref idref="fl-3"/>
      </object_component>
      <object_component id="oc-c8">
         <name>.text.OLED_Init</name>
         <load_address>0xc0</load_address>
         <readonly>true</readonly>
         <executable>true</executable>
         <run_address>0xc0</run_address>
         <size>0x9fc</size>
         <alignment>0x4</alignment>
         <input_file_ref idref="fl-7"/>
      </object_component>
      <object_component id="oc-d2">
         <name>.text.OLED_ShowNum</name>
         <load_address>0xabc</load_address>
         <readonly>true</readonly>
         <executable>true</executable>
         <run_address>0xabc</run_address>
         <size>0x392</size>
         <alignment>0x2</alignment>
         <input_file_ref idref="fl-7"/>
      </object_component>
      <object_component id="oc-33">
         <name>.text.Default_Handler</name>
         <load_address>0xe4e</load_address>
         <readonly>true</readonly>
         <executable>true</executable>
         <run_address>0xe4e</run_address>
         <size>0x2</size>
         <alignment>0x2</alignment>
         <input_file_ref idref="fl-3"/>
      </object_component>
      <object_component id="oc-d1">
         <name>.text.OLED_Refresh</name>
         <load_address>0xe50</load_address>
         <readonly>true</readonly>
         <executable>true</executable>
         <run_address>0xe50</run_address>
         <size>0x254</size>
         <alignment>0x4</alignment>
         <input_file_ref idref="fl-7"/>
      </object_component>
      <object_component id="oc-83">
         <name>.text.main</name>
         <load_address>0x10a4</load_address>
         <readonly>true</readonly>
         <executable>true</executable>
         <run_address>0x10a4</run_address>
         <size>0x220</size>
         <alignment>0x4</alignment>
         <input_file_ref idref="fl-5"/>
      </object_component>
      <object_component id="oc-12b">
         <name>.text.OLED_ShowChar</name>
         <load_address>0x12c4</load_address>
         <readonly>true</readonly>
         <executable>true</executable>
         <run_address>0x12c4</run_address>
         <size>0x20c</size>
         <alignment>0x4</alignment>
         <input_file_ref idref="fl-7"/>
      </object_component>
      <object_component id="oc-65">
         <name>.text.GraySensor_Read</name>
         <load_address>0x14d0</load_address>
         <readonly>true</readonly>
         <executable>true</executable>
         <run_address>0x14d0</run_address>
         <size>0x16c</size>
         <alignment>0x4</alignment>
         <input_file_ref idref="fl-4"/>
      </object_component>
      <object_component id="oc-147">
         <name>.text.DL_Timer_initFourCCPWMMode</name>
         <load_address>0x163c</load_address>
         <readonly>true</readonly>
         <executable>true</executable>
         <run_address>0x163c</run_address>
         <size>0x104</size>
         <alignment>0x4</alignment>
         <input_file_ref idref="fl-17"/>
      </object_component>
      <object_component id="oc-14c">
         <name>.text.DL_Timer_initTimerMode</name>
         <load_address>0x1740</load_address>
         <readonly>true</readonly>
         <executable>true</executable>
         <run_address>0x1740</run_address>
         <size>0xfc</size>
         <alignment>0x4</alignment>
         <input_file_ref idref="fl-17"/>
      </object_component>
      <object_component id="oc-112">
         <name>.text.SYSCFG_DL_GPIO_init</name>
         <load_address>0x183c</load_address>
         <readonly>true</readonly>
         <executable>true</executable>
         <run_address>0x183c</run_address>
         <size>0xf8</size>
         <alignment>0x4</alignment>
         <input_file_ref idref="fl-2"/>
      </object_component>
      <object_component id="oc-6c">
         <name>.text.PID_Compute</name>
         <load_address>0x1934</load_address>
         <readonly>true</readonly>
         <executable>true</executable>
         <run_address>0x1934</run_address>
         <size>0xdc</size>
         <alignment>0x4</alignment>
         <input_file_ref idref="fl-6"/>
      </object_component>
      <object_component id="oc-a0">
         <name>.text</name>
         <load_address>0x1a10</load_address>
         <readonly>true</readonly>
         <executable>true</executable>
         <run_address>0x1a10</run_address>
         <size>0xd8</size>
         <alignment>0x4</alignment>
         <input_file_ref idref="fl-134"/>
      </object_component>
      <object_component id="oc-39">
         <name>.text.TIMG6_IRQHandler</name>
         <load_address>0x1ae8</load_address>
         <readonly>true</readonly>
         <executable>true</executable>
         <run_address>0x1ae8</run_address>
         <size>0xbc</size>
         <alignment>0x4</alignment>
         <input_file_ref idref="fl-5"/>
      </object_component>
      <object_component id="oc-6b">
         <name>.text.GraySensor_GetPosition</name>
         <load_address>0x1ba4</load_address>
         <readonly>true</readonly>
         <executable>true</executable>
         <run_address>0x1ba4</run_address>
         <size>0x9c</size>
         <alignment>0x4</alignment>
         <input_file_ref idref="fl-4"/>
      </object_component>
      <object_component id="oc-bd">
         <name>.text:memcpy</name>
         <load_address>0x1c40</load_address>
         <readonly>true</readonly>
         <executable>true</executable>
         <run_address>0x1c40</run_address>
         <size>0x9a</size>
         <alignment>0x1</alignment>
         <input_file_ref idref="fl-140"/>
      </object_component>
      <object_component id="oc-f3">
         <name>.text.__aeabi_idiv0</name>
         <load_address>0x1cda</load_address>
         <readonly>true</readonly>
         <executable>true</executable>
         <run_address>0x1cda</run_address>
         <size>0x2</size>
         <alignment>0x2</alignment>
         <input_file_ref idref="fl-13f"/>
      </object_component>
      <object_component id="oc-114">
         <name>.text.SYSCFG_DL_PWM_MOTOR_init</name>
         <load_address>0x1cdc</load_address>
         <readonly>true</readonly>
         <executable>true</executable>
         <run_address>0x1cdc</run_address>
         <size>0x90</size>
         <alignment>0x4</alignment>
         <input_file_ref idref="fl-2"/>
      </object_component>
      <object_component id="oc-100">
         <name>.text</name>
         <load_address>0x1d6c</load_address>
         <readonly>true</readonly>
         <executable>true</executable>
         <run_address>0x1d6c</run_address>
         <size>0x8c</size>
         <alignment>0x4</alignment>
         <input_file_ref idref="fl-13d"/>
      </object_component>
      <object_component id="oc-9c">
         <name>.text</name>
         <load_address>0x1df8</load_address>
         <readonly>true</readonly>
         <executable>true</executable>
         <run_address>0x1df8</run_address>
         <size>0x8c</size>
         <alignment>0x4</alignment>
         <input_file_ref idref="fl-135"/>
      </object_component>
      <object_component id="oc-a8">
         <name>.text</name>
         <load_address>0x1e84</load_address>
         <readonly>true</readonly>
         <executable>true</executable>
         <run_address>0x1e84</run_address>
         <size>0x82</size>
         <alignment>0x4</alignment>
         <input_file_ref idref="fl-136"/>
      </object_component>
      <object_component id="oc-1c">
         <name>.text:decompress:lzss</name>
         <load_address>0x1f08</load_address>
         <readonly>true</readonly>
         <executable>true</executable>
         <run_address>0x1f08</run_address>
         <size>0x7c</size>
         <alignment>0x4</alignment>
         <input_file_ref idref="fl-3c"/>
      </object_component>
      <object_component id="oc-6f">
         <name>.text.Motor_SetRightSpeed</name>
         <load_address>0x1f84</load_address>
         <readonly>true</readonly>
         <executable>true</executable>
         <run_address>0x1f84</run_address>
         <size>0x78</size>
         <alignment>0x4</alignment>
         <input_file_ref idref="fl-6"/>
      </object_component>
      <object_component id="oc-c7">
         <name>.text.Motor_Init</name>
         <load_address>0x1ffc</load_address>
         <readonly>true</readonly>
         <executable>true</executable>
         <run_address>0x1ffc</run_address>
         <size>0x70</size>
         <alignment>0x4</alignment>
         <input_file_ref idref="fl-6"/>
      </object_component>
      <object_component id="oc-6e">
         <name>.text.Motor_SetLeftSpeed</name>
         <load_address>0x206c</load_address>
         <readonly>true</readonly>
         <executable>true</executable>
         <run_address>0x206c</run_address>
         <size>0x70</size>
         <alignment>0x4</alignment>
         <input_file_ref idref="fl-6"/>
      </object_component>
      <object_component id="oc-110">
         <name>.text.SYSCFG_DL_initPower</name>
         <load_address>0x20dc</load_address>
         <readonly>true</readonly>
         <executable>true</executable>
         <run_address>0x20dc</run_address>
         <size>0x70</size>
         <alignment>0x4</alignment>
         <input_file_ref idref="fl-2"/>
      </object_component>
      <object_component id="oc-10f">
         <name>.text:memset</name>
         <load_address>0x214c</load_address>
         <readonly>true</readonly>
         <executable>true</executable>
         <run_address>0x214c</run_address>
         <size>0x62</size>
         <alignment>0x1</alignment>
         <input_file_ref idref="fl-141"/>
      </object_component>
      <object_component id="oc-6d">
         <name>.text.Motor_Stop</name>
         <load_address>0x21b0</load_address>
         <readonly>true</readonly>
         <executable>true</executable>
         <run_address>0x21b0</run_address>
         <size>0x60</size>
         <alignment>0x4</alignment>
         <input_file_ref idref="fl-6"/>
      </object_component>
      <object_component id="oc-117">
         <name>.text.SYSCFG_DL_UART_CONSOLE_init</name>
         <load_address>0x2210</load_address>
         <readonly>true</readonly>
         <executable>true</executable>
         <run_address>0x2210</run_address>
         <size>0x60</size>
         <alignment>0x4</alignment>
         <input_file_ref idref="fl-2"/>
      </object_component>
      <object_component id="oc-118">
         <name>.text.SYSCFG_DL_UART_EXT_init</name>
         <load_address>0x2270</load_address>
         <readonly>true</readonly>
         <executable>true</executable>
         <run_address>0x2270</run_address>
         <size>0x60</size>
         <alignment>0x4</alignment>
         <input_file_ref idref="fl-2"/>
      </object_component>
      <object_component id="oc-119">
         <name>.text.SYSCFG_DL_UART_PB_init</name>
         <load_address>0x22d0</load_address>
         <readonly>true</readonly>
         <executable>true</executable>
         <run_address>0x22d0</run_address>
         <size>0x60</size>
         <alignment>0x4</alignment>
         <input_file_ref idref="fl-2"/>
      </object_component>
      <object_component id="oc-122">
         <name>.text.DL_I2C_fillControllerTXFIFO</name>
         <load_address>0x2330</load_address>
         <readonly>true</readonly>
         <executable>true</executable>
         <run_address>0x2330</run_address>
         <size>0x5e</size>
         <alignment>0x2</alignment>
         <input_file_ref idref="fl-16"/>
      </object_component>
      <object_component id="oc-d0">
         <name>.text.OLED_ShowString</name>
         <load_address>0x238e</load_address>
         <readonly>true</readonly>
         <executable>true</executable>
         <run_address>0x238e</run_address>
         <size>0x5c</size>
         <alignment>0x2</alignment>
         <input_file_ref idref="fl-7"/>
      </object_component>
      <object_component id="oc-a4">
         <name>.text</name>
         <load_address>0x23ec</load_address>
         <readonly>true</readonly>
         <executable>true</executable>
         <run_address>0x23ec</run_address>
         <size>0x5a</size>
         <alignment>0x4</alignment>
         <input_file_ref idref="fl-139"/>
      </object_component>
      <object_component id="oc-5d">
         <name>.text.Encoder_ISR</name>
         <load_address>0x2448</load_address>
         <readonly>true</readonly>
         <executable>true</executable>
         <run_address>0x2448</run_address>
         <size>0x54</size>
         <alignment>0x4</alignment>
         <input_file_ref idref="fl-6"/>
      </object_component>
      <object_component id="oc-116">
         <name>.text.SYSCFG_DL_I2C_BUS_init</name>
         <load_address>0x249c</load_address>
         <readonly>true</readonly>
         <executable>true</executable>
         <run_address>0x249c</run_address>
         <size>0x54</size>
         <alignment>0x4</alignment>
         <input_file_ref idref="fl-2"/>
      </object_component>
      <object_component id="oc-157">
         <name>.text.DL_UART_init</name>
         <load_address>0x24f0</load_address>
         <readonly>true</readonly>
         <executable>true</executable>
         <run_address>0x24f0</run_address>
         <size>0x48</size>
         <alignment>0x4</alignment>
         <input_file_ref idref="fl-18"/>
      </object_component>
      <object_component id="oc-c2">
         <name>.text.SYSCFG_DL_init</name>
         <load_address>0x2538</load_address>
         <readonly>true</readonly>
         <executable>true</executable>
         <run_address>0x2538</run_address>
         <size>0x40</size>
         <alignment>0x4</alignment>
         <input_file_ref idref="fl-2"/>
      </object_component>
      <object_component id="oc-94">
         <name>.text</name>
         <load_address>0x2578</load_address>
         <readonly>true</readonly>
         <executable>true</executable>
         <run_address>0x2578</run_address>
         <size>0x40</size>
         <alignment>0x4</alignment>
         <input_file_ref idref="fl-13a"/>
      </object_component>
      <object_component id="oc-115">
         <name>.text.SYSCFG_DL_CTRL_TIMER_init</name>
         <load_address>0x25b8</load_address>
         <readonly>true</readonly>
         <executable>true</executable>
         <run_address>0x25b8</run_address>
         <size>0x3c</size>
         <alignment>0x4</alignment>
         <input_file_ref idref="fl-2"/>
      </object_component>
      <object_component id="oc-e1">
         <name>.text:__TI_auto_init_nobinit_nopinit</name>
         <load_address>0x25f4</load_address>
         <readonly>true</readonly>
         <executable>true</executable>
         <run_address>0x25f4</run_address>
         <size>0x3c</size>
         <alignment>0x4</alignment>
         <input_file_ref idref="fl-37"/>
      </object_component>
      <object_component id="oc-98">
         <name>.text</name>
         <load_address>0x2630</load_address>
         <readonly>true</readonly>
         <executable>true</executable>
         <run_address>0x2630</run_address>
         <size>0x3c</size>
         <alignment>0x4</alignment>
         <input_file_ref idref="fl-138"/>
      </object_component>
      <object_component id="oc-fa">
         <name>.text</name>
         <load_address>0x266c</load_address>
         <readonly>true</readonly>
         <executable>true</executable>
         <run_address>0x266c</run_address>
         <size>0x3a</size>
         <alignment>0x4</alignment>
         <input_file_ref idref="fl-13e"/>
      </object_component>
      <object_component id="oc-ac">
         <name>.text</name>
         <load_address>0x26a8</load_address>
         <readonly>true</readonly>
         <executable>true</executable>
         <run_address>0x26a8</run_address>
         <size>0x38</size>
         <alignment>0x4</alignment>
         <input_file_ref idref="fl-137"/>
      </object_component>
      <object_component id="oc-11e">
         <name>.text.delay_ms</name>
         <load_address>0x26e0</load_address>
         <readonly>true</readonly>
         <executable>true</executable>
         <run_address>0x26e0</run_address>
         <size>0x34</size>
         <alignment>0x2</alignment>
         <input_file_ref idref="fl-1"/>
      </object_component>
      <object_component id="oc-113">
         <name>.text.SYSCFG_DL_SYSCTL_init</name>
         <load_address>0x2714</load_address>
         <readonly>true</readonly>
         <executable>true</executable>
         <run_address>0x2714</run_address>
         <size>0x30</size>
         <alignment>0x4</alignment>
         <input_file_ref idref="fl-2"/>
      </object_component>
      <object_component id="oc-56">
         <name>.text:_c_int00_noargs</name>
         <load_address>0x2744</load_address>
         <readonly>true</readonly>
         <executable>true</executable>
         <run_address>0x2744</run_address>
         <size>0x28</size>
         <alignment>0x4</alignment>
         <input_file_ref idref="fl-35"/>
      </object_component>
      <object_component id="oc-14f">
         <name>.text.DL_I2C_setClockConfig</name>
         <load_address>0x276c</load_address>
         <readonly>true</readonly>
         <executable>true</executable>
         <run_address>0x276c</run_address>
         <size>0x26</size>
         <alignment>0x2</alignment>
         <input_file_ref idref="fl-16"/>
      </object_component>
      <object_component id="oc-ce">
         <name>.text.PID_Init</name>
         <load_address>0x2792</load_address>
         <readonly>true</readonly>
         <executable>true</executable>
         <run_address>0x2792</run_address>
         <size>0x24</size>
         <alignment>0x2</alignment>
         <input_file_ref idref="fl-6"/>
      </object_component>
      <object_component id="oc-149">
         <name>.text.DL_Timer_setCaptCompUpdateMethod</name>
         <load_address>0x27b8</load_address>
         <readonly>true</readonly>
         <executable>true</executable>
         <run_address>0x27b8</run_address>
         <size>0x1c</size>
         <alignment>0x4</alignment>
         <input_file_ref idref="fl-17"/>
      </object_component>
      <object_component id="oc-146">
         <name>.text.DL_Timer_setClockConfig</name>
         <load_address>0x27d4</load_address>
         <readonly>true</readonly>
         <executable>true</executable>
         <run_address>0x27d4</run_address>
         <size>0x1c</size>
         <alignment>0x4</alignment>
         <input_file_ref idref="fl-17"/>
      </object_component>
      <object_component id="oc-7b">
         <name>.text</name>
         <load_address>0x27f0</load_address>
         <readonly>true</readonly>
         <executable>true</executable>
         <run_address>0x27f0</run_address>
         <size>0x1a</size>
         <alignment>0x4</alignment>
         <input_file_ref idref="fl-13c"/>
      </object_component>
      <object_component id="oc-148">
         <name>.text.DL_Timer_setCaptureCompareOutCtl</name>
         <load_address>0x280c</load_address>
         <readonly>true</readonly>
         <executable>true</executable>
         <run_address>0x280c</run_address>
         <size>0x18</size>
         <alignment>0x4</alignment>
         <input_file_ref idref="fl-17"/>
      </object_component>
      <object_component id="oc-cf">
         <name>.text.OLED_Clear</name>
         <load_address>0x2824</load_address>
         <readonly>true</readonly>
         <executable>true</executable>
         <run_address>0x2824</run_address>
         <size>0x18</size>
         <alignment>0x4</alignment>
         <input_file_ref idref="fl-7"/>
      </object_component>
      <object_component id="oc-151">
         <name>.text.DL_UART_setClockConfig</name>
         <load_address>0x283c</load_address>
         <readonly>true</readonly>
         <executable>true</executable>
         <run_address>0x283c</run_address>
         <size>0x12</size>
         <alignment>0x2</alignment>
         <input_file_ref idref="fl-18"/>
      </object_component>
      <object_component id="oc-20">
         <name>.text:decompress:none</name>
         <load_address>0x284e</load_address>
         <readonly>true</readonly>
         <executable>true</executable>
         <run_address>0x284e</run_address>
         <size>0x12</size>
         <alignment>0x2</alignment>
         <input_file_ref idref="fl-3b"/>
      </object_component>
      <object_component id="oc-b0">
         <name>.text.DL_Timer_setCaptureCompareValue</name>
         <load_address>0x2860</load_address>
         <readonly>true</readonly>
         <executable>true</executable>
         <run_address>0x2860</run_address>
         <size>0x10</size>
         <alignment>0x4</alignment>
         <input_file_ref idref="fl-17"/>
      </object_component>
      <object_component id="oc-53">
         <name>.text:decompress:ZI</name>
         <load_address>0x2870</load_address>
         <readonly>true</readonly>
         <executable>true</executable>
         <run_address>0x2870</run_address>
         <size>0x10</size>
         <alignment>0x2</alignment>
         <input_file_ref idref="fl-3a"/>
      </object_component>
      <object_component id="oc-142">
         <name>.text.DL_Common_delayCycles</name>
         <load_address>0x2880</load_address>
         <readonly>true</readonly>
         <executable>true</executable>
         <run_address>0x2880</run_address>
         <size>0xa</size>
         <alignment>0x2</alignment>
         <input_file_ref idref="fl-15"/>
      </object_component>
      <object_component id="oc-34">
         <name>.text.GROUP1_IRQHandler</name>
         <load_address>0x288a</load_address>
         <readonly>true</readonly>
         <executable>true</executable>
         <run_address>0x288a</run_address>
         <size>0x8</size>
         <alignment>0x2</alignment>
         <input_file_ref idref="fl-5"/>
      </object_component>
      <object_component id="oc-46">
         <name>.text</name>
         <load_address>0x2894</load_address>
         <readonly>true</readonly>
         <executable>true</executable>
         <run_address>0x2894</run_address>
         <size>0x8</size>
         <alignment>0x4</alignment>
         <input_file_ref idref="fl-13b"/>
      </object_component>
      <object_component id="oc-da">
         <name>.text:abort</name>
         <load_address>0x289c</load_address>
         <readonly>true</readonly>
         <executable>true</executable>
         <run_address>0x289c</run_address>
         <size>0x6</size>
         <alignment>0x2</alignment>
         <input_file_ref idref="fl-3d"/>
      </object_component>
      <object_component id="oc-12c">
         <name>.text.HOSTexit</name>
         <load_address>0x28a2</load_address>
         <readonly>true</readonly>
         <executable>true</executable>
         <run_address>0x28a2</run_address>
         <size>0x4</size>
         <alignment>0x2</alignment>
         <input_file_ref idref="fl-133"/>
      </object_component>
      <object_component id="oc-2f">
         <name>.text.Reset_Handler</name>
         <load_address>0x28a6</load_address>
         <readonly>true</readonly>
         <executable>true</executable>
         <run_address>0x28a6</run_address>
         <size>0x4</size>
         <alignment>0x2</alignment>
         <input_file_ref idref="fl-3"/>
      </object_component>
      <object_component id="oc-7f">
         <name>.text._system_pre_init</name>
         <load_address>0x28aa</load_address>
         <readonly>true</readonly>
         <executable>true</executable>
         <run_address>0x28aa</run_address>
         <size>0x4</size>
         <alignment>0x2</alignment>
         <input_file_ref idref="fl-38"/>
      </object_component>
      <object_component id="oc-1b5">
         <name>__TI_handler_table</name>
         <load_address>0x40d8</load_address>
         <readonly>true</readonly>
         <run_address>0x40d8</run_address>
         <size>0xc</size>
         <alignment>0x4</alignment>
      </object_component>
      <object_component id="oc-1b7">
         <name>.cinit..data.load</name>
         <load_address>0x40e4</load_address>
         <readonly>true</readonly>
         <run_address>0x40e4</run_address>
         <size>0x9</size>
         <alignment>0x1</alignment>
      </object_component>
      <object_component id="oc-1b8">
         <name>.cinit..bss.load</name>
         <load_address>0x40f0</load_address>
         <readonly>true</readonly>
         <run_address>0x40f0</run_address>
         <size>0x8</size>
         <alignment>0x4</alignment>
      </object_component>
      <object_component id="oc-1b6">
         <name>__TI_cinit_table</name>
         <load_address>0x40f8</load_address>
         <readonly>true</readonly>
         <run_address>0x40f8</run_address>
         <size>0x10</size>
         <alignment>0x4</alignment>
      </object_component>
      <object_component id="oc-163">
         <name>.rodata.asc2_2412</name>
         <load_address>0x28b0</load_address>
         <readonly>true</readonly>
         <run_address>0x28b0</run_address>
         <size>0xd5c</size>
         <alignment>0x1</alignment>
         <input_file_ref idref="fl-7"/>
      </object_component>
      <object_component id="oc-164">
         <name>.rodata.asc2_1608</name>
         <load_address>0x360c</load_address>
         <readonly>true</readonly>
         <run_address>0x360c</run_address>
         <size>0x5f0</size>
         <alignment>0x1</alignment>
         <input_file_ref idref="fl-7"/>
      </object_component>
      <object_component id="oc-165">
         <name>.rodata.asc2_1206</name>
         <load_address>0x3bfc</load_address>
         <readonly>true</readonly>
         <run_address>0x3bfc</run_address>
         <size>0x474</size>
         <alignment>0x1</alignment>
         <input_file_ref idref="fl-7"/>
      </object_component>
      <object_component id="oc-14e">
         <name>.rodata.gCTRL_TIMERTimerConfig</name>
         <load_address>0x4070</load_address>
         <readonly>true</readonly>
         <run_address>0x4070</run_address>
         <size>0x14</size>
         <alignment>0x4</alignment>
         <input_file_ref idref="fl-2"/>
      </object_component>
      <object_component id="oc-159">
         <name>.rodata.gUART_CONSOLEConfig</name>
         <load_address>0x4084</load_address>
         <readonly>true</readonly>
         <run_address>0x4084</run_address>
         <size>0xa</size>
         <alignment>0x2</alignment>
         <input_file_ref idref="fl-2"/>
      </object_component>
      <object_component id="oc-15b">
         <name>.rodata.gUART_EXTConfig</name>
         <load_address>0x408e</load_address>
         <readonly>true</readonly>
         <run_address>0x408e</run_address>
         <size>0xa</size>
         <alignment>0x2</alignment>
         <input_file_ref idref="fl-2"/>
      </object_component>
      <object_component id="oc-15d">
         <name>.rodata.gUART_PBConfig</name>
         <load_address>0x4098</load_address>
         <readonly>true</readonly>
         <run_address>0x4098</run_address>
         <size>0xa</size>
         <alignment>0x2</alignment>
         <input_file_ref idref="fl-2"/>
      </object_component>
      <object_component id="oc-d3">
         <name>.rodata.str1.15159059442110792349.1</name>
         <load_address>0x40a2</load_address>
         <readonly>true</readonly>
         <run_address>0x40a2</run_address>
         <size>0x9</size>
         <alignment>0x1</alignment>
         <input_file_ref idref="fl-5"/>
      </object_component>
      <object_component id="oc-14b">
         <name>.rodata.gPWM_MOTORConfig</name>
         <load_address>0x40ac</load_address>
         <readonly>true</readonly>
         <run_address>0x40ac</run_address>
         <size>0x8</size>
         <alignment>0x4</alignment>
         <input_file_ref idref="fl-2"/>
      </object_component>
      <object_component id="oc-d4">
         <name>.rodata.str1.17100691992556644108.1</name>
         <load_address>0x40b4</load_address>
         <readonly>true</readonly>
         <run_address>0x40b4</run_address>
         <size>0x5</size>
         <alignment>0x1</alignment>
         <input_file_ref idref="fl-5"/>
      </object_component>
      <object_component id="oc-14d">
         <name>.rodata.gCTRL_TIMERClockConfig</name>
         <load_address>0x40b9</load_address>
         <readonly>true</readonly>
         <run_address>0x40b9</run_address>
         <size>0x3</size>
         <alignment>0x1</alignment>
         <input_file_ref idref="fl-2"/>
      </object_component>
      <object_component id="oc-14a">
         <name>.rodata.gPWM_MOTORClockConfig</name>
         <load_address>0x40bc</load_address>
         <readonly>true</readonly>
         <run_address>0x40bc</run_address>
         <size>0x3</size>
         <alignment>0x1</alignment>
         <input_file_ref idref="fl-2"/>
      </object_component>
      <object_component id="oc-d8">
         <name>.rodata.str1.12180500075719773345.1</name>
         <load_address>0x40bf</load_address>
         <readonly>true</readonly>
         <run_address>0x40bf</run_address>
         <size>0x3</size>
         <alignment>0x1</alignment>
         <input_file_ref idref="fl-5"/>
      </object_component>
      <object_component id="oc-d6">
         <name>.rodata.str1.18227636981041470289.1</name>
         <load_address>0x40c2</load_address>
         <readonly>true</readonly>
         <run_address>0x40c2</run_address>
         <size>0x3</size>
         <alignment>0x1</alignment>
         <input_file_ref idref="fl-5"/>
      </object_component>
      <object_component id="oc-d9">
         <name>.rodata.str1.288608917962107522.1</name>
         <load_address>0x40c5</load_address>
         <readonly>true</readonly>
         <run_address>0x40c5</run_address>
         <size>0x3</size>
         <alignment>0x1</alignment>
         <input_file_ref idref="fl-5"/>
      </object_component>
      <object_component id="oc-d5">
         <name>.rodata.str1.8154729771448623357.1</name>
         <load_address>0x40c8</load_address>
         <readonly>true</readonly>
         <run_address>0x40c8</run_address>
         <size>0x3</size>
         <alignment>0x1</alignment>
         <input_file_ref idref="fl-5"/>
      </object_component>
      <object_component id="oc-150">
         <name>.rodata.gI2C_BUSClockConfig</name>
         <load_address>0x40cb</load_address>
         <readonly>true</readonly>
         <run_address>0x40cb</run_address>
         <size>0x2</size>
         <alignment>0x1</alignment>
         <input_file_ref idref="fl-2"/>
      </object_component>
      <object_component id="oc-158">
         <name>.rodata.gUART_CONSOLEClockConfig</name>
         <load_address>0x40cd</load_address>
         <readonly>true</readonly>
         <run_address>0x40cd</run_address>
         <size>0x2</size>
         <alignment>0x1</alignment>
         <input_file_ref idref="fl-2"/>
      </object_component>
      <object_component id="oc-15a">
         <name>.rodata.gUART_EXTClockConfig</name>
         <load_address>0x40cf</load_address>
         <readonly>true</readonly>
         <run_address>0x40cf</run_address>
         <size>0x2</size>
         <alignment>0x1</alignment>
         <input_file_ref idref="fl-2"/>
      </object_component>
      <object_component id="oc-15c">
         <name>.rodata.gUART_PBClockConfig</name>
         <load_address>0x40d1</load_address>
         <readonly>true</readonly>
         <run_address>0x40d1</run_address>
         <size>0x2</size>
         <alignment>0x1</alignment>
         <input_file_ref idref="fl-2"/>
      </object_component>
      <object_component id="oc-d7">
         <name>.rodata.str1.2846389346932560359.1</name>
         <load_address>0x40d3</load_address>
         <readonly>true</readonly>
         <run_address>0x40d3</run_address>
         <size>0x2</size>
         <alignment>0x1</alignment>
         <input_file_ref idref="fl-5"/>
      </object_component>
      <object_component id="oc-17f">
         <name>.binit</name>
         <load_address>0x0</load_address>
         <readonly>true</readonly>
         <run_address>0x0</run_address>
         <size>0x0</size>
         <alignment>0x4</alignment>
      </object_component>
      <object_component id="oc-8f">
         <name>.data.g_enc_left</name>
         <load_address>0x202004f8</load_address>
         <readwrite>true</readwrite>
         <run_address>0x202004f8</run_address>
         <size>0x4</size>
         <alignment>0x4</alignment>
         <input_file_ref idref="fl-6"/>
      </object_component>
      <object_component id="oc-8e">
         <name>.data.g_enc_right</name>
         <load_address>0x202004fc</load_address>
         <readwrite>true</readwrite>
         <run_address>0x202004fc</run_address>
         <size>0x4</size>
         <alignment>0x4</alignment>
         <input_file_ref idref="fl-6"/>
      </object_component>
      <object_component id="oc-b6">
         <name>.data.g_last_left_dir</name>
         <load_address>0x20200500</load_address>
         <readwrite>true</readwrite>
         <run_address>0x20200500</run_address>
         <size>0x1</size>
         <alignment>0x1</alignment>
         <input_file_ref idref="fl-6"/>
      </object_component>
      <object_component id="oc-b7">
         <name>.data.g_last_right_dir</name>
         <load_address>0x20200501</load_address>
         <readwrite>true</readwrite>
         <run_address>0x20200501</run_address>
         <size>0x1</size>
         <alignment>0x1</alignment>
         <input_file_ref idref="fl-6"/>
      </object_component>
      <object_component id="oc-72">
         <name>.bss.g_pid</name>
         <uninitialized>true</uninitialized>
         <readwrite>true</readwrite>
         <run_address>0x202004d0</run_address>
         <size>0x1c</size>
         <alignment>0x4</alignment>
         <input_file_ref idref="fl-5"/>
      </object_component>
      <object_component id="oc-70">
         <name>.bss.g_last_steer</name>
         <uninitialized>true</uninitialized>
         <readwrite>true</readwrite>
         <run_address>0x202004f0</run_address>
         <size>0x2</size>
         <alignment>0x2</alignment>
         <input_file_ref idref="fl-5"/>
      </object_component>
      <object_component id="oc-71">
         <name>.bss.g_lost_cnt</name>
         <uninitialized>true</uninitialized>
         <readwrite>true</readwrite>
         <run_address>0x202004ec</run_address>
         <size>0x4</size>
         <alignment>0x4</alignment>
         <input_file_ref idref="fl-5"/>
      </object_component>
      <object_component id="oc-73">
         <name>.bss.g_raw</name>
         <uninitialized>true</uninitialized>
         <readwrite>true</readwrite>
         <run_address>0x202004f7</run_address>
         <size>0x1</size>
         <alignment>0x1</alignment>
         <input_file_ref idref="fl-5"/>
      </object_component>
      <object_component id="oc-74">
         <name>.bss.g_pos</name>
         <uninitialized>true</uninitialized>
         <readwrite>true</readwrite>
         <run_address>0x202004f2</run_address>
         <size>0x2</size>
         <alignment>0x2</alignment>
         <input_file_ref idref="fl-5"/>
      </object_component>
      <object_component id="oc-75">
         <name>.bss.g_steer</name>
         <uninitialized>true</uninitialized>
         <readwrite>true</readwrite>
         <run_address>0x202004f4</run_address>
         <size>0x2</size>
         <alignment>0x2</alignment>
         <input_file_ref idref="fl-5"/>
      </object_component>
      <object_component id="oc-76">
         <name>.bss.g_new_data</name>
         <uninitialized>true</uninitialized>
         <readwrite>true</readwrite>
         <run_address>0x202004f6</run_address>
         <size>0x1</size>
         <alignment>0x1</alignment>
         <input_file_ref idref="fl-5"/>
      </object_component>
      <object_component id="oc-11a">
         <name>.common:gCTRL_TIMERBackup</name>
         <uninitialized>true</uninitialized>
         <readwrite>true</readwrite>
         <run_address>0x20200400</run_address>
         <size>0xa0</size>
         <alignment>0x4</alignment>
      </object_component>
      <object_component id="oc-11b">
         <name>.common:gUART_PBBackup</name>
         <uninitialized>true</uninitialized>
         <readwrite>true</readwrite>
         <run_address>0x202004a0</run_address>
         <size>0x30</size>
         <alignment>0x4</alignment>
      </object_component>
      <object_component id="oc-128">
         <name>.common:OLED_GRAM</name>
         <uninitialized>true</uninitialized>
         <readwrite>true</readwrite>
         <run_address>0x20200000</run_address>
         <size>0x400</size>
         <alignment>0x1</alignment>
      </object_component>
      <object_component id="oc-1a">
         <name>.stack</name>
         <uninitialized>true</uninitialized>
         <readwrite>true</readwrite>
         <run_address>0x20207e00</run_address>
         <size>0x4</size>
         <alignment>0x4</alignment>
         <input_file_ref idref="fl-35"/>
      </object_component>
      <object_component id="oc-1ba">
         <name>.stack</name>
         <uninitialized>true</uninitialized>
         <readwrite>true</readwrite>
         <run_address>0x20207e00</run_address>
         <size>0x0</size>
         <alignment>0x8</alignment>
      </object_component>
      <object_component id="oc-160">
         <name>.debug_loc</name>
         <load_address>0x0</load_address>
         <run_address>0x0</run_address>
         <size>0x47</size>
         <alignment>0x1</alignment>
         <input_file_ref idref="fl-1"/>
      </object_component>
      <object_component id="oc-111">
         <name>.debug_loc</name>
         <load_address>0x47</load_address>
         <run_address>0x47</run_address>
         <size>0x2a3</size>
         <alignment>0x1</alignment>
         <input_file_ref idref="fl-2"/>
      </object_component>
      <object_component id="oc-66">
         <name>.debug_loc</name>
         <load_address>0x2ea</load_address>
         <run_address>0x2ea</run_address>
         <size>0x328</size>
         <alignment>0x1</alignment>
         <input_file_ref idref="fl-4"/>
      </object_component>
      <object_component id="oc-3a">
         <name>.debug_loc</name>
         <load_address>0x612</load_address>
         <run_address>0x612</run_address>
         <size>0x209</size>
         <alignment>0x1</alignment>
         <input_file_ref idref="fl-5"/>
      </object_component>
      <object_component id="oc-60">
         <name>.debug_loc</name>
         <load_address>0x81b</load_address>
         <run_address>0x81b</run_address>
         <size>0x23d</size>
         <alignment>0x1</alignment>
         <input_file_ref idref="fl-6"/>
      </object_component>
      <object_component id="oc-c9">
         <name>.debug_loc</name>
         <load_address>0xa58</load_address>
         <run_address>0xa58</run_address>
         <size>0x3531</size>
         <alignment>0x1</alignment>
         <input_file_ref idref="fl-7"/>
      </object_component>
      <object_component id="oc-173">
         <name>.debug_loc</name>
         <load_address>0x3f89</load_address>
         <run_address>0x3f89</run_address>
         <size>0x13</size>
         <alignment>0x1</alignment>
         <input_file_ref idref="fl-15"/>
      </object_component>
      <object_component id="oc-125">
         <name>.debug_loc</name>
         <load_address>0x3f9c</load_address>
         <run_address>0x3f9c</run_address>
         <size>0x37a</size>
         <alignment>0x1</alignment>
         <input_file_ref idref="fl-16"/>
      </object_component>
      <object_component id="oc-b2">
         <name>.debug_loc</name>
         <load_address>0x4316</load_address>
         <run_address>0x4316</run_address>
         <size>0x1a68</size>
         <alignment>0x1</alignment>
         <input_file_ref idref="fl-17"/>
      </object_component>
      <object_component id="oc-154">
         <name>.debug_loc</name>
         <load_address>0x5d7e</load_address>
         <run_address>0x5d7e</run_address>
         <size>0x7e4</size>
         <alignment>0x1</alignment>
         <input_file_ref idref="fl-18"/>
      </object_component>
      <object_component id="oc-41">
         <name>.debug_loc</name>
         <load_address>0x6562</load_address>
         <run_address>0x6562</run_address>
         <size>0xd8</size>
         <alignment>0x1</alignment>
         <input_file_ref idref="fl-35"/>
      </object_component>
      <object_component id="oc-e4">
         <name>.debug_loc</name>
         <load_address>0x663a</load_address>
         <run_address>0x663a</run_address>
         <size>0x45a</size>
         <alignment>0x1</alignment>
         <input_file_ref idref="fl-37"/>
      </object_component>
      <object_component id="oc-50">
         <name>.debug_loc</name>
         <load_address>0x6a94</load_address>
         <run_address>0x6a94</run_address>
         <size>0x16c</size>
         <alignment>0x1</alignment>
         <input_file_ref idref="fl-3a"/>
      </object_component>
      <object_component id="oc-4c">
         <name>.debug_loc</name>
         <load_address>0x6c00</load_address>
         <run_address>0x6c00</run_address>
         <size>0x6f</size>
         <alignment>0x1</alignment>
         <input_file_ref idref="fl-3b"/>
      </object_component>
      <object_component id="oc-44">
         <name>.debug_loc</name>
         <load_address>0x6c6f</load_address>
         <run_address>0x6c6f</run_address>
         <size>0x172</size>
         <alignment>0x1</alignment>
         <input_file_ref idref="fl-3c"/>
      </object_component>
      <object_component id="oc-e0">
         <name>.debug_loc</name>
         <load_address>0x6de1</load_address>
         <run_address>0x6de1</run_address>
         <size>0x26</size>
         <alignment>0x1</alignment>
         <input_file_ref idref="fl-3d"/>
      </object_component>
      <object_component id="oc-13e">
         <name>.debug_loc</name>
         <load_address>0x6e07</load_address>
         <run_address>0x6e07</run_address>
         <size>0x20</size>
         <alignment>0x1</alignment>
         <input_file_ref idref="fl-13f"/>
      </object_component>
      <object_component id="oc-15e">
         <name>.debug_abbrev</name>
         <load_address>0x0</load_address>
         <run_address>0x0</run_address>
         <size>0x72</size>
         <alignment>0x1</alignment>
         <input_file_ref idref="fl-1"/>
      </object_component>
      <object_component id="oc-11c">
         <name>.debug_abbrev</name>
         <load_address>0x72</load_address>
         <run_address>0x72</run_address>
         <size>0x213</size>
         <alignment>0x1</alignment>
         <input_file_ref idref="fl-2"/>
      </object_component>
      <object_component id="oc-3b">
         <name>.debug_abbrev</name>
         <load_address>0x285</load_address>
         <run_address>0x285</run_address>
         <size>0x6d</size>
         <alignment>0x1</alignment>
         <input_file_ref idref="fl-3"/>
      </object_component>
      <object_component id="oc-92">
         <name>.debug_abbrev</name>
         <load_address>0x2f2</load_address>
         <run_address>0x2f2</run_address>
         <size>0x13e</size>
         <alignment>0x1</alignment>
         <input_file_ref idref="fl-4"/>
      </object_component>
      <object_component id="oc-63">
         <name>.debug_abbrev</name>
         <load_address>0x430</load_address>
         <run_address>0x430</run_address>
         <size>0x1c4</size>
         <alignment>0x1</alignment>
         <input_file_ref idref="fl-5"/>
      </object_component>
      <object_component id="oc-90">
         <name>.debug_abbrev</name>
         <load_address>0x5f4</load_address>
         <run_address>0x5f4</run_address>
         <size>0x234</size>
         <alignment>0x1</alignment>
         <input_file_ref idref="fl-6"/>
      </object_component>
      <object_component id="oc-129">
         <name>.debug_abbrev</name>
         <load_address>0x828</load_address>
         <run_address>0x828</run_address>
         <size>0x25d</size>
         <alignment>0x1</alignment>
         <input_file_ref idref="fl-7"/>
      </object_component>
      <object_component id="oc-171">
         <name>.debug_abbrev</name>
         <load_address>0xa85</load_address>
         <run_address>0xa85</run_address>
         <size>0x62</size>
         <alignment>0x1</alignment>
         <input_file_ref idref="fl-15"/>
      </object_component>
      <object_component id="oc-161">
         <name>.debug_abbrev</name>
         <load_address>0xae7</load_address>
         <run_address>0xae7</run_address>
         <size>0x1e7</size>
         <alignment>0x1</alignment>
         <input_file_ref idref="fl-16"/>
      </object_component>
      <object_component id="oc-107">
         <name>.debug_abbrev</name>
         <load_address>0xcce</load_address>
         <run_address>0xcce</run_address>
         <size>0x286</size>
         <alignment>0x1</alignment>
         <input_file_ref idref="fl-17"/>
      </object_component>
      <object_component id="oc-174">
         <name>.debug_abbrev</name>
         <load_address>0xf54</load_address>
         <run_address>0xf54</run_address>
         <size>0x29b</size>
         <alignment>0x1</alignment>
         <input_file_ref idref="fl-18"/>
      </object_component>
      <object_component id="oc-3d">
         <name>.debug_abbrev</name>
         <load_address>0x11ef</load_address>
         <run_address>0x11ef</run_address>
         <size>0xaf</size>
         <alignment>0x1</alignment>
         <input_file_ref idref="fl-35"/>
      </object_component>
      <object_component id="oc-136">
         <name>.debug_abbrev</name>
         <load_address>0x129e</load_address>
         <run_address>0x129e</run_address>
         <size>0x172</size>
         <alignment>0x1</alignment>
         <input_file_ref idref="fl-37"/>
      </object_component>
      <object_component id="oc-c0">
         <name>.debug_abbrev</name>
         <load_address>0x1410</load_address>
         <run_address>0x1410</run_address>
         <size>0x39</size>
         <alignment>0x1</alignment>
         <input_file_ref idref="fl-38"/>
      </object_component>
      <object_component id="oc-79">
         <name>.debug_abbrev</name>
         <load_address>0x1449</load_address>
         <run_address>0x1449</run_address>
         <size>0xc2</size>
         <alignment>0x1</alignment>
         <input_file_ref idref="fl-3a"/>
      </object_component>
      <object_component id="oc-4a">
         <name>.debug_abbrev</name>
         <load_address>0x150b</load_address>
         <run_address>0x150b</run_address>
         <size>0x70</size>
         <alignment>0x1</alignment>
         <input_file_ref idref="fl-3b"/>
      </object_component>
      <object_component id="oc-42">
         <name>.debug_abbrev</name>
         <load_address>0x157b</load_address>
         <run_address>0x157b</run_address>
         <size>0x8d</size>
         <alignment>0x1</alignment>
         <input_file_ref idref="fl-3c"/>
      </object_component>
      <object_component id="oc-130">
         <name>.debug_abbrev</name>
         <load_address>0x1608</load_address>
         <run_address>0x1608</run_address>
         <size>0x98</size>
         <alignment>0x1</alignment>
         <input_file_ref idref="fl-3d"/>
      </object_component>
      <object_component id="oc-166">
         <name>.debug_abbrev</name>
         <load_address>0x16a0</load_address>
         <run_address>0x16a0</run_address>
         <size>0x2c</size>
         <alignment>0x1</alignment>
         <input_file_ref idref="fl-133"/>
      </object_component>
      <object_component id="oc-ff">
         <name>.debug_abbrev</name>
         <load_address>0x16cc</load_address>
         <run_address>0x16cc</run_address>
         <size>0x27</size>
         <alignment>0x1</alignment>
         <input_file_ref idref="fl-134"/>
      </object_component>
      <object_component id="oc-fe">
         <name>.debug_abbrev</name>
         <load_address>0x16f3</load_address>
         <run_address>0x16f3</run_address>
         <size>0x27</size>
         <alignment>0x1</alignment>
         <input_file_ref idref="fl-135"/>
      </object_component>
      <object_component id="oc-105">
         <name>.debug_abbrev</name>
         <load_address>0x171a</load_address>
         <run_address>0x171a</run_address>
         <size>0x27</size>
         <alignment>0x1</alignment>
         <input_file_ref idref="fl-136"/>
      </object_component>
      <object_component id="oc-106">
         <name>.debug_abbrev</name>
         <load_address>0x1741</load_address>
         <run_address>0x1741</run_address>
         <size>0x27</size>
         <alignment>0x1</alignment>
         <input_file_ref idref="fl-137"/>
      </object_component>
      <object_component id="oc-f9">
         <name>.debug_abbrev</name>
         <load_address>0x1768</load_address>
         <run_address>0x1768</run_address>
         <size>0x27</size>
         <alignment>0x1</alignment>
         <input_file_ref idref="fl-138"/>
      </object_component>
      <object_component id="oc-104">
         <name>.debug_abbrev</name>
         <load_address>0x178f</load_address>
         <run_address>0x178f</run_address>
         <size>0x27</size>
         <alignment>0x1</alignment>
         <input_file_ref idref="fl-139"/>
      </object_component>
      <object_component id="oc-f8">
         <name>.debug_abbrev</name>
         <load_address>0x17b6</load_address>
         <run_address>0x17b6</run_address>
         <size>0x27</size>
         <alignment>0x1</alignment>
         <input_file_ref idref="fl-13a"/>
      </object_component>
      <object_component id="oc-78">
         <name>.debug_abbrev</name>
         <load_address>0x17dd</load_address>
         <run_address>0x17dd</run_address>
         <size>0x27</size>
         <alignment>0x1</alignment>
         <input_file_ref idref="fl-13b"/>
      </object_component>
      <object_component id="oc-bf">
         <name>.debug_abbrev</name>
         <load_address>0x1804</load_address>
         <run_address>0x1804</run_address>
         <size>0x27</size>
         <alignment>0x1</alignment>
         <input_file_ref idref="fl-13c"/>
      </object_component>
      <object_component id="oc-140">
         <name>.debug_abbrev</name>
         <load_address>0x182b</load_address>
         <run_address>0x182b</run_address>
         <size>0x27</size>
         <alignment>0x1</alignment>
         <input_file_ref idref="fl-13d"/>
      </object_component>
      <object_component id="oc-13f">
         <name>.debug_abbrev</name>
         <load_address>0x1852</load_address>
         <run_address>0x1852</run_address>
         <size>0x27</size>
         <alignment>0x1</alignment>
         <input_file_ref idref="fl-13e"/>
      </object_component>
      <object_component id="oc-13c">
         <name>.debug_abbrev</name>
         <load_address>0x1879</load_address>
         <run_address>0x1879</run_address>
         <size>0x59</size>
         <alignment>0x1</alignment>
         <input_file_ref idref="fl-13f"/>
      </object_component>
      <object_component id="oc-109">
         <name>.debug_abbrev</name>
         <load_address>0x18d2</load_address>
         <run_address>0x18d2</run_address>
         <size>0x25</size>
         <alignment>0x1</alignment>
         <input_file_ref idref="fl-140"/>
      </object_component>
      <object_component id="oc-141">
         <name>.debug_abbrev</name>
         <load_address>0x18f7</load_address>
         <run_address>0x18f7</run_address>
         <size>0x25</size>
         <alignment>0x1</alignment>
         <input_file_ref idref="fl-141"/>
      </object_component>
      <object_component id="oc-1bc">
         <name>.debug_abbrev</name>
         <load_address>0x191c</load_address>
         <run_address>0x191c</run_address>
         <size>0xf</size>
         <alignment>0x0</alignment>
      </object_component>
      <object_component id="oc-11f">
         <name>.debug_info</name>
         <load_address>0x0</load_address>
         <run_address>0x0</run_address>
         <size>0x95</size>
         <alignment>0x1</alignment>
         <input_file_ref idref="fl-1"/>
      </object_component>
      <object_component id="oc-c3">
         <name>.debug_info</name>
         <load_address>0x95</load_address>
         <run_address>0x95</run_address>
         <size>0x3c70</size>
         <alignment>0x1</alignment>
         <input_file_ref idref="fl-2"/>
      </object_component>
      <object_component id="oc-19">
         <name>.debug_info</name>
         <load_address>0x3d05</load_address>
         <run_address>0x3d05</run_address>
         <size>0x80</size>
         <alignment>0x1</alignment>
         <input_file_ref idref="fl-3"/>
      </object_component>
      <object_component id="oc-6a">
         <name>.debug_info</name>
         <load_address>0x3d85</load_address>
         <run_address>0x3d85</run_address>
         <size>0x8ba</size>
         <alignment>0x1</alignment>
         <input_file_ref idref="fl-4"/>
      </object_component>
      <object_component id="oc-38">
         <name>.debug_info</name>
         <load_address>0x463f</load_address>
         <run_address>0x463f</run_address>
         <size>0xd8a</size>
         <alignment>0x1</alignment>
         <input_file_ref idref="fl-5"/>
      </object_component>
      <object_component id="oc-5e">
         <name>.debug_info</name>
         <load_address>0x53c9</load_address>
         <run_address>0x53c9</run_address>
         <size>0x1461</size>
         <alignment>0x1</alignment>
         <input_file_ref idref="fl-6"/>
      </object_component>
      <object_component id="oc-cb">
         <name>.debug_info</name>
         <load_address>0x682a</load_address>
         <run_address>0x682a</run_address>
         <size>0x4000</size>
         <alignment>0x1</alignment>
         <input_file_ref idref="fl-7"/>
      </object_component>
      <object_component id="oc-143">
         <name>.debug_info</name>
         <load_address>0xa82a</load_address>
         <run_address>0xa82a</run_address>
         <size>0x75</size>
         <alignment>0x1</alignment>
         <input_file_ref idref="fl-15"/>
      </object_component>
      <object_component id="oc-126">
         <name>.debug_info</name>
         <load_address>0xa89f</load_address>
         <run_address>0xa89f</run_address>
         <size>0xcd0</size>
         <alignment>0x1</alignment>
         <input_file_ref idref="fl-16"/>
      </object_component>
      <object_component id="oc-b4">
         <name>.debug_info</name>
         <load_address>0xb56f</load_address>
         <run_address>0xb56f</run_address>
         <size>0x32ed</size>
         <alignment>0x1</alignment>
         <input_file_ref idref="fl-17"/>
      </object_component>
      <object_component id="oc-155">
         <name>.debug_info</name>
         <load_address>0xe85c</load_address>
         <run_address>0xe85c</run_address>
         <size>0x12cf</size>
         <alignment>0x1</alignment>
         <input_file_ref idref="fl-18"/>
      </object_component>
      <object_component id="oc-1b">
         <name>.debug_info</name>
         <load_address>0xfb2b</load_address>
         <run_address>0xfb2b</run_address>
         <size>0x423</size>
         <alignment>0x1</alignment>
         <input_file_ref idref="fl-35"/>
      </object_component>
      <object_component id="oc-e3">
         <name>.debug_info</name>
         <load_address>0xff4e</load_address>
         <run_address>0xff4e</run_address>
         <size>0x796</size>
         <alignment>0x1</alignment>
         <input_file_ref idref="fl-37"/>
      </object_component>
      <object_component id="oc-82">
         <name>.debug_info</name>
         <load_address>0x106e4</load_address>
         <run_address>0x106e4</run_address>
         <size>0x46</size>
         <alignment>0x1</alignment>
         <input_file_ref idref="fl-38"/>
      </object_component>
      <object_component id="oc-51">
         <name>.debug_info</name>
         <load_address>0x1072a</load_address>
         <run_address>0x1072a</run_address>
         <size>0x192</size>
         <alignment>0x1</alignment>
         <input_file_ref idref="fl-3a"/>
      </object_component>
      <object_component id="oc-23">
         <name>.debug_info</name>
         <load_address>0x108bc</load_address>
         <run_address>0x108bc</run_address>
         <size>0xc6</size>
         <alignment>0x1</alignment>
         <input_file_ref idref="fl-3b"/>
      </object_component>
      <object_component id="oc-1d">
         <name>.debug_info</name>
         <load_address>0x10982</load_address>
         <run_address>0x10982</run_address>
         <size>0x17c</size>
         <alignment>0x1</alignment>
         <input_file_ref idref="fl-3c"/>
      </object_component>
      <object_component id="oc-dc">
         <name>.debug_info</name>
         <load_address>0x10afe</load_address>
         <run_address>0x10afe</run_address>
         <size>0xf8</size>
         <alignment>0x1</alignment>
         <input_file_ref idref="fl-3d"/>
      </object_component>
      <object_component id="oc-12d">
         <name>.debug_info</name>
         <load_address>0x10bf6</load_address>
         <run_address>0x10bf6</run_address>
         <size>0x3b</size>
         <alignment>0x1</alignment>
         <input_file_ref idref="fl-133"/>
      </object_component>
      <object_component id="oc-a2">
         <name>.debug_info</name>
         <load_address>0x10c31</load_address>
         <run_address>0x10c31</run_address>
         <size>0x19e</size>
         <alignment>0x1</alignment>
         <input_file_ref idref="fl-134"/>
      </object_component>
      <object_component id="oc-9d">
         <name>.debug_info</name>
         <load_address>0x10dcf</load_address>
         <run_address>0x10dcf</run_address>
         <size>0x184</size>
         <alignment>0x1</alignment>
         <input_file_ref idref="fl-135"/>
      </object_component>
      <object_component id="oc-aa">
         <name>.debug_info</name>
         <load_address>0x10f53</load_address>
         <run_address>0x10f53</run_address>
         <size>0x184</size>
         <alignment>0x1</alignment>
         <input_file_ref idref="fl-136"/>
      </object_component>
      <object_component id="oc-ad">
         <name>.debug_info</name>
         <load_address>0x110d7</load_address>
         <run_address>0x110d7</run_address>
         <size>0x186</size>
         <alignment>0x1</alignment>
         <input_file_ref idref="fl-137"/>
      </object_component>
      <object_component id="oc-9b">
         <name>.debug_info</name>
         <load_address>0x1125d</load_address>
         <run_address>0x1125d</run_address>
         <size>0x18a</size>
         <alignment>0x1</alignment>
         <input_file_ref idref="fl-138"/>
      </object_component>
      <object_component id="oc-a5">
         <name>.debug_info</name>
         <load_address>0x113e7</load_address>
         <run_address>0x113e7</run_address>
         <size>0x20e</size>
         <alignment>0x1</alignment>
         <input_file_ref idref="fl-139"/>
      </object_component>
      <object_component id="oc-97">
         <name>.debug_info</name>
         <load_address>0x115f5</load_address>
         <run_address>0x115f5</run_address>
         <size>0x1b3</size>
         <alignment>0x1</alignment>
         <input_file_ref idref="fl-13a"/>
      </object_component>
      <object_component id="oc-47">
         <name>.debug_info</name>
         <load_address>0x117a8</load_address>
         <run_address>0x117a8</run_address>
         <size>0x190</size>
         <alignment>0x1</alignment>
         <input_file_ref idref="fl-13b"/>
      </object_component>
      <object_component id="oc-7e">
         <name>.debug_info</name>
         <load_address>0x11938</load_address>
         <run_address>0x11938</run_address>
         <size>0x1b0</size>
         <alignment>0x1</alignment>
         <input_file_ref idref="fl-13c"/>
      </object_component>
      <object_component id="oc-101">
         <name>.debug_info</name>
         <load_address>0x11ae8</load_address>
         <run_address>0x11ae8</run_address>
         <size>0x1bc</size>
         <alignment>0x1</alignment>
         <input_file_ref idref="fl-13d"/>
      </object_component>
      <object_component id="oc-fd">
         <name>.debug_info</name>
         <load_address>0x11ca4</load_address>
         <run_address>0x11ca4</run_address>
         <size>0x186</size>
         <alignment>0x1</alignment>
         <input_file_ref idref="fl-13e"/>
      </object_component>
      <object_component id="oc-f5">
         <name>.debug_info</name>
         <load_address>0x11e2a</load_address>
         <run_address>0x11e2a</run_address>
         <size>0x85</size>
         <alignment>0x1</alignment>
         <input_file_ref idref="fl-13f"/>
      </object_component>
      <object_component id="oc-b9">
         <name>.debug_info</name>
         <load_address>0x11eaf</load_address>
         <run_address>0x11eaf</run_address>
         <size>0x2f3</size>
         <alignment>0x1</alignment>
         <input_file_ref idref="fl-140"/>
      </object_component>
      <object_component id="oc-10e">
         <name>.debug_info</name>
         <load_address>0x121a2</load_address>
         <run_address>0x121a2</run_address>
         <size>0x23d</size>
         <alignment>0x1</alignment>
         <input_file_ref idref="fl-141"/>
      </object_component>
      <object_component id="oc-1bb">
         <name>.debug_info</name>
         <load_address>0x123df</load_address>
         <run_address>0x123df</run_address>
         <size>0x9e</size>
         <alignment>0x0</alignment>
      </object_component>
      <object_component id="oc-15f">
         <name>.debug_str</name>
         <load_address>0x0</load_address>
         <run_address>0x0</run_address>
         <size>0xe2</size>
         <alignment>0x1</alignment>
         <input_file_ref idref="fl-1"/>
      </object_component>
      <object_component id="oc-11d">
         <name>.debug_str</name>
         <load_address>0xe2</load_address>
         <run_address>0xe2</run_address>
         <size>0x2b26</size>
         <alignment>0x1</alignment>
         <input_file_ref idref="fl-2"/>
      </object_component>
      <object_component id="oc-3c">
         <name>.debug_str</name>
         <load_address>0x2c08</load_address>
         <run_address>0x2c08</run_address>
         <size>0x15b</size>
         <alignment>0x1</alignment>
         <input_file_ref idref="fl-3"/>
      </object_component>
      <object_component id="oc-93">
         <name>.debug_str</name>
         <load_address>0x2d63</load_address>
         <run_address>0x2d63</run_address>
         <size>0x4f5</size>
         <alignment>0x1</alignment>
         <input_file_ref idref="fl-4"/>
      </object_component>
      <object_component id="oc-64">
         <name>.debug_str</name>
         <load_address>0x3258</load_address>
         <run_address>0x3258</run_address>
         <size>0x9ae</size>
         <alignment>0x1</alignment>
         <input_file_ref idref="fl-5"/>
      </object_component>
      <object_component id="oc-91">
         <name>.debug_str</name>
         <load_address>0x3c06</load_address>
         <run_address>0x3c06</run_address>
         <size>0xb2b</size>
         <alignment>0x1</alignment>
         <input_file_ref idref="fl-6"/>
      </object_component>
      <object_component id="oc-12a">
         <name>.debug_str</name>
         <load_address>0x4731</load_address>
         <run_address>0x4731</run_address>
         <size>0x634</size>
         <alignment>0x1</alignment>
         <input_file_ref idref="fl-7"/>
      </object_component>
      <object_component id="oc-172">
         <name>.debug_str</name>
         <load_address>0x4d65</load_address>
         <run_address>0x4d65</run_address>
         <size>0x16d</size>
         <alignment>0x1</alignment>
         <input_file_ref idref="fl-15"/>
      </object_component>
      <object_component id="oc-162">
         <name>.debug_str</name>
         <load_address>0x4ed2</load_address>
         <run_address>0x4ed2</run_address>
         <size>0x8af</size>
         <alignment>0x1</alignment>
         <input_file_ref idref="fl-16"/>
      </object_component>
      <object_component id="oc-108">
         <name>.debug_str</name>
         <load_address>0x5781</load_address>
         <run_address>0x5781</run_address>
         <size>0x1fe1</size>
         <alignment>0x1</alignment>
         <input_file_ref idref="fl-17"/>
      </object_component>
      <object_component id="oc-175">
         <name>.debug_str</name>
         <load_address>0x7762</load_address>
         <run_address>0x7762</run_address>
         <size>0xcf2</size>
         <alignment>0x1</alignment>
         <input_file_ref idref="fl-18"/>
      </object_component>
      <object_component id="oc-3e">
         <name>.debug_str</name>
         <load_address>0x8454</load_address>
         <run_address>0x8454</run_address>
         <size>0x21e</size>
         <alignment>0x1</alignment>
         <input_file_ref idref="fl-35"/>
      </object_component>
      <object_component id="oc-137">
         <name>.debug_str</name>
         <load_address>0x8672</load_address>
         <run_address>0x8672</run_address>
         <size>0x328</size>
         <alignment>0x1</alignment>
         <input_file_ref idref="fl-37"/>
      </object_component>
      <object_component id="oc-c1">
         <name>.debug_str</name>
         <load_address>0x899a</load_address>
         <run_address>0x899a</run_address>
         <size>0xee</size>
         <alignment>0x1</alignment>
         <input_file_ref idref="fl-38"/>
      </object_component>
      <object_component id="oc-7a">
         <name>.debug_str</name>
         <load_address>0x8a88</load_address>
         <run_address>0x8a88</run_address>
         <size>0x194</size>
         <alignment>0x1</alignment>
         <input_file_ref idref="fl-3a"/>
      </object_component>
      <object_component id="oc-4b">
         <name>.debug_str</name>
         <load_address>0x8c1c</load_address>
         <run_address>0x8c1c</run_address>
         <size>0x161</size>
         <alignment>0x1</alignment>
         <input_file_ref idref="fl-3b"/>
      </object_component>
      <object_component id="oc-43">
         <name>.debug_str</name>
         <load_address>0x8d7d</load_address>
         <run_address>0x8d7d</run_address>
         <size>0x1ce</size>
         <alignment>0x1</alignment>
         <input_file_ref idref="fl-3c"/>
      </object_component>
      <object_component id="oc-131">
         <name>.debug_str</name>
         <load_address>0x8f4b</load_address>
         <run_address>0x8f4b</run_address>
         <size>0x141</size>
         <alignment>0x1</alignment>
         <input_file_ref idref="fl-3d"/>
      </object_component>
      <object_component id="oc-167">
         <name>.debug_str</name>
         <load_address>0x908c</load_address>
         <run_address>0x908c</run_address>
         <size>0xe2</size>
         <alignment>0x1</alignment>
         <input_file_ref idref="fl-133"/>
      </object_component>
      <object_component id="oc-13d">
         <name>.debug_str</name>
         <load_address>0x916e</load_address>
         <run_address>0x916e</run_address>
         <size>0x18a</size>
         <alignment>0x1</alignment>
         <input_file_ref idref="fl-13f"/>
      </object_component>
      <object_component id="oc-121">
         <name>.debug_frame</name>
         <load_address>0x0</load_address>
         <run_address>0x0</run_address>
         <size>0x24</size>
         <alignment>0x4</alignment>
         <input_file_ref idref="fl-1"/>
      </object_component>
      <object_component id="oc-c4">
         <name>.debug_frame</name>
         <load_address>0x24</load_address>
         <run_address>0x24</run_address>
         <size>0x13c</size>
         <alignment>0x4</alignment>
         <input_file_ref idref="fl-2"/>
      </object_component>
      <object_component id="oc-30">
         <name>.debug_frame</name>
         <load_address>0x160</load_address>
         <run_address>0x160</run_address>
         <size>0x30</size>
         <alignment>0x4</alignment>
         <input_file_ref idref="fl-3"/>
      </object_component>
      <object_component id="oc-69">
         <name>.debug_frame</name>
         <load_address>0x190</load_address>
         <run_address>0x190</run_address>
         <size>0x50</size>
         <alignment>0x4</alignment>
         <input_file_ref idref="fl-4"/>
[...]
         <object_component_ref idref="oc-119"/>
      </symbol>
      <symbol id="sm-81">
         <name>gCTRL_TIMERBackup</name>
         <value>0x20200400</value>
      </symbol>
      <symbol id="sm-82">
         <name>gUART_PBBackup</name>
         <value>0x202004a0</value>
      </symbol>
      <symbol id="sm-8d">
         <name>Default_Handler</name>
         <value>0xe4f</value>
         <object_component_ref idref="oc-33"/>
      </symbol>
      <symbol id="sm-8e">
         <name>Reset_Handler</name>
         <value>0x28a7</value>
         <object_component_ref idref="oc-2f"/>
      </symbol>
      <symbol id="sm-8f">
         <name>interruptVectors</name>
         <value>0x0</value>
         <object_component_ref idref="oc-18"/>
      </symbol>
      <symbol id="sm-90">
         <name>NMI_Handler</name>
         <value>0xe4f</value>
         <object_component_ref idref="oc-33"/>
      </symbol>
      <symbol id="sm-91">
         <name>HardFault_Handler</name>
         <value>0xe4f</value>
         <object_component_ref idref="oc-33"/>
      </symbol>
      <symbol id="sm-92">
         <name>SVC_Handler</name>
         <value>0xe4f</value>
         <object_component_ref idref="oc-33"/>
      </symbol>
      <symbol id="sm-93">
         <name>PendSV_Handler</name>
         <value>0xe4f</value>
         <object_component_ref idref="oc-33"/>
      </symbol>
      <symbol id="sm-94">
         <name>SysTick_Handler</name>
         <value>0xe4f</value>
         <object_component_ref idref="oc-33"/>
      </symbol>
      <symbol id="sm-95">
         <name>GROUP0_IRQHandler</name>
         <value>0xe4f</value>
         <object_component_ref idref="oc-33"/>
      </symbol>
      <symbol id="sm-96">
         <name>TIMG8_IRQHandler</name>
         <value>0xe4f</value>
         <object_component_ref idref="oc-33"/>
      </symbol>
      <symbol id="sm-97">
         <name>UART3_IRQHandler</name>
         <value>0xe4f</value>
         <object_component_ref idref="oc-33"/>
      </symbol>
      <symbol id="sm-98">
         <name>ADC0_IRQHandler</name>
         <value>0xe4f</value>
         <object_component_ref idref="oc-33"/>
      </symbol>
      <symbol id="sm-99">
         <name>ADC1_IRQHandler</name>
         <value>0xe4f</value>
         <object_component_ref idref="oc-33"/>
      </symbol>
      <symbol id="sm-9a">
         <name>CANFD0_IRQHandler</name>
         <value>0xe4f</value>
         <object_component_ref idref="oc-33"/>
      </symbol>
      <symbol id="sm-9b">
         <name>DAC0_IRQHandler</name>
         <value>0xe4f</value>
         <object_component_ref idref="oc-33"/>
      </symbol>
      <symbol id="sm-9c">
         <name>SPI0_IRQHandler</name>
         <value>0xe4f</value>
         <object_component_ref idref="oc-33"/>
      </symbol>
      <symbol id="sm-9d">
         <name>SPI1_IRQHandler</name>
         <value>0xe4f</value>
         <object_component_ref idref="oc-33"/>
      </symbol>
      <symbol id="sm-9e">
         <name>UART1_IRQHandler</name>
         <value>0xe4f</value>
         <object_component_ref idref="oc-33"/>
      </symbol>
      <symbol id="sm-9f">
         <name>UART2_IRQHandler</name>
         <value>0xe4f</value>
         <object_component_ref idref="oc-33"/>
      </symbol>
      <symbol id="sm-a0">
         <name>UART0_IRQHandler</name>
         <value>0xe4f</value>
         <object_component_ref idref="oc-33"/>
      </symbol>
      <symbol id="sm-a1">
         <name>TIMG0_IRQHandler</name>
         <value>0xe4f</value>
         <object_component_ref idref="oc-33"/>
      </symbol>
      <symbol id="sm-a2">
         <name>TIMA0_IRQHandler</name>
         <value>0xe4f</value>
         <object_component_ref idref="oc-33"/>
      </symbol>
      <symbol id="sm-a3">
         <name>TIMA1_IRQHandler</name>
         <value>0xe4f</value>
         <object_component_ref idref="oc-33"/>
      </symbol>
      <symbol id="sm-a4">
         <name>TIMG7_IRQHandler</name>
         <value>0xe4f</value>
         <object_component_ref idref="oc-33"/>
      </symbol>
      <symbol id="sm-a5">
         <name>TIMG12_IRQHandler</name>
         <value>0xe4f</value>
         <object_component_ref idref="oc-33"/>
      </symbol>
      <symbol id="sm-a6">
         <name>I2C0_IRQHandler</name>
         <value>0xe4f</value>
         <object_component_ref idref="oc-33"/>
      </symbol>
      <symbol id="sm-a7">
         <name>I2C1_IRQHandler</name>
         <value>0xe4f</value>
         <object_component_ref idref="oc-33"/>
      </symbol>
      <symbol id="sm-a8">
         <name>AES_IRQHandler</name>
         <value>0xe4f</value>
         <object_component_ref idref="oc-33"/>
      </symbol>
      <symbol id="sm-a9">
         <name>RTC_IRQHandler</name>
         <value>0xe4f</value>
         <object_component_ref idref="oc-33"/>
      </symbol>
      <symbol id="sm-aa">
         <name>DMA_IRQHandler</name>
         <value>0xe4f</value>
         <object_component_ref idref="oc-33"/>
      </symbol>
      <symbol id="sm-b8">
         <name>GraySensor_Read</name>
         <value>0x14d1</value>
         <object_component_ref idref="oc-65"/>
      </symbol>
      <symbol id="sm-b9">
         <name>GraySensor_GetPosition</name>
         <value>0x1ba5</value>
         <object_component_ref idref="oc-6b"/>
      </symbol>
      <symbol id="sm-de">
         <name>TIMG6_IRQHandler</name>
         <value>0x1ae9</value>
         <object_component_ref idref="oc-39"/>
      </symbol>
      <symbol id="sm-df">
         <name>GROUP1_IRQHandler</name>
         <value>0x288b</value>
         <object_component_ref idref="oc-34"/>
      </symbol>
      <symbol id="sm-e0">
         <name>main</name>
         <value>0x10a5</value>
         <object_component_ref idref="oc-83"/>
      </symbol>
      <symbol id="sm-100">
         <name>Motor_Init</name>
         <value>0x1ffd</value>
         <object_component_ref idref="oc-c7"/>
      </symbol>
      <symbol id="sm-101">
         <name>g_enc_left</name>
         <value>0x202004f8</value>
         <object_component_ref idref="oc-8f"/>
      </symbol>
      <symbol id="sm-102">
         <name>g_enc_right</name>
         <value>0x202004fc</value>
         <object_component_ref idref="oc-8e"/>
      </symbol>
      <symbol id="sm-103">
         <name>Motor_Stop</name>
         <value>0x21b1</value>
         <object_component_ref idref="oc-6d"/>
      </symbol>
      <symbol id="sm-104">
         <name>Motor_SetLeftSpeed</name>
         <value>0x206d</value>
         <object_component_ref idref="oc-6e"/>
      </symbol>
      <symbol id="sm-105">
         <name>Motor_SetRightSpeed</name>
         <value>0x1f85</value>
         <object_component_ref idref="oc-6f"/>
      </symbol>
      <symbol id="sm-106">
         <name>Encoder_ISR</name>
         <value>0x2449</value>
         <object_component_ref idref="oc-5d"/>
      </symbol>
      <symbol id="sm-107">
         <name>PID_Init</name>
         <value>0x2793</value>
         <object_component_ref idref="oc-ce"/>
      </symbol>
      <symbol id="sm-108">
         <name>PID_Compute</name>
         <value>0x1935</value>
         <object_component_ref idref="oc-6c"/>
      </symbol>
      <symbol id="sm-124">
         <name>OLED_Refresh</name>
         <value>0xe51</value>
         <object_component_ref idref="oc-d1"/>
      </symbol>
      <symbol id="sm-125">
         <name>OLED_GRAM</name>
         <value>0x20200000</value>
      </symbol>
      <symbol id="sm-126">
         <name>OLED_Clear</name>
         <value>0x2825</value>
         <object_component_ref idref="oc-cf"/>
      </symbol>
      <symbol id="sm-127">
         <name>OLED_ShowChar</name>
         <value>0x12c5</value>
         <object_component_ref idref="oc-12b"/>
      </symbol>
      <symbol id="sm-128">
         <name>asc2_2412</name>
         <value>0x28b0</value>
         <object_component_ref idref="oc-163"/>
      </symbol>
      <symbol id="sm-129">
         <name>asc2_1608</name>
         <value>0x360c</value>
         <object_component_ref idref="oc-164"/>
      </symbol>
      <symbol id="sm-12a">
         <name>asc2_1206</name>
         <value>0x3bfc</value>
         <object_component_ref idref="oc-165"/>
      </symbol>
      <symbol id="sm-12b">
         <name>OLED_ShowString</name>
         <value>0x238f</value>
         <object_component_ref idref="oc-d0"/>
      </symbol>
      <symbol id="sm-12c">
         <name>OLED_ShowNum</name>
         <value>0xabd</value>
         <object_component_ref idref="oc-d2"/>
      </symbol>
      <symbol id="sm-12d">
         <name>OLED_Init</name>
         <value>0xc1</value>
         <object_component_ref idref="oc-c8"/>
      </symbol>
      <symbol id="sm-12e">
         <name>__TI_ATRegion0_src_addr</name>
         <value>0x0</value>
      </symbol>
      <symbol id="sm-12f">
         <name>__TI_ATRegion0_trg_addr</name>
         <value>0x0</value>
      </symbol>
      <symbol id="sm-130">
         <name>__TI_ATRegion0_region_sz</name>
         <value>0x0</value>
      </symbol>
      <symbol id="sm-131">
         <name>__TI_ATRegion1_src_addr</name>
         <value>0x0</value>
      </symbol>
      <symbol id="sm-132">
         <name>__TI_ATRegion1_trg_addr</name>
         <value>0x0</value>
      </symbol>
      <symbol id="sm-133">
         <name>__TI_ATRegion1_region_sz</name>
         <value>0x0</value>
      </symbol>
      <symbol id="sm-134">
         <name>__TI_ATRegion2_src_addr</name>
         <value>0x0</value>
      </symbol>
      <symbol id="sm-135">
         <name>__TI_ATRegion2_trg_addr</name>
         <value>0x0</value>
      </symbol>
      <symbol id="sm-136">
         <name>__TI_ATRegion2_region_sz</name>
         <value>0x0</value>
      </symbol>
      <symbol id="sm-13f">
         <name>DL_Common_delayCycles</name>
         <value>0x2881</value>
         <object_component_ref idref="oc-142"/>
      </symbol>
      <symbol id="sm-14b">
         <name>DL_I2C_setClockConfig</name>
         <value>0x276d</value>
         <object_component_ref idref="oc-14f"/>
      </symbol>
      <symbol id="sm-14c">
         <name>DL_I2C_fillControllerTXFIFO</name>
         <value>0x2331</value>
         <object_component_ref idref="oc-122"/>
      </symbol>
      <symbol id="sm-168">
         <name>DL_Timer_setClockConfig</name>
         <value>0x27d5</value>
         <object_component_ref idref="oc-146"/>
      </symbol>
      <symbol id="sm-169">
         <name>DL_Timer_initTimerMode</name>
         <value>0x1741</value>
         <object_component_ref idref="oc-14c"/>
      </symbol>
      <symbol id="sm-16a">
         <name>DL_Timer_setCaptureCompareValue</name>
         <value>0x2861</value>
         <object_component_ref idref="oc-b0"/>
      </symbol>
      <symbol id="sm-16b">
         <name>DL_Timer_setCaptCompUpdateMethod</name>
         <value>0x27b9</value>
         <object_component_ref idref="oc-149"/>
      </symbol>
      <symbol id="sm-16c">
         <name>DL_Timer_setCaptureCompareOutCtl</name>
         <value>0x280d</value>
         <object_component_ref idref="oc-148"/>
      </symbol>
      <symbol id="sm-16d">
         <name>DL_Timer_initFourCCPWMMode</name>
         <value>0x163d</value>
         <object_component_ref idref="oc-147"/>
      </symbol>
      <symbol id="sm-17a">
         <name>DL_UART_init</name>
         <value>0x24f1</value>
         <object_component_ref idref="oc-157"/>
      </symbol>
      <symbol id="sm-17b">
         <name>DL_UART_setClockConfig</name>
         <value>0x283d</value>
         <object_component_ref idref="oc-151"/>
      </symbol>
      <symbol id="sm-186">
         <name>_c_int00_noargs</name>
         <value>0x2745</value>
         <object_component_ref idref="oc-56"/>
      </symbol>
      <symbol id="sm-187">
         <name>__stack</name>
         <value>0x20207e00</value>
         <object_component_ref idref="oc-1a"/>
      </symbol>
      <symbol id="sm-193">
         <name>__TI_auto_init_nobinit_nopinit</name>
         <value>0x25f5</value>
         <object_component_ref idref="oc-e1"/>
      </symbol>
      <symbol id="sm-19b">
         <name>_system_pre_init</name>
         <value>0x28ab</value>
         <object_component_ref idref="oc-7f"/>
      </symbol>
      <symbol id="sm-1a6">
         <name>__TI_zero_init</name>
         <value>0x2871</value>
         <object_component_ref idref="oc-53"/>
      </symbol>
      <symbol id="sm-1af">
         <name>__TI_decompress_none</name>
         <value>0x284f</value>
         <object_component_ref idref="oc-20"/>
      </symbol>
      <symbol id="sm-1ba">
         <name>__TI_decompress_lzss</name>
         <value>0x1f09</value>
         <object_component_ref idref="oc-1c"/>
      </symbol>
      <symbol id="sm-1c4">
         <name>abort</name>
         <value>0x289d</value>
         <object_component_ref idref="oc-da"/>
      </symbol>
      <symbol id="sm-1ce">
         <name>HOSTexit</name>
         <value>0x28a3</value>
         <object_component_ref idref="oc-12c"/>
      </symbol>
      <symbol id="sm-1cf">
         <name>C$$EXIT</name>
         <value>0x28a2</value>
         <object_component_ref idref="oc-12c"/>
      </symbol>
      <symbol id="sm-1d5">
         <name>__aeabi_fadd</name>
         <value>0x1a1b</value>
         <object_component_ref idref="oc-a0"/>
      </symbol>
      <symbol id="sm-1d6">
         <name>__addsf3</name>
         <value>0x1a1b</value>
         <object_component_ref idref="oc-a0"/>
      </symbol>
      <symbol id="sm-1d7">
         <name>__aeabi_fsub</name>
         <value>0x1a11</value>
         <object_component_ref idref="oc-a0"/>
      </symbol>
      <symbol id="sm-1d8">
         <name>__subsf3</name>
         <value>0x1a11</value>
         <object_component_ref idref="oc-a0"/>
      </symbol>
      <symbol id="sm-1de">
         <name>__aeabi_fmul</name>
         <value>0x1df9</value>
         <object_component_ref idref="oc-9c"/>
      </symbol>
      <symbol id="sm-1df">
         <name>__mulsf3</name>
         <value>0x1df9</value>
         <object_component_ref idref="oc-9c"/>
      </symbol>
      <symbol id="sm-1e5">
         <name>__aeabi_fdiv</name>
         <value>0x1e85</value>
         <object_component_ref idref="oc-a8"/>
      </symbol>
      <symbol id="sm-1e6">
         <name>__divsf3</name>
         <value>0x1e85</value>
         <object_component_ref idref="oc-a8"/>
      </symbol>
      <symbol id="sm-1ec">
         <name>__aeabi_f2iz</name>
         <value>0x26a9</value>
         <object_component_ref idref="oc-ac"/>
      </symbol>
      <symbol id="sm-1ed">
         <name>__fixsfsi</name>
         <value>0x26a9</value>
         <object_component_ref idref="oc-ac"/>
      </symbol>
      <symbol id="sm-1f3">
         <name>__aeabi_i2f</name>
         <value>0x2631</value>
         <object_component_ref idref="oc-98"/>
      </symbol>
      <symbol id="sm-1f4">
         <name>__floatsisf</name>
         <value>0x2631</value>
         <object_component_ref idref="oc-98"/>
      </symbol>
      <symbol id="sm-1fa">
         <name>__aeabi_fcmpeq</name>
         <value>0x23ed</value>
         <object_component_ref idref="oc-a4"/>
      </symbol>
      <symbol id="sm-1fb">
         <name>__aeabi_fcmplt</name>
         <value>0x23ff</value>
         <object_component_ref idref="oc-a4"/>
      </symbol>
      <symbol id="sm-1fc">
         <name>__aeabi_fcmple</name>
         <value>0x2411</value>
         <object_component_ref idref="oc-a4"/>
      </symbol>
      <symbol id="sm-1fd">
         <name>__aeabi_fcmpge</name>
         <value>0x2423</value>
         <object_component_ref idref="oc-a4"/>
      </symbol>
      <symbol id="sm-1fe">
         <name>__aeabi_fcmpgt</name>
         <value>0x2435</value>
         <object_component_ref idref="oc-a4"/>
      </symbol>
      <symbol id="sm-204">
         <name>__aeabi_uidiv</name>
         <value>0x2579</value>
         <object_component_ref idref="oc-94"/>
      </symbol>
      <symbol id="sm-205">
         <name>__aeabi_uidivmod</name>
         <value>0x2579</value>
         <object_component_ref idref="oc-94"/>
      </symbol>
      <symbol id="sm-20b">
         <name>__aeabi_memcpy</name>
         <value>0x2895</value>
         <object_component_ref idref="oc-46"/>
      </symbol>
      <symbol id="sm-20c">
         <name>__aeabi_memcpy4</name>
         <value>0x2895</value>
         <object_component_ref idref="oc-46"/>
      </symbol>
      <symbol id="sm-20d">
         <name>__aeabi_memcpy8</name>
         <value>0x2895</value>
         <object_component_ref idref="oc-46"/>
      </symbol>
      <symbol id="sm-213">
         <name>__aeabi_memset</name>
         <value>0x27f1</value>
         <object_component_ref idref="oc-7b"/>
      </symbol>
      <symbol id="sm-214">
         <name>__aeabi_memset4</name>
         <value>0x27f1</value>
         <object_component_ref idref="oc-7b"/>
      </symbol>
      <symbol id="sm-215">
         <name>__aeabi_memset8</name>
         <value>0x27f1</value>
         <object_component_ref idref="oc-7b"/>
      </symbol>
      <symbol id="sm-216">
         <name>__aeabi_memclr</name>
         <value>0x27ff</value>
         <object_component_ref idref="oc-7b"/>
      </symbol>
      <symbol id="sm-217">
         <name>__aeabi_memclr4</name>
         <value>0x27ff</value>
         <object_component_ref idref="oc-7b"/>
      </symbol>
      <symbol id="sm-218">
         <name>__aeabi_memclr8</name>
         <value>0x27ff</value>
         <object_component_ref idref="oc-7b"/>
      </symbol>
      <symbol id="sm-21e">
         <name>__eqsf2</name>
         <value>0x1d6d</value>
         <object_component_ref idref="oc-100"/>
      </symbol>
      <symbol id="sm-21f">
         <name>__lesf2</name>
         <value>0x1d6d</value>
         <object_component_ref idref="oc-100"/>
      </symbol>
      <symbol id="sm-220">
         <name>__ltsf2</name>
         <value>0x1d6d</value>
         <object_component_ref idref="oc-100"/>
      </symbol>
      <symbol id="sm-221">
         <name>__nesf2</name>
         <value>0x1d6d</value>
         <object_component_ref idref="oc-100"/>
      </symbol>
      <symbol id="sm-222">
         <name>__cmpsf2</name>
         <value>0x1d6d</value>
         <object_component_ref idref="oc-100"/>
      </symbol>
      <symbol id="sm-223">
         <name>__gtsf2</name>
         <value>0x1da7</value>
         <object_component_ref idref="oc-100"/>
      </symbol>
      <symbol id="sm-224">
         <name>__gesf2</name>
         <value>0x1da7</value>
         <object_component_ref idref="oc-100"/>
      </symbol>
      <symbol id="sm-225">
         <name>__unordsf2</name>
         <value>0x1de3</value>
         <object_component_ref idref="oc-100"/>
      </symbol>
      <symbol id="sm-226">
         <name>__aeabi_fcmpun</name>
         <value>0x1de3</value>
         <object_component_ref idref="oc-100"/>
      </symbol>
      <symbol id="sm-22c">
         <name>__muldsi3</name>
         <value>0x266d</value>
         <object_component_ref idref="oc-fa"/>
      </symbol>
      <symbol id="sm-236">
         <name>__aeabi_idiv0</name>
         <value>0x1cdb</value>
         <object_component_ref idref="oc-f3"/>
      </symbol>
      <symbol id="sm-24f">
         <name>memcpy</name>
         <value>0x1c41</value>
         <object_component_ref idref="oc-bd"/>
      </symbol>
      <symbol id="sm-25e">
         <name>memset</name>
         <value>0x214d</value>
         <object_component_ref idref="oc-10f"/>
      </symbol>
      <symbol id="sm-25f">
         <name>__TI_static_base__</name>
         <value>0x0</value>
      </symbol>
      <symbol id="sm-262">
         <name>__mpu_init</name>
         <value>0x0</value>
      </symbol>
      <symbol id="sm-263">
         <name>_system_post_cinit</name>
         <value>0x0</value>
      </symbol>
   </symbol_table>
   <title>Link successful</title>
</link_info>
