<?xml version="1.0" encoding="ISO-8859-1" ?>
<link_info>
   <banner>TI ARM Clang Linker PC v5.1.1.LTS</banner>
   <copyright>Copyright (c) 1996-2018 Texas Instruments Incorporated</copyright>
   <command_line>D:\TI_MSPM0\ccs\tools\compiler\ti-cgt-armllvm_5.1.1.LTS\bin\tiarmlnk -ID:\TI_MSPM0\ccs\tools\compiler\ti-cgt-armllvm_5.1.1.LTS\lib -o Liner_Car0.out --cg_opt_level=2 -mLiner_Car0.map -iD:/TI_MSPM0/mspm0_sdk_2_10_00_04/source -iD:/TI_MSPM0/CCS_Workspace/Liner_Car0_Tom/Debug/syscfg -iD:/TI_MSPM0/ccs/tools/compiler/ti-cgt-armllvm_5.1.1.LTS/lib --diag_wrap=off --display_error_number --warn_sections --xml_link_info=Liner_Car0_linkInfo.xml --rom_model ./bluetooth.o ./delay.o ./syscfg/ti_msp_dl_config.o ./startup_mspm0g350x_ticlang.o ./gray_sensor.o ./main.o ./motor.o ./oled.o -lsyscfg/device_linker.cmd -ldevice.cmd.genlibs -llibc.a --start-group -llibc++.a -llibc++abi.a -llibc.a -llibsys.a -llibsysbm.a -llibclang_rt.builtins.a -llibclang_rt.profile.a --end-group</command_line>
   <link_time>0x6a54ef60</link_time>
   <link_errors>0x0</link_errors>
   <output_file>D:\TI_MSPM0\CCS_Workspace\Liner_Car0_Tom\Debug\Liner_Car0.out</output_file>
   <entry_point>
      <name>_c_int00_noargs</name>
      <address>0x608d</address>
   </entry_point>
   <input_file_list>
      <input_file id="fl-1">
         <path>D:\TI_MSPM0\CCS_Workspace\Liner_Car0_Tom\Debug\.\</path>
         <kind>object</kind>
         <file>bluetooth.o</file>
         <name>bluetooth.o</name>
      </input_file>
      <input_file id="fl-2">
         <path>D:\TI_MSPM0\CCS_Workspace\Liner_Car0_Tom\Debug\.\</path>
         <kind>object</kind>
         <file>delay.o</file>
         <name>delay.o</name>
      </input_file>
      <input_file id="fl-3">
         <path>D:\TI_MSPM0\CCS_Workspace\Liner_Car0_Tom\Debug\.\syscfg\</path>
         <kind>object</kind>
         <file>ti_msp_dl_config.o</file>
         <name>ti_msp_dl_config.o</name>
      </input_file>
      <input_file id="fl-4">
         <path>D:\TI_MSPM0\CCS_Workspace\Liner_Car0_Tom\Debug\.\</path>
         <kind>object</kind>
         <file>startup_mspm0g350x_ticlang.o</file>
         <name>startup_mspm0g350x_ticlang.o</name>
      </input_file>
      <input_file id="fl-5">
         <path>D:\TI_MSPM0\CCS_Workspace\Liner_Car0_Tom\Debug\.\</path>
         <kind>object</kind>
         <file>gray_sensor.o</file>
         <name>gray_sensor.o</name>
      </input_file>
      <input_file id="fl-6">
         <path>D:\TI_MSPM0\CCS_Workspace\Liner_Car0_Tom\Debug\.\</path>
         <kind>object</kind>
         <file>main.o</file>
         <name>main.o</name>
      </input_file>
      <input_file id="fl-7">
         <path>D:\TI_MSPM0\CCS_Workspace\Liner_Car0_Tom\Debug\.\</path>
         <kind>object</kind>
         <file>motor.o</file>
         <name>motor.o</name>
      </input_file>
      <input_file id="fl-8">
         <path>D:\TI_MSPM0\CCS_Workspace\Liner_Car0_Tom\Debug\.\</path>
         <kind>object</kind>
         <file>oled.o</file>
         <name>oled.o</name>
      </input_file>
      <input_file id="fl-15">
         <path>D:\TI_MSPM0\CCS_Workspace\Liner_Car0_Tom\Debug\</path>
         <kind>object</kind>
         <file>&lt;internal&gt;</file>
         <name>&lt;internal&gt;</name>
      </input_file>
      <input_file id="fl-16">
         <path>D:\TI_MSPM0\mspm0_sdk_2_10_00_04\source\ti\driverlib\lib\ticlang\m0p\mspm0g1x0x_g3x0x\</path>
         <kind>archive</kind>
         <file>driverlib.a</file>
         <name>dl_common.o</name>
      </input_file>
      <input_file id="fl-17">
         <path>D:\TI_MSPM0\mspm0_sdk_2_10_00_04\source\ti\driverlib\lib\ticlang\m0p\mspm0g1x0x_g3x0x\</path>
         <kind>archive</kind>
         <file>driverlib.a</file>
         <name>dl_i2c.o</name>
      </input_file>
      <input_file id="fl-18">
         <path>D:\TI_MSPM0\mspm0_sdk_2_10_00_04\source\ti\driverlib\lib\ticlang\m0p\mspm0g1x0x_g3x0x\</path>
         <kind>archive</kind>
         <file>driverlib.a</file>
         <name>dl_timer.o</name>
      </input_file>
      <input_file id="fl-19">
         <path>D:\TI_MSPM0\mspm0_sdk_2_10_00_04\source\ti\driverlib\lib\ticlang\m0p\mspm0g1x0x_g3x0x\</path>
         <kind>archive</kind>
         <file>driverlib.a</file>
         <name>dl_uart.o</name>
      </input_file>
      <input_file id="fl-36">
         <path>D:\TI_MSPM0\ccs\tools\compiler\ti-cgt-armllvm_5.1.1.LTS\lib\armv6m-ti-none-eabi\c\</path>
         <kind>archive</kind>
         <file>libc.a</file>
         <name>snprintf.c.obj</name>
      </input_file>
      <input_file id="fl-37">
         <path>D:\TI_MSPM0\ccs\tools\compiler\ti-cgt-armllvm_5.1.1.LTS\lib\armv6m-ti-none-eabi\c\</path>
         <kind>archive</kind>
         <file>libc.a</file>
         <name>sscanf.c.obj</name>
      </input_file>
      <input_file id="fl-38">
         <path>D:\TI_MSPM0\ccs\tools\compiler\ti-cgt-armllvm_5.1.1.LTS\lib\armv6m-ti-none-eabi\c\</path>
         <kind>archive</kind>
         <file>libc.a</file>
         <name>aeabi_ctype.S.obj</name>
      </input_file>
      <input_file id="fl-39">
         <path>D:\TI_MSPM0\ccs\tools\compiler\ti-cgt-armllvm_5.1.1.LTS\lib\armv6m-ti-none-eabi\c\</path>
         <kind>archive</kind>
         <file>libc.a</file>
         <name>strstr.c.obj</name>
      </input_file>
      <input_file id="fl-3a">
         <path>D:\TI_MSPM0\ccs\tools\compiler\ti-cgt-armllvm_5.1.1.LTS\lib\armv6m-ti-none-eabi\c\</path>
         <kind>archive</kind>
         <file>libc.a</file>
         <name>boot_cortex_m.c.obj</name>
      </input_file>
      <input_file id="fl-3b">
         <path>D:\TI_MSPM0\ccs\tools\compiler\ti-cgt-armllvm_5.1.1.LTS\lib\armv6m-ti-none-eabi\c\</path>
         <kind>archive</kind>
         <file>libc.a</file>
         <name>mathacl_init.c.obj</name>
      </input_file>
      <input_file id="fl-3c">
         <path>D:\TI_MSPM0\ccs\tools\compiler\ti-cgt-armllvm_5.1.1.LTS\lib\armv6m-ti-none-eabi\c\</path>
         <kind>archive</kind>
         <file>libc.a</file>
         <name>autoinit.c.obj</name>
      </input_file>
      <input_file id="fl-3d">
         <path>D:\TI_MSPM0\ccs\tools\compiler\ti-cgt-armllvm_5.1.1.LTS\lib\armv6m-ti-none-eabi\c\</path>
         <kind>archive</kind>
         <file>libc.a</file>
         <name>pre_init.c.obj</name>
      </input_file>
      <input_file id="fl-3e">
         <path>D:\TI_MSPM0\ccs\tools\compiler\ti-cgt-armllvm_5.1.1.LTS\lib\armv6m-ti-none-eabi\c\</path>
         <kind>archive</kind>
         <file>libc.a</file>
         <name>cpy_tbl.c.obj</name>
      </input_file>
      <input_file id="fl-3f">
         <path>D:\TI_MSPM0\ccs\tools\compiler\ti-cgt-armllvm_5.1.1.LTS\lib\armv6m-ti-none-eabi\c\</path>
         <kind>archive</kind>
         <file>libc.a</file>
         <name>copy_zero_init.c.obj</name>
      </input_file>
      <input_file id="fl-40">
         <path>D:\TI_MSPM0\ccs\tools\compiler\ti-cgt-armllvm_5.1.1.LTS\lib\armv6m-ti-none-eabi\c\</path>
         <kind>archive</kind>
         <file>libc.a</file>
         <name>copy_decompress_none.c.obj</name>
      </input_file>
      <input_file id="fl-41">
         <path>D:\TI_MSPM0\ccs\tools\compiler\ti-cgt-armllvm_5.1.1.LTS\lib\armv6m-ti-none-eabi\c\</path>
         <kind>archive</kind>
         <file>libc.a</file>
         <name>copy_decompress_lzss.c.obj</name>
      </input_file>
      <input_file id="fl-42">
         <path>D:\TI_MSPM0\ccs\tools\compiler\ti-cgt-armllvm_5.1.1.LTS\lib\armv6m-ti-none-eabi\c\</path>
         <kind>archive</kind>
         <file>libc.a</file>
         <name>_printfi.c.obj</name>
      </input_file>
      <input_file id="fl-43">
         <path>D:\TI_MSPM0\ccs\tools\compiler\ti-cgt-armllvm_5.1.1.LTS\lib\armv6m-ti-none-eabi\c\</path>
         <kind>archive</kind>
         <file>libc.a</file>
         <name>_scanfi.c.obj</name>
      </input_file>
      <input_file id="fl-44">
         <path>D:\TI_MSPM0\ccs\tools\compiler\ti-cgt-armllvm_5.1.1.LTS\lib\armv6m-ti-none-eabi\c\</path>
         <kind>archive</kind>
         <file>libc.a</file>
         <name>aeabi_portable.c.obj</name>
      </input_file>
      <input_file id="fl-45">
         <path>D:\TI_MSPM0\ccs\tools\compiler\ti-cgt-armllvm_5.1.1.LTS\lib\armv6m-ti-none-eabi\c\</path>
         <kind>archive</kind>
         <file>libc.a</file>
         <name>exit.c.obj</name>
      </input_file>
      <input_file id="fl-46">
         <path>D:\TI_MSPM0\ccs\tools\compiler\ti-cgt-armllvm_5.1.1.LTS\lib\armv6m-ti-none-eabi\c\</path>
         <kind>archive</kind>
         <file>libc.a</file>
         <name>_lock.c.obj</name>
      </input_file>
      <input_file id="fl-47">
         <path>D:\TI_MSPM0\ccs\tools\compiler\ti-cgt-armllvm_5.1.1.LTS\lib\armv6m-ti-none-eabi\c\</path>
         <kind>archive</kind>
         <file>libc.a</file>
         <name>_ltoa.c.obj</name>
      </input_file>
      <input_file id="fl-48">
         <path>D:\TI_MSPM0\ccs\tools\compiler\ti-cgt-armllvm_5.1.1.LTS\lib\armv6m-ti-none-eabi\c\</path>
         <kind>archive</kind>
         <file>libc.a</file>
         <name>args_main.c.obj</name>
      </input_file>
      <input_file id="fl-49">
         <path>D:\TI_MSPM0\ccs\tools\compiler\ti-cgt-armllvm_5.1.1.LTS\lib\armv6m-ti-none-eabi\c\</path>
         <kind>archive</kind>
         <file>libc.a</file>
         <name>assert.c.obj</name>
      </input_file>
      <input_file id="fl-4a">
         <path>D:\TI_MSPM0\ccs\tools\compiler\ti-cgt-armllvm_5.1.1.LTS\lib\armv6m-ti-none-eabi\c\</path>
         <kind>archive</kind>
         <file>libc.a</file>
         <name>atoi.c.obj</name>
      </input_file>
      <input_file id="fl-4b">
         <path>D:\TI_MSPM0\ccs\tools\compiler\ti-cgt-armllvm_5.1.1.LTS\lib\armv6m-ti-none-eabi\c\</path>
         <kind>archive</kind>
         <file>libc.a</file>
         <name>defs.c.obj</name>
      </input_file>
      <input_file id="fl-4c">
         <path>D:\TI_MSPM0\ccs\tools\compiler\ti-cgt-armllvm_5.1.1.LTS\lib\armv6m-ti-none-eabi\c\</path>
         <kind>archive</kind>
         <file>libc.a</file>
         <name>memccpy.c.obj</name>
      </input_file>
      <input_file id="fl-4d">
         <path>D:\TI_MSPM0\ccs\tools\compiler\ti-cgt-armllvm_5.1.1.LTS\lib\armv6m-ti-none-eabi\c\</path>
         <kind>archive</kind>
         <file>libc.a</file>
         <name>memory.c.obj</name>
      </input_file>
      <input_file id="fl-4e">
         <path>D:\TI_MSPM0\ccs\tools\compiler\ti-cgt-armllvm_5.1.1.LTS\lib\armv6m-ti-none-eabi\c\</path>
         <kind>archive</kind>
         <file>libc.a</file>
         <name>strtod.c.obj</name>
      </input_file>
      <input_file id="fl-4f">
         <path>D:\TI_MSPM0\ccs\tools\compiler\ti-cgt-armllvm_5.1.1.LTS\lib\armv6m-ti-none-eabi\c\</path>
         <kind>archive</kind>
         <file>libc.a</file>
         <name>strtol.c.obj</name>
      </input_file>
      <input_file id="fl-50">
         <path>D:\TI_MSPM0\ccs\tools\compiler\ti-cgt-armllvm_5.1.1.LTS\lib\armv6m-ti-none-eabi\c\</path>
         <kind>archive</kind>
         <file>libc.a</file>
         <name>strtoll.c.obj</name>
      </input_file>
      <input_file id="fl-51">
         <path>D:\TI_MSPM0\ccs\tools\compiler\ti-cgt-armllvm_5.1.1.LTS\lib\armv6m-ti-none-eabi\c\</path>
         <kind>archive</kind>
         <file>libc.a</file>
         <name>strtoul.c.obj</name>
      </input_file>
      <input_file id="fl-52">
         <path>D:\TI_MSPM0\ccs\tools\compiler\ti-cgt-armllvm_5.1.1.LTS\lib\armv6m-ti-none-eabi\c\</path>
         <kind>archive</kind>
         <file>libc.a</file>
         <name>strtoull.c.obj</name>
      </input_file>
      <input_file id="fl-53">
         <path>D:\TI_MSPM0\ccs\tools\compiler\ti-cgt-armllvm_5.1.1.LTS\lib\armv6m-ti-none-eabi\c\</path>
         <kind>archive</kind>
         <file>libc.a</file>
         <name>s_frexp.c.obj</name>
      </input_file>
      <input_file id="fl-54">
         <path>D:\TI_MSPM0\ccs\tools\compiler\ti-cgt-armllvm_5.1.1.LTS\lib\armv6m-ti-none-eabi\c\</path>
         <kind>archive</kind>
         <file>libc.a</file>
         <name>s_scalbn.c.obj</name>
      </input_file>
      <input_file id="fl-55">
         <path>D:\TI_MSPM0\ccs\tools\compiler\ti-cgt-armllvm_5.1.1.LTS\lib\armv6m-ti-none-eabi\c\</path>
         <kind>archive</kind>
         <file>libc.a</file>
         <name>wcslen.c.obj</name>
      </input_file>
      <input_file id="fl-56">
         <path>D:\TI_MSPM0\ccs\tools\compiler\ti-cgt-armllvm_5.1.1.LTS\lib\armv6m-ti-none-eabi\c\</path>
         <kind>archive</kind>
         <file>libc.a</file>
         <name>sprintf.c.obj</name>
      </input_file>
      <input_file id="fl-57">
         <path>D:\TI_MSPM0\ccs\tools\compiler\ti-cgt-armllvm_5.1.1.LTS\lib\armv6m-ti-none-eabi\c\</path>
         <kind>archive</kind>
         <file>libc.a</file>
         <name>fflush.c.obj</name>
      </input_file>
      <input_file id="fl-58">
         <path>D:\TI_MSPM0\ccs\tools\compiler\ti-cgt-armllvm_5.1.1.LTS\lib\armv6m-ti-none-eabi\c\</path>
         <kind>archive</kind>
         <file>libc.a</file>
         <name>fputs.c.obj</name>
      </input_file>
      <input_file id="fl-59">
         <path>D:\TI_MSPM0\ccs\tools\compiler\ti-cgt-armllvm_5.1.1.LTS\lib\armv6m-ti-none-eabi\c\</path>
         <kind>archive</kind>
         <file>libc.a</file>
         <name>_io_perm.c.obj</name>
      </input_file>
      <input_file id="fl-5a">
         <path>D:\TI_MSPM0\ccs\tools\compiler\ti-cgt-armllvm_5.1.1.LTS\lib\armv6m-ti-none-eabi\c\</path>
         <kind>archive</kind>
         <file>libc.a</file>
         <name>setvbuf.c.obj</name>
      </input_file>
      <input_file id="fl-5b">
         <path>D:\TI_MSPM0\ccs\tools\compiler\ti-cgt-armllvm_5.1.1.LTS\lib\armv6m-ti-none-eabi\c\</path>
         <kind>archive</kind>
         <file>libc.a</file>
         <name>fopen.c.obj</name>
      </input_file>
      <input_file id="fl-5c">
         <path>D:\TI_MSPM0\ccs\tools\compiler\ti-cgt-armllvm_5.1.1.LTS\lib\armv6m-ti-none-eabi\c\</path>
         <kind>archive</kind>
         <file>libc.a</file>
         <name>fseek.c.obj</name>
      </input_file>
      <input_file id="fl-5d">
         <path>D:\TI_MSPM0\ccs\tools\compiler\ti-cgt-armllvm_5.1.1.LTS\lib\armv6m-ti-none-eabi\c\</path>
         <kind>archive</kind>
         <file>libc.a</file>
         <name>fclose.c.obj</name>
      </input_file>
      <input_file id="fl-151">
         <path>D:\TI_MSPM0\ccs\tools\compiler\ti-cgt-armllvm_5.1.1.LTS\lib\armv6m-ti-none-eabi\c\</path>
         <kind>archive</kind>
         <file>libsysbm.a</file>
         <name>hostexit.c.obj</name>
      </input_file>
      <input_file id="fl-152">
         <path>D:\TI_MSPM0\ccs\tools\compiler\ti-cgt-armllvm_5.1.1.LTS\lib\armv6m-ti-none-eabi\c\</path>
         <kind>archive</kind>
         <file>libsysbm.a</file>
         <name>write.c.obj</name>
      </input_file>
      <input_file id="fl-153">
         <path>D:\TI_MSPM0\ccs\tools\compiler\ti-cgt-armllvm_5.1.1.LTS\lib\armv6m-ti-none-eabi\c\</path>
         <kind>archive</kind>
         <file>libsysbm.a</file>
         <name>host_device.c.obj</name>
      </input_file>
      <input_file id="fl-154">
         <path>D:\TI_MSPM0\ccs\tools\compiler\ti-cgt-armllvm_5.1.1.LTS\lib\armv6m-ti-none-eabi\c\</path>
         <kind>archive</kind>
         <file>libsysbm.a</file>
         <name>remove.c.obj</name>
      </input_file>
      <input_file id="fl-155">
         <path>D:\TI_MSPM0\ccs\tools\compiler\ti-cgt-armllvm_5.1.1.LTS\lib\armv6m-ti-none-eabi\c\</path>
         <kind>archive</kind>
         <file>libsysbm.a</file>
         <name>open.c.obj</name>
      </input_file>
      <input_file id="fl-156">
         <path>D:\TI_MSPM0\ccs\tools\compiler\ti-cgt-armllvm_5.1.1.LTS\lib\armv6m-ti-none-eabi\c\</path>
         <kind>archive</kind>
         <file>libsysbm.a</file>
         <name>lseek.c.obj</name>
      </input_file>
      <input_file id="fl-157">
         <path>D:\TI_MSPM0\ccs\tools\compiler\ti-cgt-armllvm_5.1.1.LTS\lib\armv6m-ti-none-eabi\c\</path>
         <kind>archive</kind>
         <file>libsysbm.a</file>
         <name>close.c.obj</name>
      </input_file>
      <input_file id="fl-158">
         <path>D:\TI_MSPM0\ccs\tools\compiler\ti-cgt-armllvm_5.1.1.LTS\lib\armv6m-ti-none-eabi\c\</path>
         <kind>archive</kind>
         <file>libsysbm.a</file>
         <name>unlink.c.obj</name>
      </input_file>
      <input_file id="fl-159">
         <path>D:\TI_MSPM0\ccs\tools\compiler\ti-cgt-armllvm_5.1.1.LTS\lib\armv6m-ti-none-eabi\c\</path>
         <kind>archive</kind>
         <file>libsysbm.a</file>
         <name>hostclose.c.obj</name>
      </input_file>
      <input_file id="fl-15a">
         <path>D:\TI_MSPM0\ccs\tools\compiler\ti-cgt-armllvm_5.1.1.LTS\lib\armv6m-ti-none-eabi\c\</path>
         <kind>archive</kind>
         <file>libsysbm.a</file>
         <name>hostlseek.c.obj</name>
      </input_file>
      <input_file id="fl-15b">
         <path>D:\TI_MSPM0\ccs\tools\compiler\ti-cgt-armllvm_5.1.1.LTS\lib\armv6m-ti-none-eabi\c\</path>
         <kind>archive</kind>
         <file>libsysbm.a</file>
         <name>hostopen.c.obj</name>
      </input_file>
      <input_file id="fl-15c">
         <path>D:\TI_MSPM0\ccs\tools\compiler\ti-cgt-armllvm_5.1.1.LTS\lib\armv6m-ti-none-eabi\c\</path>
         <kind>archive</kind>
         <file>libsysbm.a</file>
         <name>hostread.c.obj</name>
      </input_file>
      <input_file id="fl-15d">
         <path>D:\TI_MSPM0\ccs\tools\compiler\ti-cgt-armllvm_5.1.1.LTS\lib\armv6m-ti-none-eabi\c\</path>
         <kind>archive</kind>
         <file>libsysbm.a</file>
         <name>hostrename.c.obj</name>
      </input_file>
      <input_file id="fl-15e">
         <path>D:\TI_MSPM0\ccs\tools\compiler\ti-cgt-armllvm_5.1.1.LTS\lib\armv6m-ti-none-eabi\c\</path>
         <kind>archive</kind>
         <file>libsysbm.a</file>
         <name>hostunlink.c.obj</name>
      </input_file>
      <input_file id="fl-15f">
         <path>D:\TI_MSPM0\ccs\tools\compiler\ti-cgt-armllvm_5.1.1.LTS\lib\armv6m-ti-none-eabi\c\</path>
         <kind>archive</kind>
         <file>libsysbm.a</file>
         <name>hostwrite.c.obj</name>
      </input_file>
      <input_file id="fl-160">
         <path>D:\TI_MSPM0\ccs\tools\compiler\ti-cgt-armllvm_5.1.1.LTS\lib\armv6m-ti-none-eabi\c\</path>
         <kind>archive</kind>
         <file>libsysbm.a</file>
         <name>trgmsg.c.obj</name>
      </input_file>
      <input_file id="fl-161">
         <path>D:\TI_MSPM0\ccs\tools\compiler\ti-cgt-armllvm_5.1.1.LTS\lib\armv6m-ti-none-eabi\</path>
         <kind>archive</kind>
         <file>libclang_rt.builtins.a</file>
         <name>addsf3.S.obj</name>
      </input_file>
      <input_file id="fl-162">
         <path>D:\TI_MSPM0\ccs\tools\compiler\ti-cgt-armllvm_5.1.1.LTS\lib\armv6m-ti-none-eabi\</path>
         <kind>archive</kind>
         <file>libclang_rt.builtins.a</file>
         <name>adddf3.S.obj</name>
      </input_file>
      <input_file id="fl-163">
         <path>D:\TI_MSPM0\ccs\tools\compiler\ti-cgt-armllvm_5.1.1.LTS\lib\armv6m-ti-none-eabi\</path>
         <kind>archive</kind>
         <file>libclang_rt.builtins.a</file>
         <name>mulsf3.S.obj</name>
      </input_file>
      <input_file id="fl-164">
         <path>D:\TI_MSPM0\ccs\tools\compiler\ti-cgt-armllvm_5.1.1.LTS\lib\armv6m-ti-none-eabi\</path>
         <kind>archive</kind>
         <file>libclang_rt.builtins.a</file>
         <name>divsf3.S.obj</name>
      </input_file>
      <input_file id="fl-165">
         <path>D:\TI_MSPM0\ccs\tools\compiler\ti-cgt-armllvm_5.1.1.LTS\lib\armv6m-ti-none-eabi\</path>
         <kind>archive</kind>
         <file>libclang_rt.builtins.a</file>
         <name>extendsfdf2.S.obj</name>
      </input_file>
      <input_file id="fl-166">
         <path>D:\TI_MSPM0\ccs\tools\compiler\ti-cgt-armllvm_5.1.1.LTS\lib\armv6m-ti-none-eabi\</path>
         <kind>archive</kind>
         <file>libclang_rt.builtins.a</file>
         <name>fixdfsi.S.obj</name>
      </input_file>
      <input_file id="fl-167">
         <path>D:\TI_MSPM0\ccs\tools\compiler\ti-cgt-armllvm_5.1.1.LTS\lib\armv6m-ti-none-eabi\</path>
         <kind>archive</kind>
         <file>libclang_rt.builtins.a</file>
         <name>fixsfsi.S.obj</name>
      </input_file>
      <input_file id="fl-168">
         <path>D:\TI_MSPM0\ccs\tools\compiler\ti-cgt-armllvm_5.1.1.LTS\lib\armv6m-ti-none-eabi\</path>
         <kind>archive</kind>
         <file>libclang_rt.builtins.a</file>
         <name>floatsidf.S.obj</name>
      </input_file>
      <input_file id="fl-169">
         <path>D:\TI_MSPM0\ccs\tools\compiler\ti-cgt-armllvm_5.1.1.LTS\lib\armv6m-ti-none-eabi\</path>
         <kind>archive</kind>
         <file>libclang_rt.builtins.a</file>
         <name>floatsisf.S.obj</name>
      </input_file>
      <input_file id="fl-16a">
         <path>D:\TI_MSPM0\ccs\tools\compiler\ti-cgt-armllvm_5.1.1.LTS\lib\armv6m-ti-none-eabi\</path>
         <kind>archive</kind>
         <file>libclang_rt.builtins.a</file>
         <name>muldi3.S.obj</name>
      </input_file>
      <input_file id="fl-16b">
         <path>D:\TI_MSPM0\ccs\tools\compiler\ti-cgt-armllvm_5.1.1.LTS\lib\armv6m-ti-none-eabi\</path>
         <kind>archive</kind>
         <file>libclang_rt.builtins.a</file>
         <name>truncdfsf2.S.obj</name>
      </input_file>
      <input_file id="fl-16c">
         <path>D:\TI_MSPM0\ccs\tools\compiler\ti-cgt-armllvm_5.1.1.LTS\lib\armv6m-ti-none-eabi\</path>
         <kind>archive</kind>
         <file>libclang_rt.builtins.a</file>
         <name>comparedf2.c.obj</name>
      </input_file>
      <input_file id="fl-16d">
         <path>D:\TI_MSPM0\ccs\tools\compiler\ti-cgt-armllvm_5.1.1.LTS\lib\armv6m-ti-none-eabi\</path>
         <kind>archive</kind>
         <file>libclang_rt.builtins.a</file>
         <name>aeabi_dcmp.S.obj</name>
      </input_file>
      <input_file id="fl-16e">
         <path>D:\TI_MSPM0\ccs\tools\compiler\ti-cgt-armllvm_5.1.1.LTS\lib\armv6m-ti-none-eabi\</path>
         <kind>archive</kind>
         <file>libclang_rt.builtins.a</file>
         <name>aeabi_ddiv.c.obj</name>
      </input_file>
      <input_file id="fl-16f">
         <path>D:\TI_MSPM0\ccs\tools\compiler\ti-cgt-armllvm_5.1.1.LTS\lib\armv6m-ti-none-eabi\</path>
         <kind>archive</kind>
         <file>libclang_rt.builtins.a</file>
         <name>aeabi_dmul.c.obj</name>
      </input_file>
      <input_file id="fl-170">
         <path>D:\TI_MSPM0\ccs\tools\compiler\ti-cgt-armllvm_5.1.1.LTS\lib\armv6m-ti-none-eabi\</path>
         <kind>archive</kind>
         <file>libclang_rt.builtins.a</file>
         <name>aeabi_fcmp.S.obj</name>
      </input_file>
      <input_file id="fl-171">
         <path>D:\TI_MSPM0\ccs\tools\compiler\ti-cgt-armllvm_5.1.1.LTS\lib\armv6m-ti-none-eabi\</path>
         <kind>archive</kind>
         <file>libclang_rt.builtins.a</file>
         <name>aeabi_idivmod.S.obj</name>
      </input_file>
      <input_file id="fl-172">
         <path>D:\TI_MSPM0\ccs\tools\compiler\ti-cgt-armllvm_5.1.1.LTS\lib\armv6m-ti-none-eabi\</path>
         <kind>archive</kind>
         <file>libclang_rt.builtins.a</file>
         <name>aeabi_uidivmod.S.obj</name>
      </input_file>
      <input_file id="fl-173">
         <path>D:\TI_MSPM0\ccs\tools\compiler\ti-cgt-armllvm_5.1.1.LTS\lib\armv6m-ti-none-eabi\</path>
         <kind>archive</kind>
         <file>libclang_rt.builtins.a</file>
         <name>aeabi_uldivmod.S.obj</name>
      </input_file>
      <input_file id="fl-174">
         <path>D:\TI_MSPM0\ccs\tools\compiler\ti-cgt-armllvm_5.1.1.LTS\lib\armv6m-ti-none-eabi\</path>
         <kind>archive</kind>
         <file>libclang_rt.builtins.a</file>
         <name>aeabi_memcpy.S.obj</name>
      </input_file>
      <input_file id="fl-175">
         <path>D:\TI_MSPM0\ccs\tools\compiler\ti-cgt-armllvm_5.1.1.LTS\lib\armv6m-ti-none-eabi\</path>
         <kind>archive</kind>
         <file>libclang_rt.builtins.a</file>
         <name>aeabi_memset.S.obj</name>
      </input_file>
      <input_file id="fl-176">
         <path>D:\TI_MSPM0\ccs\tools\compiler\ti-cgt-armllvm_5.1.1.LTS\lib\armv6m-ti-none-eabi\</path>
         <kind>archive</kind>
         <file>libclang_rt.builtins.a</file>
         <name>comparesf2.S.obj</name>
      </input_file>
      <input_file id="fl-177">
         <path>D:\TI_MSPM0\ccs\tools\compiler\ti-cgt-armllvm_5.1.1.LTS\lib\armv6m-ti-none-eabi\</path>
         <kind>archive</kind>
         <file>libclang_rt.builtins.a</file>
         <name>udivmoddi4.S.obj</name>
      </input_file>
      <input_file id="fl-178">
         <path>D:\TI_MSPM0\ccs\tools\compiler\ti-cgt-armllvm_5.1.1.LTS\lib\armv6m-ti-none-eabi\</path>
         <kind>archive</kind>
         <file>libclang_rt.builtins.a</file>
         <name>muldf3.S.obj</name>
      </input_file>
      <input_file id="fl-179">
         <path>D:\TI_MSPM0\ccs\tools\compiler\ti-cgt-armllvm_5.1.1.LTS\lib\armv6m-ti-none-eabi\</path>
         <kind>archive</kind>
         <file>libclang_rt.builtins.a</file>
         <name>muldsi3.S.obj</name>
      </input_file>
      <input_file id="fl-17a">
         <path>D:\TI_MSPM0\ccs\tools\compiler\ti-cgt-armllvm_5.1.1.LTS\lib\armv6m-ti-none-eabi\</path>
         <kind>archive</kind>
         <file>libclang_rt.builtins.a</file>
         <name>ashldi3.S.obj</name>
      </input_file>
      <input_file id="fl-17b">
         <path>D:\TI_MSPM0\ccs\tools\compiler\ti-cgt-armllvm_5.1.1.LTS\lib\armv6m-ti-none-eabi\</path>
         <kind>archive</kind>
         <file>libclang_rt.builtins.a</file>
         <name>divdf3.S.obj</name>
      </input_file>
      <input_file id="fl-17c">
         <path>D:\TI_MSPM0\ccs\tools\compiler\ti-cgt-armllvm_5.1.1.LTS\lib\armv6m-ti-none-eabi\</path>
         <kind>archive</kind>
         <file>libclang_rt.builtins.a</file>
         <name>aeabi_div0.c.obj</name>
      </input_file>
      <input_file id="fl-17d">
         <path>D:\TI_MSPM0\ccs\tools\compiler\ti-cgt-armllvm_5.1.1.LTS\lib\armv6m-ti-none-eabi\c\</path>
         <kind>archive</kind>
         <file>libc.a</file>
         <name>divdf3_fast.c.obj</name>
      </input_file>
      <input_file id="fl-17e">
         <path>D:\TI_MSPM0\ccs\tools\compiler\ti-cgt-armllvm_5.1.1.LTS\lib\armv6m-ti-none-eabi\c\</path>
         <kind>archive</kind>
         <file>libc.a</file>
         <name>muldf3_fast.c.obj</name>
      </input_file>
      <input_file id="fl-17f">
         <path>D:\TI_MSPM0\ccs\tools\compiler\ti-cgt-armllvm_5.1.1.LTS\lib\armv6m-ti-none-eabi\c\</path>
         <kind>archive</kind>
         <file>libc.a</file>
         <name>getdevice.c.obj</name>
      </input_file>
      <input_file id="fl-180">
         <path>D:\TI_MSPM0\ccs\tools\compiler\ti-cgt-armllvm_5.1.1.LTS\lib\armv6m-ti-none-eabi\c\</path>
         <kind>archive</kind>
         <file>libc.a</file>
         <name>memcpy16.S.obj</name>
      </input_file>
      <input_file id="fl-181">
         <path>D:\TI_MSPM0\ccs\tools\compiler\ti-cgt-armllvm_5.1.1.LTS\lib\armv6m-ti-none-eabi\c\</path>
         <kind>archive</kind>
         <file>libc.a</file>
         <name>memset16.S.obj</name>
      </input_file>
      <input_file id="fl-182">
         <path>D:\TI_MSPM0\ccs\tools\compiler\ti-cgt-armllvm_5.1.1.LTS\lib\armv6m-ti-none-eabi\c\</path>
         <kind>archive</kind>
         <file>libc.a</file>
         <name>strcmp-armv6m.S.obj</name>
      </input_file>
   </input_file_list>
   <object_component_list>
      <object_component id="oc-18">
         <name>.intvecs</name>
         <load_address>0x0</load_address>
         <readonly>true</readonly>
         <run_address>0x0</run_address>
         <size>0xc0</size>
         <alignment>0x4</alignment>
         <input_file_ref idref="fl-4"/>
      </object_component>
      <object_component id="oc-19e">
         <name>.text.__TI_scanfi</name>
         <load_address>0xc0</load_address>
         <readonly>true</readonly>
         <executable>true</executable>
         <run_address>0xc0</run_address>
         <size>0xc88</size>
         <alignment>0x4</alignment>
         <input_file_ref idref="fl-43"/>
      </object_component>
      <object_component id="oc-1f1">
         <name>.text:__TI_printfi</name>
         <load_address>0xd48</load_address>
         <readonly>true</readonly>
         <executable>true</executable>
         <run_address>0xd48</run_address>
         <size>0xa7c</size>
         <alignment>0x4</alignment>
         <input_file_ref idref="fl-42"/>
      </object_component>
      <object_component id="oc-e0">
         <name>.text.OLED_Init</name>
         <load_address>0x17c4</load_address>
         <readonly>true</readonly>
         <executable>true</executable>
         <run_address>0x17c4</run_address>
         <size>0x9fc</size>
         <alignment>0x4</alignment>
         <input_file_ref idref="fl-8"/>
      </object_component>
      <object_component id="oc-1cd">
         <name>.text.strtod</name>
         <load_address>0x21c0</load_address>
         <readonly>true</readonly>
         <executable>true</executable>
         <run_address>0x21c0</run_address>
         <size>0x3b0</size>
         <alignment>0x4</alignment>
         <input_file_ref idref="fl-4e"/>
      </object_component>
      <object_component id="oc-ed">
         <name>.text.OLED_ShowNum</name>
         <load_address>0x2570</load_address>
         <readonly>true</readonly>
         <executable>true</executable>
         <run_address>0x2570</run_address>
         <size>0x392</size>
         <alignment>0x2</alignment>
         <input_file_ref idref="fl-8"/>
      </object_component>
      <object_component id="oc-33">
         <name>.text.Default_Handler</name>
         <load_address>0x2902</load_address>
         <readonly>true</readonly>
         <executable>true</executable>
         <run_address>0x2902</run_address>
         <size>0x2</size>
         <alignment>0x2</alignment>
         <input_file_ref idref="fl-4"/>
      </object_component>
      <object_component id="oc-286">
         <name>.text.__divdf3_fast</name>
         <load_address>0x2904</load_address>
         <readonly>true</readonly>
         <executable>true</executable>
         <run_address>0x2904</run_address>
         <size>0x2dc</size>
         <alignment>0x4</alignment>
         <input_file_ref idref="fl-17d"/>
      </object_component>
      <object_component id="oc-99">
         <name>.text.main</name>
         <load_address>0x2be0</load_address>
         <readonly>true</readonly>
         <executable>true</executable>
         <run_address>0x2be0</run_address>
         <size>0x2bc</size>
         <alignment>0x4</alignment>
         <input_file_ref idref="fl-6"/>
      </object_component>
      <object_component id="oc-eb">
         <name>.text.OLED_Refresh</name>
         <load_address>0x2e9c</load_address>
         <readonly>true</readonly>
         <executable>true</executable>
         <run_address>0x2e9c</run_address>
         <size>0x254</size>
         <alignment>0x4</alignment>
         <input_file_ref idref="fl-8"/>
      </object_component>
      <object_component id="oc-14b">
         <name>.text.OLED_ShowChar</name>
         <load_address>0x30f0</load_address>
         <readonly>true</readonly>
         <executable>true</executable>
         <run_address>0x30f0</run_address>
         <size>0x20c</size>
         <alignment>0x4</alignment>
         <input_file_ref idref="fl-8"/>
      </object_component>
      <object_component id="oc-23a">
         <name>.text._pconv_a</name>
         <load_address>0x32fc</load_address>
         <readonly>true</readonly>
         <executable>true</executable>
         <run_address>0x32fc</run_address>
         <size>0x20c</size>
         <alignment>0x4</alignment>
         <input_file_ref idref="fl-42"/>
      </object_component>
      <object_component id="oc-23b">
         <name>.text._pconv_g</name>
         <load_address>0x3508</load_address>
         <readonly>true</readonly>
         <executable>true</executable>
         <run_address>0x3508</run_address>
         <size>0x1e0</size>
         <alignment>0x4</alignment>
         <input_file_ref idref="fl-42"/>
      </object_component>
      <object_component id="oc-1df">
         <name>.text.strtoll</name>
         <load_address>0x36e8</load_address>
         <readonly>true</readonly>
         <executable>true</executable>
         <run_address>0x36e8</run_address>
         <size>0x1dc</size>
         <alignment>0x4</alignment>
         <input_file_ref idref="fl-50"/>
      </object_component>
      <object_component id="oc-27c">
         <name>.text.__muldf3_fast</name>
         <load_address>0x38c4</load_address>
         <readonly>true</readonly>
         <executable>true</executable>
         <run_address>0x38c4</run_address>
         <size>0x1d8</size>
         <alignment>0x4</alignment>
         <input_file_ref idref="fl-17e"/>
      </object_component>
      <object_component id="oc-ec">
         <name>.text.BT_Poll</name>
         <load_address>0x3a9c</load_address>
         <readonly>true</readonly>
         <executable>true</executable>
         <run_address>0x3a9c</run_address>
         <size>0x198</size>
         <alignment>0x4</alignment>
         <input_file_ref idref="fl-1"/>
      </object_component>
      <object_component id="oc-1f8">
         <name>.text</name>
         <load_address>0x3c34</load_address>
         <readonly>true</readonly>
         <executable>true</executable>
         <run_address>0x3c34</run_address>
         <size>0x192</size>
         <alignment>0x4</alignment>
         <input_file_ref idref="fl-162"/>
      </object_component>
      <object_component id="oc-112">
         <name>.text.__aeabi_idiv0</name>
         <load_address>0x3dc6</load_address>
         <readonly>true</readonly>
         <executable>true</executable>
         <run_address>0x3dc6</run_address>
         <size>0x2</size>
         <alignment>0x2</alignment>
         <input_file_ref idref="fl-17c"/>
      </object_component>
      <object_component id="oc-76">
         <name>.text.GraySensor_Read</name>
         <load_address>0x3dc8</load_address>
         <readonly>true</readonly>
         <executable>true</executable>
         <run_address>0x3dc8</run_address>
         <size>0x16c</size>
         <alignment>0x4</alignment>
         <input_file_ref idref="fl-5"/>
      </object_component>
      <object_component id="oc-1d7">
         <name>.text.strtoull</name>
         <load_address>0x3f34</load_address>
         <readonly>true</readonly>
         <executable>true</executable>
         <run_address>0x3f34</run_address>
         <size>0x168</size>
         <alignment>0x4</alignment>
         <input_file_ref idref="fl-52"/>
      </object_component>
      <object_component id="oc-3f">
         <name>.text.TIMG6_IRQHandler</name>
         <load_address>0x409c</load_address>
         <readonly>true</readonly>
         <executable>true</executable>
         <run_address>0x409c</run_address>
         <size>0x160</size>
         <alignment>0x4</alignment>
         <input_file_ref idref="fl-6"/>
      </object_component>
      <object_component id="oc-1e3">
         <name>.text.strtol</name>
         <load_address>0x41fc</load_address>
         <readonly>true</readonly>
         <executable>true</executable>
         <run_address>0x41fc</run_address>
         <size>0x144</size>
         <alignment>0x4</alignment>
         <input_file_ref idref="fl-4f"/>
      </object_component>
      <object_component id="oc-27a">
         <name>.text.fcvt</name>
         <load_address>0x4340</load_address>
         <readonly>true</readonly>
         <executable>true</executable>
         <run_address>0x4340</run_address>
         <size>0x138</size>
         <alignment>0x4</alignment>
         <input_file_ref idref="fl-42"/>
      </object_component>
      <object_component id="oc-1db">
         <name>.text.strtoul</name>
         <load_address>0x4478</load_address>
         <readonly>true</readonly>
         <executable>true</executable>
         <run_address>0x4478</run_address>
         <size>0x12c</size>
         <alignment>0x4</alignment>
         <input_file_ref idref="fl-51"/>
      </object_component>
      <object_component id="oc-184">
         <name>.text.DL_Timer_initFourCCPWMMode</name>
         <load_address>0x45a4</load_address>
         <readonly>true</readonly>
         <executable>true</executable>
         <run_address>0x45a4</run_address>
         <size>0x104</size>
         <alignment>0x4</alignment>
         <input_file_ref idref="fl-18"/>
      </object_component>
      <object_component id="oc-189">
         <name>.text.DL_Timer_initTimerMode</name>
         <load_address>0x46a8</load_address>
         <readonly>true</readonly>
         <executable>true</executable>
         <run_address>0x46a8</run_address>
         <size>0xfc</size>
         <alignment>0x4</alignment>
         <input_file_ref idref="fl-18"/>
      </object_component>
      <object_component id="oc-23d">
         <name>.text._pconv_e</name>
         <load_address>0x47a4</load_address>
         <readonly>true</readonly>
         <executable>true</executable>
         <run_address>0x47a4</run_address>
         <size>0xfc</size>
         <alignment>0x4</alignment>
         <input_file_ref idref="fl-42"/>
      </object_component>
      <object_component id="oc-131">
         <name>.text.SYSCFG_DL_GPIO_init</name>
         <load_address>0x48a0</load_address>
         <readonly>true</readonly>
         <executable>true</executable>
         <run_address>0x48a0</run_address>
         <size>0xf8</size>
         <alignment>0x4</alignment>
         <input_file_ref idref="fl-3"/>
      </object_component>
      <object_component id="oc-7f">
         <name>.text.PID_Compute</name>
         <load_address>0x4998</load_address>
         <readonly>true</readonly>
         <executable>true</executable>
         <run_address>0x4998</run_address>
         <size>0xdc</size>
         <alignment>0x4</alignment>
         <input_file_ref idref="fl-7"/>
      </object_component>
      <object_component id="oc-205">
         <name>.text.scalbn</name>
         <load_address>0x4a74</load_address>
         <readonly>true</readonly>
         <executable>true</executable>
         <run_address>0x4a74</run_address>
         <size>0xdc</size>
         <alignment>0x4</alignment>
         <input_file_ref idref="fl-54"/>
      </object_component>
      <object_component id="oc-c0">
         <name>.text</name>
         <load_address>0x4b50</load_address>
         <readonly>true</readonly>
         <executable>true</executable>
         <run_address>0x4b50</run_address>
         <size>0xd8</size>
         <alignment>0x4</alignment>
         <input_file_ref idref="fl-161"/>
      </object_component>
      <object_component id="oc-156">
         <name>.text.BT_SendParams</name>
         <load_address>0x4c28</load_address>
         <readonly>true</readonly>
         <executable>true</executable>
         <run_address>0x4c28</run_address>
         <size>0xb0</size>
         <alignment>0x4</alignment>
         <input_file_ref idref="fl-1"/>
      </object_component>
      <object_component id="oc-258">
         <name>.text</name>
         <load_address>0x4cd8</load_address>
         <readonly>true</readonly>
         <executable>true</executable>
         <run_address>0x4cd8</run_address>
         <size>0xa2</size>
         <alignment>0x4</alignment>
         <input_file_ref idref="fl-177"/>
      </object_component>
      <object_component id="oc-290">
         <name>.text.__aeabi_ldiv0</name>
         <load_address>0x4d7a</load_address>
         <readonly>true</readonly>
         <executable>true</executable>
         <run_address>0x4d7a</run_address>
         <size>0x2</size>
         <alignment>0x2</alignment>
         <input_file_ref idref="fl-17c"/>
      </object_component>
      <object_component id="oc-7c">
         <name>.text.GraySensor_GetPosition</name>
         <load_address>0x4d7c</load_address>
         <readonly>true</readonly>
         <executable>true</executable>
         <run_address>0x4d7c</run_address>
         <size>0x9c</size>
         <alignment>0x4</alignment>
         <input_file_ref idref="fl-5"/>
      </object_component>
      <object_component id="oc-d5">
         <name>.text:memcpy</name>
         <load_address>0x4e18</load_address>
         <readonly>true</readonly>
         <executable>true</executable>
         <run_address>0x4e18</run_address>
         <size>0x9a</size>
         <alignment>0x1</alignment>
         <input_file_ref idref="fl-180"/>
      </object_component>
      <object_component id="oc-133">
         <name>.text.SYSCFG_DL_PWM_MOTOR_init</name>
         <load_address>0x4eb4</load_address>
         <readonly>true</readonly>
         <executable>true</executable>
         <run_address>0x4eb4</run_address>
         <size>0x90</size>
         <alignment>0x4</alignment>
         <input_file_ref idref="fl-3"/>
      </object_component>
      <object_component id="oc-121">
         <name>.text</name>
         <load_address>0x4f44</load_address>
         <readonly>true</readonly>
         <executable>true</executable>
         <run_address>0x4f44</run_address>
         <size>0x8c</size>
         <alignment>0x4</alignment>
         <input_file_ref idref="fl-176"/>
      </object_component>
      <object_component id="oc-bc">
         <name>.text</name>
         <load_address>0x4fd0</load_address>
         <readonly>true</readonly>
         <executable>true</executable>
         <run_address>0x4fd0</run_address>
         <size>0x8c</size>
         <alignment>0x4</alignment>
         <input_file_ref idref="fl-163"/>
      </object_component>
      <object_component id="oc-c8">
         <name>.text</name>
         <load_address>0x505c</load_address>
         <readonly>true</readonly>
         <executable>true</executable>
         <run_address>0x505c</run_address>
         <size>0x82</size>
         <alignment>0x4</alignment>
         <input_file_ref idref="fl-164"/>
      </object_component>
      <object_component id="oc-1c">
         <name>.text:decompress:lzss</name>
         <load_address>0x50e0</load_address>
         <readonly>true</readonly>
         <executable>true</executable>
         <run_address>0x50e0</run_address>
         <size>0x7c</size>
         <alignment>0x4</alignment>
         <input_file_ref idref="fl-41"/>
      </object_component>
      <object_component id="oc-7e">
         <name>.text.Motor_SetRightSpeed</name>
         <load_address>0x515c</load_address>
         <readonly>true</readonly>
         <executable>true</executable>
         <run_address>0x515c</run_address>
         <size>0x78</size>
         <alignment>0x4</alignment>
         <input_file_ref idref="fl-7"/>
      </object_component>
      <object_component id="oc-247">
         <name>.text.__gedf2</name>
         <load_address>0x51d4</load_address>
         <readonly>true</readonly>
         <executable>true</executable>
         <run_address>0x51d4</run_address>
         <size>0x74</size>
         <alignment>0x4</alignment>
         <input_file_ref idref="fl-16c"/>
      </object_component>
      <object_component id="oc-1a6">
         <name>.text._chkmbc</name>
         <load_address>0x5248</load_address>
         <readonly>true</readonly>
         <executable>true</executable>
         <run_address>0x5248</run_address>
         <size>0x74</size>
         <alignment>0x4</alignment>
         <input_file_ref idref="fl-37"/>
      </object_component>
      <object_component id="oc-169">
         <name>.text.HOSTexit</name>
         <load_address>0x52bc</load_address>
         <readonly>true</readonly>
         <executable>true</executable>
         <run_address>0x52bc</run_address>
         <size>0x4</size>
         <alignment>0x2</alignment>
         <input_file_ref idref="fl-151"/>
      </object_component>
      <object_component id="oc-1d3">
         <name>.text</name>
         <load_address>0x52c0</load_address>
         <readonly>true</readonly>
         <executable>true</executable>
         <run_address>0x52c0</run_address>
         <size>0x74</size>
         <alignment>0x10</alignment>
         <input_file_ref idref="fl-16b"/>
      </object_component>
      <object_component id="oc-df">
         <name>.text.Motor_Init</name>
         <load_address>0x5334</load_address>
         <readonly>true</readonly>
         <executable>true</executable>
         <run_address>0x5334</run_address>
         <size>0x70</size>
         <alignment>0x4</alignment>
         <input_file_ref idref="fl-7"/>
      </object_component>
      <object_component id="oc-7d">
         <name>.text.Motor_SetLeftSpeed</name>
         <load_address>0x53a4</load_address>
         <readonly>true</readonly>
         <executable>true</executable>
         <run_address>0x53a4</run_address>
         <size>0x70</size>
         <alignment>0x4</alignment>
         <input_file_ref idref="fl-7"/>
      </object_component>
      <object_component id="oc-12f">
         <name>.text.SYSCFG_DL_initPower</name>
         <load_address>0x5414</load_address>
         <readonly>true</readonly>
         <executable>true</executable>
         <run_address>0x5414</run_address>
         <size>0x70</size>
         <alignment>0x4</alignment>
         <input_file_ref idref="fl-3"/>
      </object_component>
      <object_component id="oc-246">
         <name>.text.__ledf2</name>
         <load_address>0x5484</load_address>
         <readonly>true</readonly>
         <executable>true</executable>
         <run_address>0x5484</run_address>
         <size>0x68</size>
         <alignment>0x4</alignment>
         <input_file_ref idref="fl-16c"/>
      </object_component>
      <object_component id="oc-279">
         <name>.text._mcpy</name>
         <load_address>0x54ec</load_address>
         <readonly>true</readonly>
         <executable>true</executable>
         <run_address>0x54ec</run_address>
         <size>0x66</size>
         <alignment>0x2</alignment>
         <input_file_ref idref="fl-42"/>
      </object_component>
      <object_component id="oc-12e">
         <name>.text:memset</name>
         <load_address>0x5552</load_address>
         <readonly>true</readonly>
         <executable>true</executable>
         <run_address>0x5552</run_address>
         <size>0x62</size>
         <alignment>0x1</alignment>
         <input_file_ref idref="fl-181"/>
      </object_component>
      <object_component id="oc-80">
         <name>.text.Motor_Stop</name>
         <load_address>0x55b4</load_address>
         <readonly>true</readonly>
         <executable>true</executable>
         <run_address>0x55b4</run_address>
         <size>0x60</size>
         <alignment>0x4</alignment>
         <input_file_ref idref="fl-7"/>
      </object_component>
      <object_component id="oc-136">
         <name>.text.SYSCFG_DL_UART_CONSOLE_init</name>
         <load_address>0x5614</load_address>
         <readonly>true</readonly>
         <executable>true</executable>
         <run_address>0x5614</run_address>
         <size>0x60</size>
         <alignment>0x4</alignment>
         <input_file_ref idref="fl-3"/>
      </object_component>
      <object_component id="oc-137">
         <name>.text.SYSCFG_DL_UART_EXT_init</name>
         <load_address>0x5674</load_address>
         <readonly>true</readonly>
         <executable>true</executable>
         <run_address>0x5674</run_address>
         <size>0x60</size>
         <alignment>0x4</alignment>
         <input_file_ref idref="fl-3"/>
      </object_component>
      <object_component id="oc-138">
         <name>.text.SYSCFG_DL_UART_PB_init</name>
         <load_address>0x56d4</load_address>
         <readonly>true</readonly>
         <executable>true</executable>
         <run_address>0x56d4</run_address>
         <size>0x60</size>
         <alignment>0x4</alignment>
         <input_file_ref idref="fl-3"/>
      </object_component>
      <object_component id="oc-141">
         <name>.text.DL_I2C_fillControllerTXFIFO</name>
         <load_address>0x5734</load_address>
         <readonly>true</readonly>
         <executable>true</executable>
         <run_address>0x5734</run_address>
         <size>0x5e</size>
         <alignment>0x2</alignment>
         <input_file_ref idref="fl-17"/>
      </object_component>
      <object_component id="oc-ea">
         <name>.text.OLED_ShowString</name>
         <load_address>0x5792</load_address>
         <readonly>true</readonly>
         <executable>true</executable>
         <run_address>0x5792</run_address>
         <size>0x5c</size>
         <alignment>0x2</alignment>
         <input_file_ref idref="fl-8"/>
      </object_component>
      <object_component id="oc-265">
         <name>.text.frexp</name>
         <load_address>0x57f0</load_address>
         <readonly>true</readonly>
         <executable>true</executable>
         <run_address>0x57f0</run_address>
         <size>0x5c</size>
         <alignment>0x4</alignment>
         <input_file_ref idref="fl-53"/>
      </object_component>
      <object_component id="oc-1fc">
         <name>.text</name>
         <load_address>0x584c</load_address>
         <readonly>true</readonly>
         <executable>true</executable>
         <run_address>0x584c</run_address>
         <size>0x5a</size>
         <alignment>0x4</alignment>
         <input_file_ref idref="fl-16d"/>
      </object_component>
      <object_component id="oc-c4">
         <name>.text</name>
         <load_address>0x58a8</load_address>
         <readonly>true</readonly>
         <executable>true</executable>
         <run_address>0x58a8</run_address>
         <size>0x5a</size>
         <alignment>0x4</alignment>
         <input_file_ref idref="fl-170"/>
      </object_component>
      <object_component id="oc-39">
         <name>.text.UART3_IRQHandler</name>
         <load_address>0x5904</load_address>
         <readonly>true</readonly>
         <executable>true</executable>
         <run_address>0x5904</run_address>
         <size>0x58</size>
         <alignment>0x4</alignment>
         <input_file_ref idref="fl-1"/>
      </object_component>
      <object_component id="oc-26d">
         <name>.text.__TI_ltoa</name>
         <load_address>0x595c</load_address>
         <readonly>true</readonly>
         <executable>true</executable>
         <run_address>0x595c</run_address>
         <size>0x58</size>
         <alignment>0x2</alignment>
         <input_file_ref idref="fl-47"/>
      </object_component>
      <object_component id="oc-23c">
         <name>.text._pconv_f</name>
         <load_address>0x59b4</load_address>
         <readonly>true</readonly>
         <executable>true</executable>
         <run_address>0x59b4</run_address>
         <size>0x58</size>
         <alignment>0x2</alignment>
         <input_file_ref idref="fl-42"/>
      </object_component>
      <object_component id="oc-29a">
         <name>.text</name>
         <load_address>0x5a0c</load_address>
         <readonly>true</readonly>
         <executable>true</executable>
         <run_address>0x5a0c</run_address>
         <size>0x56</size>
         <alignment>0x4</alignment>
         <input_file_ref idref="fl-171"/>
      </object_component>
      <object_component id="oc-63">
         <name>.text.Encoder_ISR</name>
         <load_address>0x5a64</load_address>
         <readonly>true</readonly>
         <executable>true</executable>
         <run_address>0x5a64</run_address>
         <size>0x54</size>
         <alignment>0x4</alignment>
         <input_file_ref idref="fl-7"/>
      </object_component>
      <object_component id="oc-135">
         <name>.text.SYSCFG_DL_I2C_BUS_init</name>
         <load_address>0x5ab8</load_address>
         <readonly>true</readonly>
         <executable>true</executable>
         <run_address>0x5ab8</run_address>
         <size>0x54</size>
         <alignment>0x4</alignment>
         <input_file_ref idref="fl-3"/>
      </object_component>
      <object_component id="oc-277">
         <name>.text._ecpy</name>
         <load_address>0x5b0c</load_address>
         <readonly>true</readonly>
         <executable>true</executable>
         <run_address>0x5b0c</run_address>
         <size>0x52</size>
         <alignment>0x2</alignment>
         <input_file_ref idref="fl-42"/>
      </object_component>
      <object_component id="oc-269">
         <name>.text</name>
         <load_address>0x5b60</load_address>
         <readonly>true</readonly>
         <executable>true</executable>
         <run_address>0x5b60</run_address>
         <size>0x4a</size>
         <alignment>0x4</alignment>
         <input_file_ref idref="fl-166"/>
      </object_component>
      <object_component id="oc-18f">
         <name>.text.DL_UART_init</name>
         <load_address>0x5bac</load_address>
         <readonly>true</readonly>
         <executable>true</executable>
         <run_address>0x5bac</run_address>
         <size>0x48</size>
         <alignment>0x4</alignment>
         <input_file_ref idref="fl-19"/>
      </object_component>
      <object_component id="oc-15b">
         <name>.text.snprintf</name>
         <load_address>0x5bf4</load_address>
         <readonly>true</readonly>
         <executable>true</executable>
         <run_address>0x5bf4</run_address>
         <size>0x48</size>
         <alignment>0x4</alignment>
         <input_file_ref idref="fl-36"/>
      </object_component>
      <object_component id="oc-1c3">
         <name>.text.atoi</name>
         <load_address>0x5c3c</load_address>
         <readonly>true</readonly>
         <executable>true</executable>
         <run_address>0x5c3c</run_address>
         <size>0x44</size>
         <alignment>0x4</alignment>
         <input_file_ref idref="fl-4a"/>
      </object_component>
      <object_component id="oc-e8">
         <name>.text.BT_Send</name>
         <load_address>0x5c80</load_address>
         <readonly>true</readonly>
         <executable>true</executable>
         <run_address>0x5c80</run_address>
         <size>0x40</size>
         <alignment>0x4</alignment>
         <input_file_ref idref="fl-1"/>
      </object_component>
      <object_component id="oc-da">
         <name>.text.SYSCFG_DL_init</name>
         <load_address>0x5cc0</load_address>
         <readonly>true</readonly>
         <executable>true</executable>
         <run_address>0x5cc0</run_address>
         <size>0x40</size>
         <alignment>0x4</alignment>
         <input_file_ref idref="fl-3"/>
      </object_component>
      <object_component id="oc-ac">
         <name>.text</name>
         <load_address>0x5d00</load_address>
         <readonly>true</readonly>
         <executable>true</executable>
         <run_address>0x5d00</run_address>
         <size>0x40</size>
         <alignment>0x4</alignment>
         <input_file_ref idref="fl-172"/>
      </object_component>
      <object_component id="oc-157">
         <name>.text</name>
         <load_address>0x5d40</load_address>
         <readonly>true</readonly>
         <executable>true</executable>
         <run_address>0x5d40</run_address>
         <size>0x40</size>
         <alignment>0x4</alignment>
         <input_file_ref idref="fl-165"/>
      </object_component>
      <object_component id="oc-134">
         <name>.text.SYSCFG_DL_CTRL_TIMER_init</name>
         <load_address>0x5d80</load_address>
         <readonly>true</readonly>
         <executable>true</executable>
         <run_address>0x5d80</run_address>
         <size>0x3c</size>
         <alignment>0x4</alignment>
         <input_file_ref idref="fl-3"/>
      </object_component>
      <object_component id="oc-100">
         <name>.text:__TI_auto_init_nobinit_nopinit</name>
         <load_address>0x5dbc</load_address>
         <readonly>true</readonly>
         <executable>true</executable>
         <run_address>0x5dbc</run_address>
         <size>0x3c</size>
         <alignment>0x4</alignment>
         <input_file_ref idref="fl-3c"/>
      </object_component>
      <object_component id="oc-b8">
         <name>.text</name>
         <load_address>0x5df8</load_address>
         <readonly>true</readonly>
         <executable>true</executable>
         <run_address>0x5df8</run_address>
         <size>0x3c</size>
         <alignment>0x4</alignment>
         <input_file_ref idref="fl-169"/>
      </object_component>
      <object_component id="oc-11b">
         <name>.text</name>
         <load_address>0x5e34</load_address>
         <readonly>true</readonly>
         <executable>true</executable>
         <run_address>0x5e34</run_address>
         <size>0x3a</size>
         <alignment>0x4</alignment>
         <input_file_ref idref="fl-179"/>
      </object_component>
      <object_component id="oc-cc">
         <name>.text</name>
         <load_address>0x5e70</load_address>
         <readonly>true</readonly>
         <executable>true</executable>
         <run_address>0x5e70</run_address>
         <size>0x38</size>
         <alignment>0x4</alignment>
         <input_file_ref idref="fl-167"/>
      </object_component>
      <object_component id="oc-13d">
         <name>.text.delay_ms</name>
         <load_address>0x5ea8</load_address>
         <readonly>true</readonly>
         <executable>true</executable>
         <run_address>0x5ea8</run_address>
         <size>0x34</size>
         <alignment>0x2</alignment>
         <input_file_ref idref="fl-2"/>
      </object_component>
      <object_component id="oc-1ae">
         <name>.text._outs</name>
         <load_address>0x5edc</load_address>
         <readonly>true</readonly>
         <executable>true</executable>
         <run_address>0x5edc</run_address>
         <size>0x32</size>
         <alignment>0x2</alignment>
         <input_file_ref idref="fl-36"/>
      </object_component>
      <object_component id="oc-152">
         <name>.text.strstr</name>
         <load_address>0x5f0e</load_address>
         <readonly>true</readonly>
         <executable>true</executable>
         <run_address>0x5f0e</run_address>
         <size>0x32</size>
         <alignment>0x2</alignment>
         <input_file_ref idref="fl-39"/>
      </object_component>
      <object_component id="oc-e7">
         <name>.text.BT_Init</name>
         <load_address>0x5f40</load_address>
         <readonly>true</readonly>
         <executable>true</executable>
         <run_address>0x5f40</run_address>
         <size>0x30</size>
         <alignment>0x4</alignment>
         <input_file_ref idref="fl-1"/>
      </object_component>
      <object_component id="oc-14a">
         <name>.text.DL_UART_transmitDataBlocking</name>
         <load_address>0x5f70</load_address>
         <readonly>true</readonly>
         <executable>true</executable>
         <run_address>0x5f70</run_address>
         <size>0x30</size>
         <alignment>0x4</alignment>
         <input_file_ref idref="fl-19"/>
      </object_component>
      <object_component id="oc-132">
         <name>.text.SYSCFG_DL_SYSCTL_init</name>
         <load_address>0x5fa0</load_address>
         <readonly>true</readonly>
         <executable>true</executable>
         <run_address>0x5fa0</run_address>
         <size>0x30</size>
         <alignment>0x4</alignment>
         <input_file_ref idref="fl-3"/>
      </object_component>
      <object_component id="oc-234">
         <name>.text.__unorddf2</name>
         <load_address>0x5fd0</load_address>
         <readonly>true</readonly>
         <executable>true</executable>
         <run_address>0x5fd0</run_address>
         <size>0x30</size>
         <alignment>0x4</alignment>
         <input_file_ref idref="fl-16c"/>
      </object_component>
      <object_component id="oc-278">
         <name>.text._fcpy</name>
         <load_address>0x6000</load_address>
         <readonly>true</readonly>
         <executable>true</executable>
         <run_address>0x6000</run_address>
         <size>0x30</size>
         <alignment>0x2</alignment>
         <input_file_ref idref="fl-42"/>
      </object_component>
      <object_component id="oc-14c">
         <name>.text.sscanf</name>
         <load_address>0x6030</load_address>
         <readonly>true</readonly>
         <executable>true</executable>
         <run_address>0x6030</run_address>
         <size>0x30</size>
         <alignment>0x4</alignment>
         <input_file_ref idref="fl-37"/>
      </object_component>
      <object_component id="oc-271">
         <name>.text</name>
         <load_address>0x6060</load_address>
         <readonly>true</readonly>
         <executable>true</executable>
         <run_address>0x6060</run_address>
         <size>0x2c</size>
         <alignment>0x4</alignment>
         <input_file_ref idref="fl-168"/>
      </object_component>
      <object_component id="oc-5c">
         <name>.text:_c_int00_noargs</name>
         <load_address>0x608c</load_address>
         <readonly>true</readonly>
         <executable>true</executable>
         <run_address>0x608c</run_address>
         <size>0x28</size>
         <alignment>0x4</alignment>
         <input_file_ref idref="fl-3a"/>
      </object_component>
      <object_component id="oc-18c">
         <name>.text.DL_I2C_setClockConfig</name>
         <load_address>0x60b4</load_address>
         <readonly>true</readonly>
         <executable>true</executable>
         <run_address>0x60b4</run_address>
         <size>0x26</size>
         <alignment>0x2</alignment>
         <input_file_ref idref="fl-17"/>
      </object_component>
      <object_component id="oc-e6">
         <name>.text.PID_Init</name>
         <load_address>0x60da</load_address>
         <readonly>true</readonly>
         <executable>true</executable>
         <run_address>0x60da</run_address>
         <size>0x24</size>
         <alignment>0x2</alignment>
         <input_file_ref idref="fl-7"/>
      </object_component>
      <object_component id="oc-20f">
         <name>.text</name>
         <load_address>0x6100</load_address>
         <readonly>true</readonly>
         <executable>true</executable>
         <run_address>0x6100</run_address>
         <size>0x24</size>
         <alignment>0x4</alignment>
         <input_file_ref idref="fl-16a"/>
      </object_component>
      <object_component id="oc-228">
         <name>.text.memccpy</name>
         <load_address>0x6124</load_address>
         <readonly>true</readonly>
         <executable>true</executable>
         <run_address>0x6124</run_address>
         <size>0x22</size>
         <alignment>0x2</alignment>
         <input_file_ref idref="fl-4c"/>
      </object_component>
      <object_component id="oc-6b">
         <name>.text.DL_UART_receiveDataBlocking</name>
         <load_address>0x6148</load_address>
         <readonly>true</readonly>
         <executable>true</executable>
         <run_address>0x6148</run_address>
         <size>0x20</size>
         <alignment>0x4</alignment>
         <input_file_ref idref="fl-19"/>
      </object_component>
      <object_component id="oc-291">
         <name>.text</name>
         <load_address>0x6168</load_address>
         <readonly>true</readonly>
         <executable>true</executable>
         <run_address>0x6168</run_address>
         <size>0x1e</size>
         <alignment>0x4</alignment>
         <input_file_ref idref="fl-17a"/>
      </object_component>
      <object_component id="oc-186">
         <name>.text.DL_Timer_setCaptCompUpdateMethod</name>
         <load_address>0x6188</load_address>
         <readonly>true</readonly>
         <executable>true</executable>
         <run_address>0x6188</run_address>
         <size>0x1c</size>
         <alignment>0x4</alignment>
         <input_file_ref idref="fl-18"/>
      </object_component>
      <object_component id="oc-183">
         <name>.text.DL_Timer_setClockConfig</name>
         <load_address>0x61a4</load_address>
         <readonly>true</readonly>
         <executable>true</executable>
         <run_address>0x61a4</run_address>
         <size>0x1c</size>
         <alignment>0x4</alignment>
         <input_file_ref idref="fl-18"/>
      </object_component>
      <object_component id="oc-91">
         <name>.text</name>
         <load_address>0x61c0</load_address>
         <readonly>true</readonly>
         <executable>true</executable>
         <run_address>0x61c0</run_address>
         <size>0x1a</size>
         <alignment>0x4</alignment>
         <input_file_ref idref="fl-175"/>
      </object_component>
      <object_component id="oc-185">
         <name>.text.DL_Timer_setCaptureCompareOutCtl</name>
         <load_address>0x61dc</load_address>
         <readonly>true</readonly>
         <executable>true</executable>
         <run_address>0x61dc</run_address>
         <size>0x18</size>
         <alignment>0x4</alignment>
         <input_file_ref idref="fl-18"/>
      </object_component>
      <object_component id="oc-e9">
         <name>.text.OLED_Clear</name>
         <load_address>0x61f4</load_address>
         <readonly>true</readonly>
         <executable>true</executable>
         <run_address>0x61f4</run_address>
         <size>0x18</size>
         <alignment>0x4</alignment>
         <input_file_ref idref="fl-8"/>
      </object_component>
      <object_component id="oc-1af">
         <name>.text._outc</name>
         <load_address>0x620c</load_address>
         <readonly>true</readonly>
         <executable>true</executable>
         <run_address>0x620c</run_address>
         <size>0x18</size>
         <alignment>0x2</alignment>
         <input_file_ref idref="fl-36"/>
      </object_component>
      <object_component id="oc-1a5">
         <name>.text._inpchar</name>
         <load_address>0x6224</load_address>
         <readonly>true</readonly>
         <executable>true</executable>
         <run_address>0x6224</run_address>
         <size>0x14</size>
         <alignment>0x2</alignment>
         <input_file_ref idref="fl-37"/>
      </object_component>
      <object_component id="oc-213">
         <name>.text</name>
         <load_address>0x6238</load_address>
         <readonly>true</readonly>
         <executable>true</executable>
         <run_address>0x6238</run_address>
         <size>0x14</size>
         <alignment>0x4</alignment>
         <input_file_ref idref="fl-173"/>
      </object_component>
      <object_component id="oc-18e">
         <name>.text.DL_UART_setClockConfig</name>
         <load_address>0x624c</load_address>
         <readonly>true</readonly>
         <executable>true</executable>
         <run_address>0x624c</run_address>
         <size>0x12</size>
         <alignment>0x2</alignment>
         <input_file_ref idref="fl-19"/>
      </object_component>
      <object_component id="oc-276">
         <name>.text.strchr</name>
         <load_address>0x625e</load_address>
         <readonly>true</readonly>
         <executable>true</executable>
         <run_address>0x625e</run_address>
         <size>0x12</size>
         <alignment>0x2</alignment>
         <input_file_ref idref="fl-42"/>
      </object_component>
      <object_component id="oc-20">
         <name>.text:decompress:none</name>
         <load_address>0x6270</load_address>
         <readonly>true</readonly>
         <executable>true</executable>
         <run_address>0x6270</run_address>
         <size>0x12</size>
         <alignment>0x2</alignment>
         <input_file_ref idref="fl-40"/>
      </object_component>
      <object_component id="oc-b0">
         <name>.text.DL_Timer_setCaptureCompareValue</name>
         <load_address>0x6284</load_address>
         <readonly>true</readonly>
         <executable>true</executable>
         <run_address>0x6284</run_address>
         <size>0x10</size>
         <alignment>0x4</alignment>
         <input_file_ref idref="fl-18"/>
      </object_component>
      <object_component id="oc-22f">
         <name>.text.wcslen</name>
         <load_address>0x6294</load_address>
         <readonly>true</readonly>
         <executable>true</executable>
         <run_address>0x6294</run_address>
         <size>0x10</size>
         <alignment>0x2</alignment>
         <input_file_ref idref="fl-55"/>
      </object_component>
      <object_component id="oc-59">
         <name>.text:decompress:ZI</name>
         <load_address>0x62a4</load_address>
         <readonly>true</readonly>
         <executable>true</executable>
         <run_address>0x62a4</run_address>
         <size>0x10</size>
         <alignment>0x2</alignment>
         <input_file_ref idref="fl-3f"/>
      </object_component>
      <object_component id="oc-227">
         <name>.text.strlen</name>
         <load_address>0x62b4</load_address>
         <readonly>true</readonly>
         <executable>true</executable>
         <run_address>0x62b4</run_address>
         <size>0xe</size>
         <alignment>0x2</alignment>
         <input_file_ref idref="fl-42"/>
      </object_component>
      <object_component id="oc-17f">
         <name>.text.DL_Common_delayCycles</name>
         <load_address>0x62c2</load_address>
         <readonly>true</readonly>
         <executable>true</executable>
         <run_address>0x62c2</run_address>
         <size>0xa</size>
         <alignment>0x2</alignment>
         <input_file_ref idref="fl-16"/>
      </object_component>
      <object_component id="oc-275">
         <name>.text.OUTLINED_FUNCTION_0</name>
         <load_address>0x62cc</load_address>
         <readonly>true</readonly>
         <executable>true</executable>
         <run_address>0x62cc</run_address>
         <size>0xa</size>
         <alignment>0x2</alignment>
         <input_file_ref idref="fl-42"/>
      </object_component>
      <object_component id="oc-2f7">
         <name>.tramp.__aeabi_dsub.1</name>
         <load_address>0x62d8</load_address>
         <readonly>true</readonly>
         <executable>true</executable>
         <run_address>0x62d8</run_address>
         <size>0x10</size>
         <alignment>0x4</alignment>
         <input_file_ref idref="fl-162"/>
      </object_component>
      <object_component id="oc-1c2">
         <name>.text.OUTLINED_FUNCTION_0</name>
         <load_address>0x62e8</load_address>
         <readonly>true</readonly>
         <executable>true</executable>
         <run_address>0x62e8</run_address>
         <size>0xa</size>
         <alignment>0x2</alignment>
         <input_file_ref idref="fl-43"/>
      </object_component>
      <object_component id="oc-27b">
         <name>.text.OUTLINED_FUNCTION_1</name>
         <load_address>0x62f2</load_address>
         <readonly>true</readonly>
         <executable>true</executable>
         <run_address>0x62f2</run_address>
         <size>0xa</size>
         <alignment>0x2</alignment>
         <input_file_ref idref="fl-42"/>
      </object_component>
      <object_component id="oc-34">
         <name>.text.GROUP1_IRQHandler</name>
         <load_address>0x62fc</load_address>
         <readonly>true</readonly>
         <executable>true</executable>
         <run_address>0x62fc</run_address>
         <size>0x8</size>
         <alignment>0x2</alignment>
         <input_file_ref idref="fl-6"/>
      </object_component>
      <object_component id="oc-1f5">
         <name>.text.OUTLINED_FUNCTION_0</name>
         <load_address>0x6304</load_address>
         <readonly>true</readonly>
         <executable>true</executable>
         <run_address>0x6304</run_address>
         <size>0x8</size>
         <alignment>0x2</alignment>
         <input_file_ref idref="fl-4e"/>
      </object_component>
      <object_component id="oc-1c0">
         <name>.text.OUTLINED_FUNCTION_1</name>
         <load_address>0x630c</load_address>
         <readonly>true</readonly>
         <executable>true</executable>
         <run_address>0x630c</run_address>
         <size>0x8</size>
         <alignment>0x2</alignment>
         <input_file_ref idref="fl-43"/>
      </object_component>
      <object_component id="oc-1f6">
         <name>.text.OUTLINED_FUNCTION_1</name>
         <load_address>0x6314</load_address>
         <readonly>true</readonly>
         <executable>true</executable>
         <run_address>0x6314</run_address>
         <size>0x8</size>
         <alignment>0x2</alignment>
         <input_file_ref idref="fl-4e"/>
      </object_component>
      <object_component id="oc-2f8">
         <name>.tramp.__aeabi_dcmpeq.1</name>
         <load_address>0x631c</load_address>
         <readonly>true</readonly>
         <executable>true</executable>
         <run_address>0x631c</run_address>
         <size>0x10</size>
         <alignment>0x4</alignment>
         <input_file_ref idref="fl-16d"/>
      </object_component>
      <object_component id="oc-1e7">
         <name>.text.OUTLINED_FUNCTION_2</name>
         <load_address>0x632c</load_address>
         <readonly>true</readonly>
         <executable>true</executable>
         <run_address>0x632c</run_address>
         <size>0x8</size>
         <alignment>0x2</alignment>
         <input_file_ref idref="fl-43"/>
      </object_component>
      <object_component id="oc-250">
         <name>.text.__aeabi_ddiv_fast</name>
         <load_address>0x6334</load_address>
         <readonly>true</readonly>
         <executable>true</executable>
         <run_address>0x6334</run_address>
         <size>0x8</size>
         <alignment>0x2</alignment>
         <input_file_ref idref="fl-16e"/>
      </object_component>
      <object_component id="oc-23e">
         <name>.text.__aeabi_dmul_fast</name>
         <load_address>0x633c</load_address>
         <readonly>true</readonly>
         <executable>true</executable>
         <run_address>0x633c</run_address>
         <size>0x8</size>
         <alignment>0x2</alignment>
         <input_file_ref idref="fl-16f"/>
      </object_component>
      <object_component id="oc-200">
         <name>.text.__aeabi_errno_addr</name>
         <load_address>0x6344</load_address>
         <readonly>true</readonly>
         <executable>true</executable>
         <run_address>0x6344</run_address>
         <size>0x8</size>
         <alignment>0x4</alignment>
         <input_file_ref idref="fl-44"/>
      </object_component>
      <object_component id="oc-1a4">
         <name>.text._uninpchar</name>
         <load_address>0x634c</load_address>
         <readonly>true</readonly>
         <executable>true</executable>
         <run_address>0x634c</run_address>
         <size>0x8</size>
         <alignment>0x2</alignment>
         <input_file_ref idref="fl-37"/>
      </object_component>
      <object_component id="oc-4c">
         <name>.text</name>
         <load_address>0x6354</load_address>
         <readonly>true</readonly>
         <executable>true</executable>
         <run_address>0x6354</run_address>
         <size>0x8</size>
         <alignment>0x4</alignment>
         <input_file_ref idref="fl-174"/>
      </object_component>
      <object_component id="oc-1c7">
         <name>.text.OUTLINED_FUNCTION_3</name>
         <load_address>0x635c</load_address>
         <readonly>true</readonly>
         <executable>true</executable>
         <run_address>0x635c</run_address>
         <size>0x6</size>
         <alignment>0x2</alignment>
         <input_file_ref idref="fl-43"/>
      </object_component>
      <object_component id="oc-1c1">
         <name>.text.OUTLINED_FUNCTION_4</name>
         <load_address>0x6362</load_address>
         <readonly>true</readonly>
         <executable>true</executable>
         <run_address>0x6362</run_address>
         <size>0x6</size>
         <alignment>0x2</alignment>
         <input_file_ref idref="fl-43"/>
      </object_component>
      <object_component id="oc-f9">
         <name>.text:abort</name>
         <load_address>0x6368</load_address>
         <readonly>true</readonly>
         <executable>true</executable>
         <run_address>0x6368</run_address>
         <size>0x6</size>
         <alignment>0x2</alignment>
         <input_file_ref idref="fl-45"/>
      </object_component>
      <object_component id="oc-2f">
         <name>.text.Reset_Handler</name>
         <load_address>0x636e</load_address>
         <readonly>true</readonly>
         <executable>true</executable>
         <run_address>0x636e</run_address>
         <size>0x4</size>
         <alignment>0x2</alignment>
         <input_file_ref idref="fl-4"/>
      </object_component>
      <object_component id="oc-95">
         <name>.text._system_pre_init</name>
         <load_address>0x6372</load_address>
         <readonly>true</readonly>
         <executable>true</executable>
         <run_address>0x6372</run_address>
         <size>0x4</size>
         <alignment>0x2</alignment>
         <input_file_ref idref="fl-3d"/>
      </object_component>
      <object_component id="oc-2f3">
         <name>.cinit..data.load</name>
         <load_address>0x7e20</load_address>
         <readonly>true</readonly>
         <run_address>0x7e20</run_address>
         <size>0x1c</size>
         <alignment>0x1</alignment>
      </object_component>
      <object_component id="oc-2f1">
         <name>__TI_handler_table</name>
         <load_address>0x7e3c</load_address>
         <readonly>true</readonly>
         <run_address>0x7e3c</run_address>
         <size>0xc</size>
         <alignment>0x4</alignment>
      </object_component>
      <object_component id="oc-2f4">
         <name>.cinit..bss.load</name>
         <load_address>0x7e48</load_address>
         <readonly>true</readonly>
         <run_address>0x7e48</run_address>
         <size>0x8</size>
         <alignment>0x4</alignment>
      </object_component>
      <object_component id="oc-2f2">
         <name>__TI_cinit_table</name>
         <load_address>0x7e50</load_address>
         <readonly>true</readonly>
         <run_address>0x7e50</run_address>
         <size>0x10</size>
         <alignment>0x4</alignment>
      </object_component>
      <object_component id="oc-19b">
         <name>.rodata.asc2_2412</name>
         <load_address>0x6380</load_address>
         <readonly>true</readonly>
         <run_address>0x6380</run_address>
         <size>0xd5c</size>
         <alignment>0x1</alignment>
         <input_file_ref idref="fl-8"/>
      </object_component>
      <object_component id="oc-19c">
         <name>.rodata.asc2_1608</name>
         <load_address>0x70dc</load_address>
         <readonly>true</readonly>
         <run_address>0x70dc</run_address>
         <size>0x5f0</size>
         <alignment>0x1</alignment>
         <input_file_ref idref="fl-8"/>
      </object_component>
      <object_component id="oc-19d">
         <name>.rodata.asc2_1206</name>
         <load_address>0x76cc</load_address>
         <readonly>true</readonly>
         <run_address>0x76cc</run_address>
         <size>0x474</size>
         <alignment>0x1</alignment>
         <input_file_ref idref="fl-8"/>
      </object_component>
      <object_component id="oc-1c8">
         <name>.rodata:__aeabi_ctype_table_</name>
         <load_address>0x7b40</load_address>
         <readonly>true</readonly>
         <run_address>0x7b40</run_address>
         <size>0x101</size>
         <alignment>0x10</alignment>
         <input_file_ref idref="fl-38"/>
      </object_component>
      <object_component id="oc-1c9">
         <name>.rodata._sproc_int.flit</name>
         <load_address>0x7c41</load_address>
         <readonly>true</readonly>
         <run_address>0x7c41</run_address>
         <size>0x7</size>
         <alignment>0x1</alignment>
         <input_file_ref idref="fl-43"/>
      </object_component>
      <object_component id="oc-20a">
         <name>.rodata.digits</name>
         <load_address>0x7c48</load_address>
         <readonly>true</readonly>
         <run_address>0x7c48</run_address>
         <size>0x80</size>
         <alignment>0x8</alignment>
         <input_file_ref idref="fl-4e"/>
[...]
         <name>DL_Timer_setClockConfig</name>
         <value>0x61a5</value>
         <object_component_ref idref="oc-183"/>
      </symbol>
      <symbol id="sm-1a3">
         <name>DL_Timer_initTimerMode</name>
         <value>0x46a9</value>
         <object_component_ref idref="oc-189"/>
      </symbol>
      <symbol id="sm-1a4">
         <name>DL_Timer_setCaptureCompareValue</name>
         <value>0x6285</value>
         <object_component_ref idref="oc-b0"/>
      </symbol>
      <symbol id="sm-1a5">
         <name>DL_Timer_setCaptCompUpdateMethod</name>
         <value>0x6189</value>
         <object_component_ref idref="oc-186"/>
      </symbol>
      <symbol id="sm-1a6">
         <name>DL_Timer_setCaptureCompareOutCtl</name>
         <value>0x61dd</value>
         <object_component_ref idref="oc-185"/>
      </symbol>
      <symbol id="sm-1a7">
         <name>DL_Timer_initFourCCPWMMode</name>
         <value>0x45a5</value>
         <object_component_ref idref="oc-184"/>
      </symbol>
      <symbol id="sm-1ba">
         <name>DL_UART_init</name>
         <value>0x5bad</value>
         <object_component_ref idref="oc-18f"/>
      </symbol>
      <symbol id="sm-1bb">
         <name>DL_UART_setClockConfig</name>
         <value>0x624d</value>
         <object_component_ref idref="oc-18e"/>
      </symbol>
      <symbol id="sm-1bc">
         <name>DL_UART_receiveDataBlocking</name>
         <value>0x6149</value>
         <object_component_ref idref="oc-6b"/>
      </symbol>
      <symbol id="sm-1bd">
         <name>DL_UART_transmitDataBlocking</name>
         <value>0x5f71</value>
         <object_component_ref idref="oc-14a"/>
      </symbol>
      <symbol id="sm-1ce">
         <name>snprintf</name>
         <value>0x5bf5</value>
         <object_component_ref idref="oc-15b"/>
      </symbol>
      <symbol id="sm-1e3">
         <name>sscanf</name>
         <value>0x6031</value>
         <object_component_ref idref="oc-14c"/>
      </symbol>
      <symbol id="sm-1e4">
         <name>__aeabi_ctype_table_</name>
         <value>0x7b40</value>
         <object_component_ref idref="oc-1c8"/>
      </symbol>
      <symbol id="sm-1e5">
         <name>__aeabi_ctype_table_C</name>
         <value>0x7b40</value>
         <object_component_ref idref="oc-1c8"/>
      </symbol>
      <symbol id="sm-1ee">
         <name>strstr</name>
         <value>0x5f0f</value>
         <object_component_ref idref="oc-152"/>
      </symbol>
      <symbol id="sm-1f9">
         <name>_c_int00_noargs</name>
         <value>0x608d</value>
         <object_component_ref idref="oc-5c"/>
      </symbol>
      <symbol id="sm-1fa">
         <name>__stack</name>
         <value>0x20207e00</value>
         <object_component_ref idref="oc-1a"/>
      </symbol>
      <symbol id="sm-206">
         <name>__TI_auto_init_nobinit_nopinit</name>
         <value>0x5dbd</value>
         <object_component_ref idref="oc-100"/>
      </symbol>
      <symbol id="sm-20e">
         <name>_system_pre_init</name>
         <value>0x6373</value>
         <object_component_ref idref="oc-95"/>
      </symbol>
      <symbol id="sm-219">
         <name>__TI_zero_init</name>
         <value>0x62a5</value>
         <object_component_ref idref="oc-59"/>
      </symbol>
      <symbol id="sm-222">
         <name>__TI_decompress_none</name>
         <value>0x6271</value>
         <object_component_ref idref="oc-20"/>
      </symbol>
      <symbol id="sm-22d">
         <name>__TI_decompress_lzss</name>
         <value>0x50e1</value>
         <object_component_ref idref="oc-1c"/>
      </symbol>
      <symbol id="sm-27a">
         <name>__TI_printfi</name>
         <value>0xd49</value>
         <object_component_ref idref="oc-1f1"/>
      </symbol>
      <symbol id="sm-2aa">
         <name>__TI_scanfi</name>
         <value>0xc1</value>
         <object_component_ref idref="oc-19e"/>
      </symbol>
      <symbol id="sm-2b5">
         <name>__aeabi_errno_addr</name>
         <value>0x6345</value>
         <object_component_ref idref="oc-200"/>
      </symbol>
      <symbol id="sm-2b6">
         <name>__aeabi_errno</name>
         <value>0x20200554</value>
         <object_component_ref idref="oc-249"/>
      </symbol>
      <symbol id="sm-2c0">
         <name>abort</name>
         <value>0x6369</value>
         <object_component_ref idref="oc-f9"/>
      </symbol>
      <symbol id="sm-2ca">
         <name>__TI_ltoa</name>
         <value>0x595d</value>
         <object_component_ref idref="oc-26d"/>
      </symbol>
      <symbol id="sm-2d6">
         <name>atoi</name>
         <value>0x5c3d</value>
         <object_component_ref idref="oc-1c3"/>
      </symbol>
      <symbol id="sm-2e0">
         <name>memccpy</name>
         <value>0x6125</value>
         <object_component_ref idref="oc-228"/>
      </symbol>
      <symbol id="sm-2f6">
         <name>strtod</name>
         <value>0x21c1</value>
         <object_component_ref idref="oc-1cd"/>
      </symbol>
      <symbol id="sm-2f7">
         <name>strtold</name>
         <value>0x21c1</value>
         <object_component_ref idref="oc-1cd"/>
      </symbol>
      <symbol id="sm-302">
         <name>strtol</name>
         <value>0x41fd</value>
         <object_component_ref idref="oc-1e3"/>
      </symbol>
      <symbol id="sm-30d">
         <name>strtoll</name>
         <value>0x36e9</value>
         <object_component_ref idref="oc-1df"/>
      </symbol>
      <symbol id="sm-318">
         <name>strtoul</name>
         <value>0x4479</value>
         <object_component_ref idref="oc-1db"/>
      </symbol>
      <symbol id="sm-323">
         <name>strtoull</name>
         <value>0x3f35</value>
         <object_component_ref idref="oc-1d7"/>
      </symbol>
      <symbol id="sm-32d">
         <name>frexp</name>
         <value>0x57f1</value>
         <object_component_ref idref="oc-265"/>
      </symbol>
      <symbol id="sm-32e">
         <name>frexpl</name>
         <value>0x57f1</value>
         <object_component_ref idref="oc-265"/>
      </symbol>
      <symbol id="sm-338">
         <name>scalbn</name>
         <value>0x4a75</value>
         <object_component_ref idref="oc-205"/>
      </symbol>
      <symbol id="sm-339">
         <name>ldexp</name>
         <value>0x4a75</value>
         <object_component_ref idref="oc-205"/>
      </symbol>
      <symbol id="sm-33a">
         <name>scalbnl</name>
         <value>0x4a75</value>
         <object_component_ref idref="oc-205"/>
      </symbol>
      <symbol id="sm-33b">
         <name>ldexpl</name>
         <value>0x4a75</value>
         <object_component_ref idref="oc-205"/>
      </symbol>
      <symbol id="sm-344">
         <name>wcslen</name>
         <value>0x6295</value>
         <object_component_ref idref="oc-22f"/>
      </symbol>
      <symbol id="sm-354">
         <name>HOSTexit</name>
         <value>0x52bd</value>
         <object_component_ref idref="oc-169"/>
      </symbol>
      <symbol id="sm-355">
         <name>C$$EXIT</name>
         <value>0x52bc</value>
         <object_component_ref idref="oc-169"/>
      </symbol>
      <symbol id="sm-36a">
         <name>__aeabi_fadd</name>
         <value>0x4b5b</value>
         <object_component_ref idref="oc-c0"/>
      </symbol>
      <symbol id="sm-36b">
         <name>__addsf3</name>
         <value>0x4b5b</value>
         <object_component_ref idref="oc-c0"/>
      </symbol>
      <symbol id="sm-36c">
         <name>__aeabi_fsub</name>
         <value>0x4b51</value>
         <object_component_ref idref="oc-c0"/>
      </symbol>
      <symbol id="sm-36d">
         <name>__subsf3</name>
         <value>0x4b51</value>
         <object_component_ref idref="oc-c0"/>
      </symbol>
      <symbol id="sm-373">
         <name>__aeabi_dadd</name>
         <value>0x3c3f</value>
         <object_component_ref idref="oc-1f8"/>
      </symbol>
      <symbol id="sm-374">
         <name>__adddf3</name>
         <value>0x3c3f</value>
         <object_component_ref idref="oc-1f8"/>
      </symbol>
      <symbol id="sm-375">
         <name>__aeabi_dsub</name>
         <value>0x3c35</value>
         <object_component_ref idref="oc-1f8"/>
      </symbol>
      <symbol id="sm-376">
         <name>__subdf3</name>
         <value>0x3c35</value>
         <object_component_ref idref="oc-1f8"/>
      </symbol>
      <symbol id="sm-37f">
         <name>__aeabi_fmul</name>
         <value>0x4fd1</value>
         <object_component_ref idref="oc-bc"/>
      </symbol>
      <symbol id="sm-380">
         <name>__mulsf3</name>
         <value>0x4fd1</value>
         <object_component_ref idref="oc-bc"/>
      </symbol>
      <symbol id="sm-386">
         <name>__aeabi_fdiv</name>
         <value>0x505d</value>
         <object_component_ref idref="oc-c8"/>
      </symbol>
      <symbol id="sm-387">
         <name>__divsf3</name>
         <value>0x505d</value>
         <object_component_ref idref="oc-c8"/>
      </symbol>
      <symbol id="sm-38d">
         <name>__aeabi_f2d</name>
         <value>0x5d41</value>
         <object_component_ref idref="oc-157"/>
      </symbol>
      <symbol id="sm-38e">
         <name>__extendsfdf2</name>
         <value>0x5d41</value>
         <object_component_ref idref="oc-157"/>
      </symbol>
      <symbol id="sm-394">
         <name>__aeabi_d2iz</name>
         <value>0x5b61</value>
         <object_component_ref idref="oc-269"/>
      </symbol>
      <symbol id="sm-395">
         <name>__fixdfsi</name>
         <value>0x5b61</value>
         <object_component_ref idref="oc-269"/>
      </symbol>
      <symbol id="sm-39b">
         <name>__aeabi_f2iz</name>
         <value>0x5e71</value>
         <object_component_ref idref="oc-cc"/>
      </symbol>
      <symbol id="sm-39c">
         <name>__fixsfsi</name>
         <value>0x5e71</value>
         <object_component_ref idref="oc-cc"/>
      </symbol>
      <symbol id="sm-3a2">
         <name>__aeabi_i2d</name>
         <value>0x6061</value>
         <object_component_ref idref="oc-271"/>
      </symbol>
      <symbol id="sm-3a3">
         <name>__floatsidf</name>
         <value>0x6061</value>
         <object_component_ref idref="oc-271"/>
      </symbol>
      <symbol id="sm-3a9">
         <name>__aeabi_i2f</name>
         <value>0x5df9</value>
         <object_component_ref idref="oc-b8"/>
      </symbol>
      <symbol id="sm-3aa">
         <name>__floatsisf</name>
         <value>0x5df9</value>
         <object_component_ref idref="oc-b8"/>
      </symbol>
      <symbol id="sm-3b0">
         <name>__aeabi_lmul</name>
         <value>0x6101</value>
         <object_component_ref idref="oc-20f"/>
      </symbol>
      <symbol id="sm-3b1">
         <name>__muldi3</name>
         <value>0x6101</value>
         <object_component_ref idref="oc-20f"/>
      </symbol>
      <symbol id="sm-3b8">
         <name>__aeabi_d2f</name>
         <value>0x52c1</value>
         <object_component_ref idref="oc-1d3"/>
      </symbol>
      <symbol id="sm-3b9">
         <name>__truncdfsf2</name>
         <value>0x52c1</value>
         <object_component_ref idref="oc-1d3"/>
      </symbol>
      <symbol id="sm-3ca">
         <name>__ledf2</name>
         <value>0x5485</value>
         <object_component_ref idref="oc-246"/>
      </symbol>
      <symbol id="sm-3cb">
         <name>__gedf2</name>
         <value>0x51d5</value>
         <object_component_ref idref="oc-247"/>
      </symbol>
      <symbol id="sm-3cc">
         <name>__unorddf2</name>
         <value>0x5fd1</value>
         <object_component_ref idref="oc-234"/>
      </symbol>
      <symbol id="sm-3cd">
         <name>__cmpdf2</name>
         <value>0x5485</value>
         <object_component_ref idref="oc-246"/>
      </symbol>
      <symbol id="sm-3ce">
         <name>__eqdf2</name>
         <value>0x5485</value>
         <object_component_ref idref="oc-246"/>
      </symbol>
      <symbol id="sm-3cf">
         <name>__ltdf2</name>
         <value>0x5485</value>
         <object_component_ref idref="oc-246"/>
      </symbol>
      <symbol id="sm-3d0">
         <name>__nedf2</name>
         <value>0x5485</value>
         <object_component_ref idref="oc-246"/>
      </symbol>
      <symbol id="sm-3d1">
         <name>__gtdf2</name>
         <value>0x51d5</value>
         <object_component_ref idref="oc-247"/>
      </symbol>
      <symbol id="sm-3d2">
         <name>__aeabi_dcmpun</name>
         <value>0x5fd1</value>
         <object_component_ref idref="oc-234"/>
      </symbol>
      <symbol id="sm-3d8">
         <name>__aeabi_dcmpeq</name>
         <value>0x584d</value>
         <object_component_ref idref="oc-1fc"/>
      </symbol>
      <symbol id="sm-3d9">
         <name>__aeabi_dcmplt</name>
         <value>0x585f</value>
         <object_component_ref idref="oc-1fc"/>
      </symbol>
      <symbol id="sm-3da">
         <name>__aeabi_dcmple</name>
         <value>0x5871</value>
         <object_component_ref idref="oc-1fc"/>
      </symbol>
      <symbol id="sm-3db">
         <name>__aeabi_dcmpge</name>
         <value>0x5883</value>
         <object_component_ref idref="oc-1fc"/>
      </symbol>
      <symbol id="sm-3dc">
         <name>__aeabi_dcmpgt</name>
         <value>0x5895</value>
         <object_component_ref idref="oc-1fc"/>
      </symbol>
      <symbol id="sm-3e9">
         <name>__aeabi_ddiv_fast</name>
         <value>0x6335</value>
         <object_component_ref idref="oc-250"/>
      </symbol>
      <symbol id="sm-3f3">
         <name>__aeabi_dmul_fast</name>
         <value>0x633d</value>
         <object_component_ref idref="oc-23e"/>
      </symbol>
      <symbol id="sm-3f9">
         <name>__aeabi_fcmpeq</name>
         <value>0x58a9</value>
         <object_component_ref idref="oc-c4"/>
      </symbol>
      <symbol id="sm-3fa">
         <name>__aeabi_fcmplt</name>
         <value>0x58bb</value>
         <object_component_ref idref="oc-c4"/>
      </symbol>
      <symbol id="sm-3fb">
         <name>__aeabi_fcmple</name>
         <value>0x58cd</value>
         <object_component_ref idref="oc-c4"/>
      </symbol>
      <symbol id="sm-3fc">
         <name>__aeabi_fcmpge</name>
         <value>0x58df</value>
         <object_component_ref idref="oc-c4"/>
      </symbol>
      <symbol id="sm-3fd">
         <name>__aeabi_fcmpgt</name>
         <value>0x58f1</value>
         <object_component_ref idref="oc-c4"/>
      </symbol>
      <symbol id="sm-403">
         <name>__aeabi_idiv</name>
         <value>0x5a0d</value>
         <object_component_ref idref="oc-29a"/>
      </symbol>
      <symbol id="sm-404">
         <name>__aeabi_idivmod</name>
         <value>0x5a0d</value>
         <object_component_ref idref="oc-29a"/>
      </symbol>
      <symbol id="sm-40a">
         <name>__aeabi_uidiv</name>
         <value>0x5d01</value>
         <object_component_ref idref="oc-ac"/>
      </symbol>
      <symbol id="sm-40b">
         <name>__aeabi_uidivmod</name>
         <value>0x5d01</value>
         <object_component_ref idref="oc-ac"/>
      </symbol>
      <symbol id="sm-411">
         <name>__aeabi_uldivmod</name>
         <value>0x6239</value>
         <object_component_ref idref="oc-213"/>
      </symbol>
      <symbol id="sm-417">
         <name>__aeabi_memcpy</name>
         <value>0x6355</value>
         <object_component_ref idref="oc-4c"/>
      </symbol>
      <symbol id="sm-418">
         <name>__aeabi_memcpy4</name>
         <value>0x6355</value>
         <object_component_ref idref="oc-4c"/>
      </symbol>
      <symbol id="sm-419">
         <name>__aeabi_memcpy8</name>
         <value>0x6355</value>
         <object_component_ref idref="oc-4c"/>
      </symbol>
      <symbol id="sm-41f">
         <name>__aeabi_memset</name>
         <value>0x61c1</value>
         <object_component_ref idref="oc-91"/>
      </symbol>
      <symbol id="sm-420">
         <name>__aeabi_memset4</name>
         <value>0x61c1</value>
         <object_component_ref idref="oc-91"/>
      </symbol>
      <symbol id="sm-421">
         <name>__aeabi_memset8</name>
         <value>0x61c1</value>
         <object_component_ref idref="oc-91"/>
      </symbol>
      <symbol id="sm-422">
         <name>__aeabi_memclr</name>
         <value>0x61cf</value>
         <object_component_ref idref="oc-91"/>
      </symbol>
      <symbol id="sm-423">
         <name>__aeabi_memclr4</name>
         <value>0x61cf</value>
         <object_component_ref idref="oc-91"/>
      </symbol>
      <symbol id="sm-424">
         <name>__aeabi_memclr8</name>
         <value>0x61cf</value>
         <object_component_ref idref="oc-91"/>
      </symbol>
      <symbol id="sm-42a">
         <name>__eqsf2</name>
         <value>0x4f45</value>
         <object_component_ref idref="oc-121"/>
      </symbol>
      <symbol id="sm-42b">
         <name>__lesf2</name>
         <value>0x4f45</value>
         <object_component_ref idref="oc-121"/>
      </symbol>
      <symbol id="sm-42c">
         <name>__ltsf2</name>
         <value>0x4f45</value>
         <object_component_ref idref="oc-121"/>
      </symbol>
      <symbol id="sm-42d">
         <name>__nesf2</name>
         <value>0x4f45</value>
         <object_component_ref idref="oc-121"/>
      </symbol>
      <symbol id="sm-42e">
         <name>__cmpsf2</name>
         <value>0x4f45</value>
         <object_component_ref idref="oc-121"/>
      </symbol>
      <symbol id="sm-42f">
         <name>__gtsf2</name>
         <value>0x4f7f</value>
         <object_component_ref idref="oc-121"/>
      </symbol>
      <symbol id="sm-430">
         <name>__gesf2</name>
         <value>0x4f7f</value>
         <object_component_ref idref="oc-121"/>
      </symbol>
      <symbol id="sm-431">
         <name>__unordsf2</name>
         <value>0x4fbb</value>
         <object_component_ref idref="oc-121"/>
      </symbol>
      <symbol id="sm-432">
         <name>__aeabi_fcmpun</name>
         <value>0x4fbb</value>
         <object_component_ref idref="oc-121"/>
      </symbol>
      <symbol id="sm-438">
         <name>__udivmoddi4</name>
         <value>0x4cd9</value>
         <object_component_ref idref="oc-258"/>
      </symbol>
      <symbol id="sm-43e">
         <name>__muldsi3</name>
         <value>0x5e35</value>
         <object_component_ref idref="oc-11b"/>
      </symbol>
      <symbol id="sm-444">
         <name>__aeabi_llsl</name>
         <value>0x6169</value>
         <object_component_ref idref="oc-291"/>
      </symbol>
      <symbol id="sm-445">
         <name>__ashldi3</name>
         <value>0x6169</value>
         <object_component_ref idref="oc-291"/>
      </symbol>
      <symbol id="sm-451">
         <name>__aeabi_idiv0</name>
         <value>0x3dc7</value>
         <object_component_ref idref="oc-112"/>
      </symbol>
      <symbol id="sm-452">
         <name>__aeabi_ldiv0</name>
         <value>0x4d7b</value>
         <object_component_ref idref="oc-290"/>
      </symbol>
      <symbol id="sm-45c">
         <name>__divdf3_fast</name>
         <value>0x2905</value>
         <object_component_ref idref="oc-286"/>
      </symbol>
      <symbol id="sm-466">
         <name>__muldf3_fast</name>
         <value>0x38c5</value>
         <object_component_ref idref="oc-27c"/>
      </symbol>
      <symbol id="sm-480">
         <name>memcpy</name>
         <value>0x4e19</value>
         <object_component_ref idref="oc-d5"/>
      </symbol>
      <symbol id="sm-48f">
         <name>memset</name>
         <value>0x5553</value>
         <object_component_ref idref="oc-12e"/>
      </symbol>
      <symbol id="sm-490">
         <name>__TI_static_base__</name>
         <value>0x0</value>
      </symbol>
      <symbol id="sm-494">
         <name>__mpu_init</name>
         <value>0x0</value>
      </symbol>
      <symbol id="sm-495">
         <name>_system_post_cinit</name>
         <value>0x0</value>
      </symbol>
   </symbol_table>
   <title>Link successful</title>
</link_info>
