******************************************************************************
            TI ARM Clang Linker PC v5.1.1                      
******************************************************************************
>> Linked Mon Jul 13 22:00:00 2026

OUTPUT FILE NAME:   <Liner_Car0.out>
ENTRY POINT SYMBOL: "_c_int00_noargs"  address: 0000608d


MEMORY CONFIGURATION

         name            origin    length      used     unused   attr    fill
----------------------  --------  ---------  --------  --------  ----  --------
  FLASH                 00000000   00020000  00007e60  000181a0  R  X
  SRAM                  20200000   00008000  0000076f  00007891  RW X
  BCR_CONFIG            41c00000   000000ff  00000000  000000ff  R   
  BSL_CONFIG            41c00100   00000080  00000000  00000080  R   


SEGMENT ALLOCATION MAP

run origin  load origin   length   init length attrs members
----------  ----------- ---------- ----------- ----- -------
00000000    00000000    00007e60   00007e60    r-x
  00000000    00000000    000000c0   000000c0    r-- .intvecs
  000000c0    000000c0    000062c0   000062c0    r-x .text
  00006380    00006380    00001aa0   00001aa0    r-- .rodata
  00007e20    00007e20    00000040   00000040    r-- .cinit
20200000    20200000    00000570   00000000    rw-
  20200000    20200000    00000553   00000000    rw- .bss
  20200554    20200554    0000001c   00000000    rw- .data
20207e00    20207e00    00000200   00000000    rw-
  20207e00    20207e00    00000200   00000000    rw- .stack


SECTION ALLOCATION MAP

 output                                  attributes/
section   page    origin      length       input sections
--------  ----  ----------  ----------   ----------------
.intvecs   0    00000000    000000c0     
                  00000000    000000c0     startup_mspm0g350x_ticlang.o (.intvecs)

.text      0    000000c0    000062c0     
                  000000c0    00000c88     libc.a : _scanfi.c.obj (.text.__TI_scanfi)
                  00000d48    00000a7c            : _printfi.c.obj (.text:__TI_printfi)
                  000017c4    000009fc     oled.o (.text.OLED_Init)
                  000021c0    000003b0     libc.a : strtod.c.obj (.text.strtod)
                  00002570    00000392     oled.o (.text.OLED_ShowNum)
                  00002902    00000002     startup_mspm0g350x_ticlang.o (.text.Default_Handler)
                  00002904    000002dc     libc.a : divdf3_fast.c.obj (.text.__divdf3_fast)
                  00002be0    000002bc     main.o (.text.main)
                  00002e9c    00000254     oled.o (.text.OLED_Refresh)
                  000030f0    0000020c     oled.o (.text.OLED_ShowChar)
                  000032fc    0000020c     libc.a : _printfi.c.obj (.text._pconv_a)
                  00003508    000001e0            : _printfi.c.obj (.text._pconv_g)
                  000036e8    000001dc            : strtoll.c.obj (.text.strtoll)
                  000038c4    000001d8            : muldf3_fast.c.obj (.text.__muldf3_fast)
                  00003a9c    00000198     bluetooth.o (.text.BT_Poll)
                  00003c34    00000192     libclang_rt.builtins.a : adddf3.S.obj (.text)
                  00003dc6    00000002                            : aeabi_div0.c.obj (.text.__aeabi_idiv0)
                  00003dc8    0000016c     gray_sensor.o (.text.GraySensor_Read)
                  00003f34    00000168     libc.a : strtoull.c.obj (.text.strtoull)
                  0000409c    00000160     main.o (.text.TIMG6_IRQHandler)
                  000041fc    00000144     libc.a : strtol.c.obj (.text.strtol)
                  00004340    00000138            : _printfi.c.obj (.text.fcvt)
                  00004478    0000012c            : strtoul.c.obj (.text.strtoul)
                  000045a4    00000104     driverlib.a : dl_timer.o (.text.DL_Timer_initFourCCPWMMode)
                  000046a8    000000fc                 : dl_timer.o (.text.DL_Timer_initTimerMode)
                  000047a4    000000fc     libc.a : _printfi.c.obj (.text._pconv_e)
                  000048a0    000000f8     ti_msp_dl_config.o (.text.SYSCFG_DL_GPIO_init)
                  00004998    000000dc     motor.o (.text.PID_Compute)
                  00004a74    000000dc     libc.a : s_scalbn.c.obj (.text.scalbn)
                  00004b50    000000d8     libclang_rt.builtins.a : addsf3.S.obj (.text)
                  00004c28    000000b0     bluetooth.o (.text.BT_SendParams)
                  00004cd8    000000a2     libclang_rt.builtins.a : udivmoddi4.S.obj (.text)
                  00004d7a    00000002                            : aeabi_div0.c.obj (.text.__aeabi_ldiv0)
                  00004d7c    0000009c     gray_sensor.o (.text.GraySensor_GetPosition)
                  00004e18    0000009a     libc.a : memcpy16.S.obj (.text:memcpy)
                  00004eb2    00000002     --HOLE-- [fill = 0]
                  00004eb4    00000090     ti_msp_dl_config.o (.text.SYSCFG_DL_PWM_MOTOR_init)
                  00004f44    0000008c     libclang_rt.builtins.a : comparesf2.S.obj (.text)
                  00004fd0    0000008c                            : mulsf3.S.obj (.text)
                  0000505c    00000082                            : divsf3.S.obj (.text)
                  000050de    00000002     --HOLE-- [fill = 0]
                  000050e0    0000007c     libc.a : copy_decompress_lzss.c.obj (.text:decompress:lzss)
                  0000515c    00000078     motor.o (.text.Motor_SetRightSpeed)
                  000051d4    00000074     libclang_rt.builtins.a : comparedf2.c.obj (.text.__gedf2)
                  00005248    00000074     libc.a : sscanf.c.obj (.text._chkmbc)
                  000052bc    00000004     libsysbm.a : hostexit.c.obj (.text.HOSTexit)
                  000052c0    00000074     libclang_rt.builtins.a : truncdfsf2.S.obj (.text)
                  00005334    00000070     motor.o (.text.Motor_Init)
                  000053a4    00000070     motor.o (.text.Motor_SetLeftSpeed)
                  00005414    00000070     ti_msp_dl_config.o (.text.SYSCFG_DL_initPower)
                  00005484    00000068     libclang_rt.builtins.a : comparedf2.c.obj (.text.__ledf2)
                  000054ec    00000066     libc.a : _printfi.c.obj (.text._mcpy)
                  00005552    00000062            : memset16.S.obj (.text:memset)
                  000055b4    00000060     motor.o (.text.Motor_Stop)
                  00005614    00000060     ti_msp_dl_config.o (.text.SYSCFG_DL_UART_CONSOLE_init)
                  00005674    00000060     ti_msp_dl_config.o (.text.SYSCFG_DL_UART_EXT_init)
                  000056d4    00000060     ti_msp_dl_config.o (.text.SYSCFG_DL_UART_PB_init)
                  00005734    0000005e     driverlib.a : dl_i2c.o (.text.DL_I2C_fillControllerTXFIFO)
                  00005792    0000005c     oled.o (.text.OLED_ShowString)
                  000057ee    00000002     --HOLE-- [fill = 0]
                  000057f0    0000005c     libc.a : s_frexp.c.obj (.text.frexp)
                  0000584c    0000005a     libclang_rt.builtins.a : aeabi_dcmp.S.obj (.text)
                  000058a6    00000002     --HOLE-- [fill = 0]
                  000058a8    0000005a                            : aeabi_fcmp.S.obj (.text)
                  00005902    00000002     --HOLE-- [fill = 0]
                  00005904    00000058     bluetooth.o (.text.UART3_IRQHandler)
                  0000595c    00000058     libc.a : _ltoa.c.obj (.text.__TI_ltoa)
                  000059b4    00000058            : _printfi.c.obj (.text._pconv_f)
                  00005a0c    00000056     libclang_rt.builtins.a : aeabi_idivmod.S.obj (.text)
                  00005a62    00000002     --HOLE-- [fill = 0]
                  00005a64    00000054     motor.o (.text.Encoder_ISR)
                  00005ab8    00000054     ti_msp_dl_config.o (.text.SYSCFG_DL_I2C_BUS_init)
                  00005b0c    00000052     libc.a : _printfi.c.obj (.text._ecpy)
                  00005b5e    00000002     --HOLE-- [fill = 0]
                  00005b60    0000004a     libclang_rt.builtins.a : fixdfsi.S.obj (.text)
                  00005baa    00000002     --HOLE-- [fill = 0]
                  00005bac    00000048     driverlib.a : dl_uart.o (.text.DL_UART_init)
                  00005bf4    00000048     libc.a : snprintf.c.obj (.text.snprintf)
                  00005c3c    00000044            : atoi.c.obj (.text.atoi)
                  00005c80    00000040     bluetooth.o (.text.BT_Send)
                  00005cc0    00000040     ti_msp_dl_config.o (.text.SYSCFG_DL_init)
                  00005d00    00000040     libclang_rt.builtins.a : aeabi_uidivmod.S.obj (.text)
                  00005d40    00000040                            : extendsfdf2.S.obj (.text)
                  00005d80    0000003c     ti_msp_dl_config.o (.text.SYSCFG_DL_CTRL_TIMER_init)
                  00005dbc    0000003c     libc.a : autoinit.c.obj (.text:__TI_auto_init_nobinit_nopinit)
                  00005df8    0000003c     libclang_rt.builtins.a : floatsisf.S.obj (.text)
                  00005e34    0000003a                            : muldsi3.S.obj (.text)
                  00005e6e    00000002     --HOLE-- [fill = 0]
                  00005e70    00000038                            : fixsfsi.S.obj (.text)
                  00005ea8    00000034     delay.o (.text.delay_ms)
                  00005edc    00000032     libc.a : snprintf.c.obj (.text._outs)
                  00005f0e    00000032            : strstr.c.obj (.text.strstr)
                  00005f40    00000030     bluetooth.o (.text.BT_Init)
                  00005f70    00000030     driverlib.a : dl_uart.o (.text.DL_UART_transmitDataBlocking)
                  00005fa0    00000030     ti_msp_dl_config.o (.text.SYSCFG_DL_SYSCTL_init)
                  00005fd0    00000030     libclang_rt.builtins.a : comparedf2.c.obj (.text.__unorddf2)
                  00006000    00000030     libc.a : _printfi.c.obj (.text._fcpy)
                  00006030    00000030            : sscanf.c.obj (.text.sscanf)
                  00006060    0000002c     libclang_rt.builtins.a : floatsidf.S.obj (.text)
                  0000608c    00000028     libc.a : boot_cortex_m.c.obj (.text:_c_int00_noargs)
                  000060b4    00000026     driverlib.a : dl_i2c.o (.text.DL_I2C_setClockConfig)
                  000060da    00000024     motor.o (.text.PID_Init)
                  000060fe    00000002     --HOLE-- [fill = 0]
                  00006100    00000024     libclang_rt.builtins.a : muldi3.S.obj (.text)
                  00006124    00000022     libc.a : memccpy.c.obj (.text.memccpy)
                  00006146    00000002     --HOLE-- [fill = 0]
                  00006148    00000020     driverlib.a : dl_uart.o (.text.DL_UART_receiveDataBlocking)
                  00006168    0000001e     libclang_rt.builtins.a : ashldi3.S.obj (.text)
                  00006186    00000002     --HOLE-- [fill = 0]
                  00006188    0000001c     driverlib.a : dl_timer.o (.text.DL_Timer_setCaptCompUpdateMethod)
                  000061a4    0000001c                 : dl_timer.o (.text.DL_Timer_setClockConfig)
                  000061c0    0000001a     libclang_rt.builtins.a : aeabi_memset.S.obj (.text)
                  000061da    00000002     --HOLE-- [fill = 0]
                  000061dc    00000018     driverlib.a : dl_timer.o (.text.DL_Timer_setCaptureCompareOutCtl)
                  000061f4    00000018     oled.o (.text.OLED_Clear)
                  0000620c    00000018     libc.a : snprintf.c.obj (.text._outc)
                  00006224    00000014            : sscanf.c.obj (.text._inpchar)
                  00006238    00000014     libclang_rt.builtins.a : aeabi_uldivmod.S.obj (.text)
                  0000624c    00000012     driverlib.a : dl_uart.o (.text.DL_UART_setClockConfig)
                  0000625e    00000012     libc.a : _printfi.c.obj (.text.strchr)
                  00006270    00000012            : copy_decompress_none.c.obj (.text:decompress:none)
                  00006282    00000002     --HOLE-- [fill = 0]
                  00006284    00000010     driverlib.a : dl_timer.o (.text.DL_Timer_setCaptureCompareValue)
                  00006294    00000010     libc.a : wcslen.c.obj (.text.wcslen)
                  000062a4    00000010            : copy_zero_init.c.obj (.text:decompress:ZI)
                  000062b4    0000000e            : _printfi.c.obj (.text.strlen)
                  000062c2    0000000a     driverlib.a : dl_common.o (.text.DL_Common_delayCycles)
                  000062cc    0000000a     libc.a : _printfi.c.obj (.text.OUTLINED_FUNCTION_0)
                  000062d6    00000002     --HOLE-- [fill = 0]
                  000062d8    00000010     libclang_rt.builtins.a : adddf3.S.obj (.tramp.__aeabi_dsub.1)
                  000062e8    0000000a     libc.a : _scanfi.c.obj (.text.OUTLINED_FUNCTION_0)
                  000062f2    0000000a            : _printfi.c.obj (.text.OUTLINED_FUNCTION_1)
                  000062fc    00000008     main.o (.text.GROUP1_IRQHandler)
                  00006304    00000008     libc.a : strtod.c.obj (.text.OUTLINED_FUNCTION_0)
                  0000630c    00000008            : _scanfi.c.obj (.text.OUTLINED_FUNCTION_1)
                  00006314    00000008            : strtod.c.obj (.text.OUTLINED_FUNCTION_1)
                  0000631c    00000010     libclang_rt.builtins.a : aeabi_dcmp.S.obj (.tramp.__aeabi_dcmpeq.1)
                  0000632c    00000008     libc.a : _scanfi.c.obj (.text.OUTLINED_FUNCTION_2)
                  00006334    00000008     libclang_rt.builtins.a : aeabi_ddiv.c.obj (.text.__aeabi_ddiv_fast)
                  0000633c    00000008                            : aeabi_dmul.c.obj (.text.__aeabi_dmul_fast)
                  00006344    00000008     libc.a : aeabi_portable.c.obj (.text.__aeabi_errno_addr)
                  0000634c    00000008            : sscanf.c.obj (.text._uninpchar)
                  00006354    00000008     libclang_rt.builtins.a : aeabi_memcpy.S.obj (.text)
                  0000635c    00000006     libc.a : _scanfi.c.obj (.text.OUTLINED_FUNCTION_3)
                  00006362    00000006            : _scanfi.c.obj (.text.OUTLINED_FUNCTION_4)
                  00006368    00000006            : exit.c.obj (.text:abort)
                  0000636e    00000004     startup_mspm0g350x_ticlang.o (.text.Reset_Handler)
                  00006372    00000004     libc.a : pre_init.c.obj (.text._system_pre_init)
                  00006376    0000000a     --HOLE-- [fill = 0]

.cinit     0    00007e20    00000040     
                  00007e20    0000001c     (.cinit..data.load) [load image, compression = lzss]
                  00007e3c    0000000c     (__TI_handler_table)
                  00007e48    00000008     (.cinit..bss.load) [load image, compression = zero_init]
                  00007e50    00000010     (__TI_cinit_table)

.rodata    0    00006380    00001aa0     
                  00006380    00000d5c     oled.o (.rodata.asc2_2412)
                  000070dc    000005f0     oled.o (.rodata.asc2_1608)
                  000076cc    00000474     oled.o (.rodata.asc2_1206)
                  00007b40    00000101     libc.a : aeabi_ctype.S.obj (.rodata:__aeabi_ctype_table_)
                  00007c41    00000007            : _scanfi.c.obj (.rodata._sproc_int.flit)
                  00007c48    00000080            : strtod.c.obj (.rodata.digits)
                  00007cc8    00000048            : strtod.c.obj (.rodata.powerof10)
                  00007d10    00000029     bluetooth.o (.rodata.str1.17966125886390595526.1)
                  00007d39    00000003     ti_msp_dl_config.o (.rodata.gCTRL_TIMERClockConfig)
                  00007d3c    00000014     ti_msp_dl_config.o (.rodata.gCTRL_TIMERTimerConfig)
                  00007d50    00000011     libc.a : _printfi.c.obj (.rodata.str1.10348868589481759720.1)
                  00007d61    00000011     main.o (.rodata.str1.15159059442110792349.1)
                  00007d72    00000011     libc.a : _printfi.c.obj (.rodata.str1.15363888844622738466.1)
                  00007d83    0000000c     main.o (.rodata.str1.8154729771448623357.1)
                  00007d8f    00000001     --HOLE-- [fill = 0]
                  00007d90    0000000a     ti_msp_dl_config.o (.rodata.gUART_CONSOLEConfig)
                  00007d9a    0000000a     ti_msp_dl_config.o (.rodata.gUART_EXTConfig)
                  00007da4    0000000a     ti_msp_dl_config.o (.rodata.gUART_PBConfig)
                  00007dae    00000009     libc.a : _scanfi.c.obj (.rodata.str1.12964984209033246150.1)
                  00007db7    00000001     --HOLE-- [fill = 0]
                  00007db8    00000008     ti_msp_dl_config.o (.rodata.gPWM_MOTORConfig)
                  00007dc0    00000008     bluetooth.o (.rodata.str1.10613031068244860091.1)
                  00007dc8    00000008     bluetooth.o (.rodata.str1.15849129404937087116.1)
                  00007dd0    00000007     main.o (.rodata.str1.12180500075719773345.1)
                  00007dd7    00000007     bluetooth.o (.rodata.str1.16629367813050839963.1)
                  00007dde    00000006     libc.a : _scanfi.c.obj (.rodata._sproc_int.barr)
                  00007de4    00000006     bluetooth.o (.rodata.str1.10942773203734653784.1)
                  00007dea    00000006     bluetooth.o (.rodata.str1.606026657030378210.1)
                  00007df0    00000005     main.o (.rodata.str1.17100691992556644108.1)
                  00007df5    00000005     main.o (.rodata.str1.18227636981041470289.1)
                  00007dfa    00000005     main.o (.rodata.str1.2846389346932560359.1)
                  00007dff    00000005     bluetooth.o (.rodata.str1.5649145351321820900.1)
                  00007e04    00000004     libc.a : _scanfi.c.obj (.rodata.str1.3403580589742030990.1)
                  00007e08    00000003     ti_msp_dl_config.o (.rodata.gPWM_MOTORClockConfig)
                  00007e0b    00000003     main.o (.rodata.str1.14112174005742061988.1)
                  00007e0e    00000003     main.o (.rodata.str1.288608917962107522.1)
                  00007e11    00000002     ti_msp_dl_config.o (.rodata.gI2C_BUSClockConfig)
                  00007e13    00000002     ti_msp_dl_config.o (.rodata.gUART_CONSOLEClockConfig)
                  00007e15    00000002     ti_msp_dl_config.o (.rodata.gUART_EXTClockConfig)
                  00007e17    00000002     ti_msp_dl_config.o (.rodata.gUART_PBClockConfig)
                  00007e19    00000007     --HOLE-- [fill = 0]

.init_array 
*          0    00000000    00000000     UNINITIALIZED

.binit     0    00000000    00000000     

.bss       0    20200000    00000553     UNINITIALIZED
                  20200000    00000400     (.common:OLED_GRAM)
                  20200400    000000a0     (.common:gCTRL_TIMERBackup)
                  202004a0    00000040     bluetooth.o (.bss.rx_buf)
                  202004e0    00000030     (.common:gUART_PBBackup)
                  20200510    0000001c     main.o (.bss.g_pid)
                  2020052c    00000010     bluetooth.o (.bss.g_params)
                  2020053c    00000004     main.o (.bss.g_lost_cnt)
                  20200540    00000004     main.o (.bss.g_turn_ticks)
                  20200544    00000004     main.o (.bss.main.bt_seen)
                  20200548    00000002     main.o (.bss.g_last_steer)
                  2020054a    00000002     main.o (.bss.g_pos)
                  2020054c    00000002     main.o (.bss.g_steer)
                  2020054e    00000001     main.o (.bss.g_new_data)
                  2020054f    00000001     main.o (.bss.g_raw)
                  20200550    00000001     main.o (.bss.g_state)
                  20200551    00000001     bluetooth.o (.bss.rx_idx)
                  20200552    00000001     bluetooth.o (.bss.rx_ready)

.data      0    20200554    0000001c     UNINITIALIZED
                  20200554    00000004     libc.a : aeabi_portable.c.obj (.data.__aeabi_errno)
                  20200558    00000004     main.o (.data.g_KI)
                  2020055c    00000004     main.o (.data.g_KP)
                  20200560    00000004     motor.o (.data.g_enc_left)
                  20200564    00000004     motor.o (.data.g_enc_right)
                  20200568    00000002     main.o (.data.g_BASE_PWM)
                  2020056a    00000002     main.o (.data.g_OUTPUT_LIM)
                  2020056c    00000002     main.o (.data.g_TURN_SPEED)
                  2020056e    00000001     motor.o (.data.g_last_left_dir)
                  2020056f    00000001     motor.o (.data.g_last_right_dir)

.stack     0    20207e00    00000200     UNINITIALIZED
                  20207e00    00000004     libc.a : boot_cortex_m.c.obj (.stack)
                  20207e04    000001fc     --HOLE--

__llvm_prf_cnts 
*          0    20200000    00000000     UNINITIALIZED

__llvm_prf_bits 
*          0    20200000    00000000     UNINITIALIZED

MODULE SUMMARY

       Module                         code    ro data   rw data
       ------                         ----    -------   -------
    .\
       oled.o                         4706    6080      1024   
       main.o                         1060    57        63     
       bluetooth.o                    784     81        82     
       motor.o                        780     0         10     
       gray_sensor.o                  520     0         0      
       startup_mspm0g350x_ticlang.o   6       192       0      
       delay.o                        52      0         0      
    +--+------------------------------+-------+---------+---------+
       Total:                         7908    6410      1179   
                                                               
    .\syscfg\
       ti_msp_dl_config.o             1048    72        208    
    +--+------------------------------+-------+---------+---------+
       Total:                         1048    72        208    
                                                               
    D:/TI_MSPM0/mspm0_sdk_2_10_00_04/source/ti/driverlib/lib/ticlang/m0p/mspm0g1x0x_g3x0x/driverlib.a
       dl_timer.o                     608     0         0      
       dl_uart.o                      170     0         0      
       dl_i2c.o                       132     0         0      
       dl_common.o                    10      0         0      
    +--+------------------------------+-------+---------+---------+
       Total:                         920     0         0      
                                                               
    D:\TI_MSPM0\ccs\tools\compiler\ti-cgt-armllvm_5.1.1.LTS\lib\armv6m-ti-none-eabi/c/libc.a
       _printfi.c.obj                 4624    34        0      
       _scanfi.c.obj                  3246    26        0      
       strtod.c.obj                   960     200       0      
       divdf3_fast.c.obj              732     0         0      
       strtoll.c.obj                  476     0         0      
       muldf3_fast.c.obj              472     0         0      
       strtoull.c.obj                 360     0         0      
       strtol.c.obj                   324     0         0      
       strtoul.c.obj                  300     0         0      
       aeabi_ctype.S.obj              0       257       0      
       s_scalbn.c.obj                 220     0         0      
       sscanf.c.obj                   192     0         0      
       memcpy16.S.obj                 154     0         0      
       snprintf.c.obj                 146     0         0      
       copy_decompress_lzss.c.obj     124     0         0      
       memset16.S.obj                 98      0         0      
       s_frexp.c.obj                  92      0         0      
       _ltoa.c.obj                    88      0         0      
       atoi.c.obj                     68      0         0      
       autoinit.c.obj                 60      0         0      
       strstr.c.obj                   50      0         0      
       boot_cortex_m.c.obj            40      0         0      
       memccpy.c.obj                  34      0         0      
       copy_decompress_none.c.obj     18      0         0      
       copy_zero_init.c.obj           16      0         0      
       wcslen.c.obj                   16      0         0      
       aeabi_portable.c.obj           8       0         4      
       exit.c.obj                     6       0         0      
       pre_init.c.obj                 4       0         0      
    +--+------------------------------+-------+---------+---------+
       Total:                         12928   517       4      
                                                               
    D:\TI_MSPM0\ccs\tools\compiler\ti-cgt-armllvm_5.1.1.LTS\lib\armv6m-ti-none-eabi/c/libsysbm.a
       hostexit.c.obj                 4       0         0      
    +--+------------------------------+-------+---------+---------+
       Total:                         4       0         0      
                                                               
    D:\TI_MSPM0\ccs\tools\compiler\ti-cgt-armllvm_5.1.1.LTS\lib\armv6m-ti-none-eabi/libclang_rt.builtins.a
       adddf3.S.obj                   418     0         0      
       comparedf2.c.obj               268     0         0      
       addsf3.S.obj                   216     0         0      
       udivmoddi4.S.obj               162     0         0      
       comparesf2.S.obj               140     0         0      
       mulsf3.S.obj                   140     0         0      
       divsf3.S.obj                   130     0         0      
       truncdfsf2.S.obj               116     0         0      
       aeabi_dcmp.S.obj               106     0         0      
       aeabi_fcmp.S.obj               90      0         0      
       aeabi_idivmod.S.obj            86      0         0      
       fixdfsi.S.obj                  74      0         0      
       aeabi_uidivmod.S.obj           64      0         0      
       extendsfdf2.S.obj              64      0         0      
       floatsisf.S.obj                60      0         0      
       muldsi3.S.obj                  58      0         0      
       fixsfsi.S.obj                  56      0         0      
       floatsidf.S.obj                44      0         0      
       muldi3.S.obj                   36      0         0      
       ashldi3.S.obj                  30      0         0      
       aeabi_memset.S.obj             26      0         0      
       aeabi_uldivmod.S.obj           20      0         0      
       aeabi_ddiv.c.obj               8       0         0      
       aeabi_dmul.c.obj               8       0         0      
       aeabi_memcpy.S.obj             8       0         0      
       aeabi_div0.c.obj               4       0         0      
    +--+------------------------------+-------+---------+---------+
       Total:                         2432    0         0      
                                                               
       Stack:                         0       0         512    
       Linker Generated:              0       64        0      
    +--+------------------------------+-------+---------+---------+
       Grand Total:                   25240   7063      1903   


LINKER GENERATED COPY TABLES

__TI_cinit_table @ 00007e50 records: 2, size/record: 8, table size: 16
	.data: load addr=00007e20, load size=0000001c bytes, run addr=20200554, run size=0000001c bytes, compression=lzss
	.bss: load addr=00007e48, load size=00000008 bytes, run addr=20200000, run size=00000553 bytes, compression=zero_init


LINKER GENERATED HANDLER TABLE

__TI_handler_table @ 00007e3c records: 3, size/record: 4, table size: 12
	index: 0, handler: __TI_decompress_lzss
	index: 1, handler: __TI_decompress_none
	index: 2, handler: __TI_zero_init


FAR CALL TRAMPOLINES

callee name               trampoline name
   callee addr  tramp addr   call addr  call info
--------------  -----------  ---------  ----------------
__aeabi_dsub              $Tramp$TT$L$PI$$__aeabi_dsub
   00003c35     000062d8     000062d4   libc.a : _printfi.c.obj (.text.OUTLINED_FUNCTION_0)
__aeabi_dcmpeq            $Tramp$TT$L$PI$$__aeabi_dcmpeq
   0000584d     0000631c     0000631a   libc.a : strtod.c.obj (.text.OUTLINED_FUNCTION_1)

[2 trampolines]
[2 trampoline calls]


GLOBAL SYMBOLS: SORTED ALPHABETICALLY BY Name 

address   name                            
-------   ----                            
00002903  ADC0_IRQHandler                 
00002903  ADC1_IRQHandler                 
00002903  AES_IRQHandler                  
00005f41  BT_Init                         
00003a9d  BT_Poll                         
00005c81  BT_Send                         
00004c29  BT_SendParams                   
000052bc  C$$EXIT                         
00002903  CANFD0_IRQHandler               
00002903  DAC0_IRQHandler                 
000062c3  DL_Common_delayCycles           
00005735  DL_I2C_fillControllerTXFIFO     
000060b5  DL_I2C_setClockConfig           
000045a5  DL_Timer_initFourCCPWMMode      
000046a9  DL_Timer_initTimerMode          
00006189  DL_Timer_setCaptCompUpdateMethod
000061dd  DL_Timer_setCaptureCompareOutCtl
00006285  DL_Timer_setCaptureCompareValue 
000061a5  DL_Timer_setClockConfig         
00005bad  DL_UART_init                    
00006149  DL_UART_receiveDataBlocking     
0000624d  DL_UART_setClockConfig          
00005f71  DL_UART_transmitDataBlocking    
00002903  DMA_IRQHandler                  
00002903  Default_Handler                 
00005a65  Encoder_ISR                     
00002903  GROUP0_IRQHandler               
000062fd  GROUP1_IRQHandler               
00004d7d  GraySensor_GetPosition          
00003dc9  GraySensor_Read                 
000052bd  HOSTexit                        
00002903  HardFault_Handler               
00002903  I2C0_IRQHandler                 
00002903  I2C1_IRQHandler                 
00005335  Motor_Init                      
000053a5  Motor_SetLeftSpeed              
0000515d  Motor_SetRightSpeed             
000055b5  Motor_Stop                      
00002903  NMI_Handler                     
000061f5  OLED_Clear                      
20200000  OLED_GRAM                       
000017c5  OLED_Init                       
00002e9d  OLED_Refresh                    
000030f1  OLED_ShowChar                   
00002571  OLED_ShowNum                    
00005793  OLED_ShowString                 
00004999  PID_Compute                     
000060db  PID_Init                        
00002903  PendSV_Handler                  
00002903  RTC_IRQHandler                  
0000636f  Reset_Handler                   
00002903  SPI0_IRQHandler                 
00002903  SPI1_IRQHandler                 
00002903  SVC_Handler                     
00005d81  SYSCFG_DL_CTRL_TIMER_init       
000048a1  SYSCFG_DL_GPIO_init             
00005ab9  SYSCFG_DL_I2C_BUS_init          
00004eb5  SYSCFG_DL_PWM_MOTOR_init        
00005fa1  SYSCFG_DL_SYSCTL_init           
00005615  SYSCFG_DL_UART_CONSOLE_init     
00005675  SYSCFG_DL_UART_EXT_init         
000056d5  SYSCFG_DL_UART_PB_init          
00005cc1  SYSCFG_DL_init                  
00005415  SYSCFG_DL_initPower             
00002903  SysTick_Handler                 
00002903  TIMA0_IRQHandler                
00002903  TIMA1_IRQHandler                
00002903  TIMG0_IRQHandler                
00002903  TIMG12_IRQHandler               
0000409d  TIMG6_IRQHandler                
00002903  TIMG7_IRQHandler                
00002903  TIMG8_IRQHandler                
00002903  UART0_IRQHandler                
00002903  UART1_IRQHandler                
00002903  UART2_IRQHandler                
00005905  UART3_IRQHandler                
20208000  __STACK_END                     
00000200  __STACK_SIZE                    
00000000  __TI_ATRegion0_region_sz        
00000000  __TI_ATRegion0_src_addr         
00000000  __TI_ATRegion0_trg_addr         
00000000  __TI_ATRegion1_region_sz        
00000000  __TI_ATRegion1_src_addr         
00000000  __TI_ATRegion1_trg_addr         
00000000  __TI_ATRegion2_region_sz        
00000000  __TI_ATRegion2_src_addr         
00000000  __TI_ATRegion2_trg_addr         
00007e50  __TI_CINIT_Base                 
00007e60  __TI_CINIT_Limit                
00007e60  __TI_CINIT_Warm                 
00007e3c  __TI_Handler_Table_Base         
00007e48  __TI_Handler_Table_Limit        
00005dbd  __TI_auto_init_nobinit_nopinit  
000050e1  __TI_decompress_lzss            
00006271  __TI_decompress_none            
0000595d  __TI_ltoa                       
ffffffff  __TI_pprof_out_hndl             
00000d49  __TI_printfi                    
ffffffff  __TI_prof_data_size             
ffffffff  __TI_prof_data_start            
000000c1  __TI_scanfi                     
00000000  __TI_static_base__              
000062a5  __TI_zero_init                  
00003c3f  __adddf3                        
00004b5b  __addsf3                        
00007b40  __aeabi_ctype_table_            
00007b40  __aeabi_ctype_table_C           
000052c1  __aeabi_d2f                     
00005b61  __aeabi_d2iz                    
00003c3f  __aeabi_dadd                    
0000584d  __aeabi_dcmpeq                  
00005883  __aeabi_dcmpge                  
00005895  __aeabi_dcmpgt                  
00005871  __aeabi_dcmple                  
0000585f  __aeabi_dcmplt                  
00005fd1  __aeabi_dcmpun                  
00006335  __aeabi_ddiv_fast               
0000633d  __aeabi_dmul_fast               
00003c35  __aeabi_dsub                    
20200554  __aeabi_errno                   
00006345  __aeabi_errno_addr              
00005d41  __aeabi_f2d                     
00005e71  __aeabi_f2iz                    
00004b5b  __aeabi_fadd                    
000058a9  __aeabi_fcmpeq                  
000058df  __aeabi_fcmpge                  
000058f1  __aeabi_fcmpgt                  
000058cd  __aeabi_fcmple                  
000058bb  __aeabi_fcmplt                  
00004fbb  __aeabi_fcmpun                  
0000505d  __aeabi_fdiv                    
00004fd1  __aeabi_fmul                    
00004b51  __aeabi_fsub                    
00006061  __aeabi_i2d                     
00005df9  __aeabi_i2f                     
00005a0d  __aeabi_idiv                    
00003dc7  __aeabi_idiv0                   
00005a0d  __aeabi_idivmod                 
00004d7b  __aeabi_ldiv0                   
00006169  __aeabi_llsl                    
00006101  __aeabi_lmul                    
000061cf  __aeabi_memclr                  
000061cf  __aeabi_memclr4                 
000061cf  __aeabi_memclr8                 
00006355  __aeabi_memcpy                  
00006355  __aeabi_memcpy4                 
00006355  __aeabi_memcpy8                 
000061c1  __aeabi_memset                  
000061c1  __aeabi_memset4                 
000061c1  __aeabi_memset8                 
00005d01  __aeabi_uidiv                   
00005d01  __aeabi_uidivmod                
00006239  __aeabi_uldivmod                
00006169  __ashldi3                       
ffffffff  __binit__                       
00005485  __cmpdf2                        
00004f45  __cmpsf2                        
00002905  __divdf3_fast                   
0000505d  __divsf3                        
00005485  __eqdf2                         
00004f45  __eqsf2                         
00005d41  __extendsfdf2                   
00005b61  __fixdfsi                       
00005e71  __fixsfsi                       
00006061  __floatsidf                     
00005df9  __floatsisf                     
000051d5  __gedf2                         
00004f7f  __gesf2                         
000051d5  __gtdf2                         
00004f7f  __gtsf2                         
00005485  __ledf2                         
00004f45  __lesf2                         
00005485  __ltdf2                         
00004f45  __ltsf2                         
UNDEFED   __mpu_init                      
000038c5  __muldf3_fast                   
00006101  __muldi3                        
00005e35  __muldsi3                       
00004fd1  __mulsf3                        
00005485  __nedf2                         
00004f45  __nesf2                         
20207e00  __stack                         
20200000  __start___llvm_prf_bits         
20200000  __start___llvm_prf_cnts         
20200000  __stop___llvm_prf_bits          
20200000  __stop___llvm_prf_cnts          
00003c35  __subdf3                        
00004b51  __subsf3                        
000052c1  __truncdfsf2                    
00004cd9  __udivmoddi4                    
00005fd1  __unorddf2                      
00004fbb  __unordsf2                      
0000608d  _c_int00_noargs                 
UNDEFED   _system_post_cinit              
00006373  _system_pre_init                
00006369  abort                           
000076cc  asc2_1206                       
000070dc  asc2_1608                       
00006380  asc2_2412                       
00005c3d  atoi                            
ffffffff  binit                           
00005ea9  delay_ms                        
000057f1  frexp                           
000057f1  frexpl                          
20200400  gCTRL_TIMERBackup               
202004e0  gUART_PBBackup                  
20200560  g_enc_left                      
20200564  g_enc_right                     
00000000  interruptVectors                
00004a75  ldexp                           
00004a75  ldexpl                          
00002be1  main                            
00006125  memccpy                         
00004e19  memcpy                          
00005553  memset                          
00004a75  scalbn                          
00004a75  scalbnl                         
00005bf5  snprintf                        
00006031  sscanf                          
00005f0f  strstr                          
000021c1  strtod                          
000041fd  strtol                          
000021c1  strtold                         
000036e9  strtoll                         
00004479  strtoul                         
00003f35  strtoull                        
00006295  wcslen                          


GLOBAL SYMBOLS: SORTED BY Symbol Address 

address   name                            
-------   ----                            
00000000  __TI_ATRegion0_region_sz        
00000000  __TI_ATRegion0_src_addr         
00000000  __TI_ATRegion0_trg_addr         
00000000  __TI_ATRegion1_region_sz        
00000000  __TI_ATRegion1_src_addr         
00000000  __TI_ATRegion1_trg_addr         
00000000  __TI_ATRegion2_region_sz        
00000000  __TI_ATRegion2_src_addr         
00000000  __TI_ATRegion2_trg_addr         
00000000  __TI_static_base__              
00000000  interruptVectors                
000000c1  __TI_scanfi                     
00000200  __STACK_SIZE                    
00000d49  __TI_printfi                    
000017c5  OLED_Init                       
000021c1  strtod                          
000021c1  strtold                         
00002571  OLED_ShowNum                    
00002903  ADC0_IRQHandler                 
00002903  ADC1_IRQHandler                 
00002903  AES_IRQHandler                  
00002903  CANFD0_IRQHandler               
00002903  DAC0_IRQHandler                 
00002903  DMA_IRQHandler                  
00002903  Default_Handler                 
00002903  GROUP0_IRQHandler               
00002903  HardFault_Handler               
00002903  I2C0_IRQHandler                 
00002903  I2C1_IRQHandler                 
00002903  NMI_Handler                     
00002903  PendSV_Handler                  
00002903  RTC_IRQHandler                  
00002903  SPI0_IRQHandler                 
00002903  SPI1_IRQHandler                 
00002903  SVC_Handler                     
00002903  SysTick_Handler                 
00002903  TIMA0_IRQHandler                
00002903  TIMA1_IRQHandler                
00002903  TIMG0_IRQHandler                
00002903  TIMG12_IRQHandler               
00002903  TIMG7_IRQHandler                
00002903  TIMG8_IRQHandler                
00002903  UART0_IRQHandler                
00002903  UART1_IRQHandler                
00002903  UART2_IRQHandler                
00002905  __divdf3_fast                   
00002be1  main                            
00002e9d  OLED_Refresh                    
000030f1  OLED_ShowChar                   
000036e9  strtoll                         
000038c5  __muldf3_fast                   
00003a9d  BT_Poll                         
00003c35  __aeabi_dsub                    
00003c35  __subdf3                        
00003c3f  __adddf3                        
00003c3f  __aeabi_dadd                    
00003dc7  __aeabi_idiv0                   
00003dc9  GraySensor_Read                 
00003f35  strtoull                        
0000409d  TIMG6_IRQHandler                
000041fd  strtol                          
00004479  strtoul                         
000045a5  DL_Timer_initFourCCPWMMode      
000046a9  DL_Timer_initTimerMode          
000048a1  SYSCFG_DL_GPIO_init             
00004999  PID_Compute                     
00004a75  ldexp                           
00004a75  ldexpl                          
00004a75  scalbn                          
00004a75  scalbnl                         
00004b51  __aeabi_fsub                    
00004b51  __subsf3                        
00004b5b  __addsf3                        
00004b5b  __aeabi_fadd                    
00004c29  BT_SendParams                   
00004cd9  __udivmoddi4                    
00004d7b  __aeabi_ldiv0                   
00004d7d  GraySensor_GetPosition          
00004e19  memcpy                          
00004eb5  SYSCFG_DL_PWM_MOTOR_init        
00004f45  __cmpsf2                        
00004f45  __eqsf2                         
00004f45  __lesf2                         
00004f45  __ltsf2                         
00004f45  __nesf2                         
00004f7f  __gesf2                         
00004f7f  __gtsf2                         
00004fbb  __aeabi_fcmpun                  
00004fbb  __unordsf2                      
00004fd1  __aeabi_fmul                    
00004fd1  __mulsf3                        
0000505d  __aeabi_fdiv                    
0000505d  __divsf3                        
000050e1  __TI_decompress_lzss            
0000515d  Motor_SetRightSpeed             
000051d5  __gedf2                         
000051d5  __gtdf2                         
000052bc  C$$EXIT                         
000052bd  HOSTexit                        
000052c1  __aeabi_d2f                     
000052c1  __truncdfsf2                    
00005335  Motor_Init                      
000053a5  Motor_SetLeftSpeed              
00005415  SYSCFG_DL_initPower             
00005485  __cmpdf2                        
00005485  __eqdf2                         
00005485  __ledf2                         
00005485  __ltdf2                         
00005485  __nedf2                         
00005553  memset                          
000055b5  Motor_Stop                      
00005615  SYSCFG_DL_UART_CONSOLE_init     
00005675  SYSCFG_DL_UART_EXT_init         
000056d5  SYSCFG_DL_UART_PB_init          
00005735  DL_I2C_fillControllerTXFIFO     
00005793  OLED_ShowString                 
000057f1  frexp                           
000057f1  frexpl                          
0000584d  __aeabi_dcmpeq                  
0000585f  __aeabi_dcmplt                  
00005871  __aeabi_dcmple                  
00005883  __aeabi_dcmpge                  
00005895  __aeabi_dcmpgt                  
000058a9  __aeabi_fcmpeq                  
000058bb  __aeabi_fcmplt                  
000058cd  __aeabi_fcmple                  
000058df  __aeabi_fcmpge                  
000058f1  __aeabi_fcmpgt                  
00005905  UART3_IRQHandler                
0000595d  __TI_ltoa                       
00005a0d  __aeabi_idiv                    
00005a0d  __aeabi_idivmod                 
00005a65  Encoder_ISR                     
00005ab9  SYSCFG_DL_I2C_BUS_init          
00005b61  __aeabi_d2iz                    
00005b61  __fixdfsi                       
00005bad  DL_UART_init                    
00005bf5  snprintf                        
00005c3d  atoi                            
00005c81  BT_Send                         
00005cc1  SYSCFG_DL_init                  
00005d01  __aeabi_uidiv                   
00005d01  __aeabi_uidivmod                
00005d41  __aeabi_f2d                     
00005d41  __extendsfdf2                   
00005d81  SYSCFG_DL_CTRL_TIMER_init       
00005dbd  __TI_auto_init_nobinit_nopinit  
00005df9  __aeabi_i2f                     
00005df9  __floatsisf                     
00005e35  __muldsi3                       
00005e71  __aeabi_f2iz                    
00005e71  __fixsfsi                       
00005ea9  delay_ms                        
00005f0f  strstr                          
00005f41  BT_Init                         
00005f71  DL_UART_transmitDataBlocking    
00005fa1  SYSCFG_DL_SYSCTL_init           
00005fd1  __aeabi_dcmpun                  
00005fd1  __unorddf2                      
00006031  sscanf                          
00006061  __aeabi_i2d                     
00006061  __floatsidf                     
0000608d  _c_int00_noargs                 
000060b5  DL_I2C_setClockConfig           
000060db  PID_Init                        
00006101  __aeabi_lmul                    
00006101  __muldi3                        
00006125  memccpy                         
00006149  DL_UART_receiveDataBlocking     
00006169  __aeabi_llsl                    
00006169  __ashldi3                       
00006189  DL_Timer_setCaptCompUpdateMethod
000061a5  DL_Timer_setClockConfig         
000061c1  __aeabi_memset                  
000061c1  __aeabi_memset4                 
000061c1  __aeabi_memset8                 
000061cf  __aeabi_memclr                  
000061cf  __aeabi_memclr4                 
000061cf  __aeabi_memclr8                 
000061dd  DL_Timer_setCaptureCompareOutCtl
000061f5  OLED_Clear                      
00006239  __aeabi_uldivmod                
0000624d  DL_UART_setClockConfig          
00006271  __TI_decompress_none            
00006285  DL_Timer_setCaptureCompareValue 
00006295  wcslen                          
000062a5  __TI_zero_init                  
000062c3  DL_Common_delayCycles           
000062fd  GROUP1_IRQHandler               
00006335  __aeabi_ddiv_fast               
0000633d  __aeabi_dmul_fast               
00006345  __aeabi_errno_addr              
00006355  __aeabi_memcpy                  
00006355  __aeabi_memcpy4                 
00006355  __aeabi_memcpy8                 
00006369  abort                           
0000636f  Reset_Handler                   
00006373  _system_pre_init                
00006380  asc2_2412                       
000070dc  asc2_1608                       
000076cc  asc2_1206                       
00007b40  __aeabi_ctype_table_            
00007b40  __aeabi_ctype_table_C           
00007e3c  __TI_Handler_Table_Base         
00007e48  __TI_Handler_Table_Limit        
00007e50  __TI_CINIT_Base                 
00007e60  __TI_CINIT_Limit                
00007e60  __TI_CINIT_Warm                 
20200000  OLED_GRAM                       
20200000  __start___llvm_prf_bits         
20200000  __start___llvm_prf_cnts         
20200000  __stop___llvm_prf_bits          
20200000  __stop___llvm_prf_cnts          
20200400  gCTRL_TIMERBackup               
202004e0  gUART_PBBackup                  
20200554  __aeabi_errno                   
20200560  g_enc_left                      
20200564  g_enc_right                     
20207e00  __stack                         
20208000  __STACK_END                     
ffffffff  __TI_pprof_out_hndl             
ffffffff  __TI_prof_data_size             
ffffffff  __TI_prof_data_start            
ffffffff  __binit__                       
ffffffff  binit                           
UNDEFED   __mpu_init                      
UNDEFED   _system_post_cinit              

[227 symbols]
