<?xml version="1.0" encoding="ISO-8859-1" ?>
<link_info>
   <banner>TI ARM Clang Linker PC v5.1.1.LTS</banner>
   <copyright>Copyright (c) 1996-2018 Texas Instruments Incorporated</copyright>
   <command_line>D:\TI_MSPM0\ccs\tools\compiler\ti-cgt-armllvm_5.1.1.LTS\bin\tiarmlnk -ID:\TI_MSPM0\ccs\tools\compiler\ti-cgt-armllvm_5.1.1.LTS\lib -o BUJIN.out --cg_opt_level=2 -mBUJIN.map --stack_size=0x800 -iD:/TI_MSPM0/mspm0_sdk_2_10_00_04/source -iD:/TI_MSPM0/CCS_Workspace/BUJIN/Debug/syscfg -iD:/TI_MSPM0/ccs/tools/compiler/ti-cgt-armllvm_5.1.1.LTS/lib --diag_wrap=off --display_error_number --warn_sections --xml_link_info=BUJIN_linkInfo.xml --rom_model ./bluetooth.o ./buzzer.o ./delay.o ./syscfg/ti_msp_dl_config.o ./startup_mspm0g350x_ticlang.o ./gray_sensor.o ./ir_sensor.o ./jy61p.o ./key.o ./main.o ./motor.o ./mpu6050.o ./mpu6050_platform.o ./oled.o ./route_fsm.o ./soft_i2c.o ../stack_override.cmd -lsyscfg/device_linker.cmd -ldevice.cmd.genlibs -llibc.a -l../stack_override.cmd --start-group -llibc++.a -llibc++abi.a -llibc.a -llibsys.a -llibsysbm.a -llibclang_rt.builtins.a -llibclang_rt.profile.a --end-group</command_line>
   <link_time>0x6a6ce459</link_time>
   <link_errors>0x0</link_errors>
   <output_file>D:\TI_MSPM0\CCS_Workspace\BUJIN\Debug\BUJIN.out</output_file>
   <entry_point>
      <name>_c_int00_noargs</name>
      <address>0x7aed</address>
   </entry_point>
   <input_file_list>
      <input_file id="fl-1">
         <path>D:\TI_MSPM0\CCS_Workspace\BUJIN\Debug\.\</path>
         <kind>object</kind>
         <file>bluetooth.o</file>
         <name>bluetooth.o</name>
      </input_file>
      <input_file id="fl-2">
         <path>D:\TI_MSPM0\CCS_Workspace\BUJIN\Debug\.\</path>
         <kind>object</kind>
         <file>buzzer.o</file>
         <name>buzzer.o</name>
      </input_file>
      <input_file id="fl-3">
         <path>D:\TI_MSPM0\CCS_Workspace\BUJIN\Debug\.\</path>
         <kind>object</kind>
         <file>delay.o</file>
         <name>delay.o</name>
      </input_file>
      <input_file id="fl-4">
         <path>D:\TI_MSPM0\CCS_Workspace\BUJIN\Debug\.\syscfg\</path>
         <kind>object</kind>
         <file>ti_msp_dl_config.o</file>
         <name>ti_msp_dl_config.o</name>
      </input_file>
      <input_file id="fl-5">
         <path>D:\TI_MSPM0\CCS_Workspace\BUJIN\Debug\.\</path>
         <kind>object</kind>
         <file>startup_mspm0g350x_ticlang.o</file>
         <name>startup_mspm0g350x_ticlang.o</name>
      </input_file>
      <input_file id="fl-6">
         <path>D:\TI_MSPM0\CCS_Workspace\BUJIN\Debug\.\</path>
         <kind>object</kind>
         <file>gray_sensor.o</file>
         <name>gray_sensor.o</name>
      </input_file>
      <input_file id="fl-7">
         <path>D:\TI_MSPM0\CCS_Workspace\BUJIN\Debug\.\</path>
         <kind>object</kind>
         <file>ir_sensor.o</file>
         <name>ir_sensor.o</name>
      </input_file>
      <input_file id="fl-8">
         <path>D:\TI_MSPM0\CCS_Workspace\BUJIN\Debug\.\</path>
         <kind>object</kind>
         <file>jy61p.o</file>
         <name>jy61p.o</name>
      </input_file>
      <input_file id="fl-9">
         <path>D:\TI_MSPM0\CCS_Workspace\BUJIN\Debug\.\</path>
         <kind>object</kind>
         <file>key.o</file>
         <name>key.o</name>
      </input_file>
      <input_file id="fl-a">
         <path>D:\TI_MSPM0\CCS_Workspace\BUJIN\Debug\.\</path>
         <kind>object</kind>
         <file>main.o</file>
         <name>main.o</name>
      </input_file>
      <input_file id="fl-b">
         <path>D:\TI_MSPM0\CCS_Workspace\BUJIN\Debug\.\</path>
         <kind>object</kind>
         <file>motor.o</file>
         <name>motor.o</name>
      </input_file>
      <input_file id="fl-c">
         <path>D:\TI_MSPM0\CCS_Workspace\BUJIN\Debug\.\</path>
         <kind>object</kind>
         <file>mpu6050.o</file>
         <name>mpu6050.o</name>
      </input_file>
      <input_file id="fl-d">
         <path>D:\TI_MSPM0\CCS_Workspace\BUJIN\Debug\.\</path>
         <kind>object</kind>
         <file>mpu6050_platform.o</file>
         <name>mpu6050_platform.o</name>
      </input_file>
      <input_file id="fl-e">
         <path>D:\TI_MSPM0\CCS_Workspace\BUJIN\Debug\.\</path>
         <kind>object</kind>
         <file>oled.o</file>
         <name>oled.o</name>
      </input_file>
      <input_file id="fl-f">
         <path>D:\TI_MSPM0\CCS_Workspace\BUJIN\Debug\.\</path>
         <kind>object</kind>
         <file>route_fsm.o</file>
         <name>route_fsm.o</name>
      </input_file>
      <input_file id="fl-10">
         <path>D:\TI_MSPM0\CCS_Workspace\BUJIN\Debug\.\</path>
         <kind>object</kind>
         <file>soft_i2c.o</file>
         <name>soft_i2c.o</name>
      </input_file>
      <input_file id="fl-1f">
         <path>D:\TI_MSPM0\CCS_Workspace\BUJIN\Debug\</path>
         <kind>object</kind>
         <file>&lt;internal&gt;</file>
         <name>&lt;internal&gt;</name>
      </input_file>
      <input_file id="fl-20">
         <path>D:\TI_MSPM0\mspm0_sdk_2_10_00_04\source\ti\driverlib\lib\ticlang\m0p\mspm0g1x0x_g3x0x\</path>
         <kind>archive</kind>
         <file>driverlib.a</file>
         <name>dl_adc12.o</name>
      </input_file>
      <input_file id="fl-21">
         <path>D:\TI_MSPM0\mspm0_sdk_2_10_00_04\source\ti\driverlib\lib\ticlang\m0p\mspm0g1x0x_g3x0x\</path>
         <kind>archive</kind>
         <file>driverlib.a</file>
         <name>dl_common.o</name>
      </input_file>
      <input_file id="fl-22">
         <path>D:\TI_MSPM0\mspm0_sdk_2_10_00_04\source\ti\driverlib\lib\ticlang\m0p\mspm0g1x0x_g3x0x\</path>
         <kind>archive</kind>
         <file>driverlib.a</file>
         <name>dl_timer.o</name>
      </input_file>
      <input_file id="fl-23">
         <path>D:\TI_MSPM0\mspm0_sdk_2_10_00_04\source\ti\driverlib\lib\ticlang\m0p\mspm0g1x0x_g3x0x\</path>
         <kind>archive</kind>
         <file>driverlib.a</file>
         <name>dl_uart.o</name>
      </input_file>
      <input_file id="fl-40">
         <path>D:\TI_MSPM0\ccs\tools\compiler\ti-cgt-armllvm_5.1.1.LTS\lib\armv6m-ti-none-eabi\c\</path>
         <kind>archive</kind>
         <file>libc.a</file>
         <name>vsnprintf.c.obj</name>
      </input_file>
      <input_file id="fl-41">
         <path>D:\TI_MSPM0\ccs\tools\compiler\ti-cgt-armllvm_5.1.1.LTS\lib\armv6m-ti-none-eabi\c\</path>
         <kind>archive</kind>
         <file>libc.a</file>
         <name>sscanf.c.obj</name>
      </input_file>
      <input_file id="fl-42">
         <path>D:\TI_MSPM0\ccs\tools\compiler\ti-cgt-armllvm_5.1.1.LTS\lib\armv6m-ti-none-eabi\c\</path>
         <kind>archive</kind>
         <file>libc.a</file>
         <name>aeabi_ctype.S.obj</name>
      </input_file>
      <input_file id="fl-43">
         <path>D:\TI_MSPM0\ccs\tools\compiler\ti-cgt-armllvm_5.1.1.LTS\lib\armv6m-ti-none-eabi\c\</path>
         <kind>archive</kind>
         <file>libc.a</file>
         <name>strcmp-armv6m.S.obj</name>
      </input_file>
      <input_file id="fl-44">
         <path>D:\TI_MSPM0\ccs\tools\compiler\ti-cgt-armllvm_5.1.1.LTS\lib\armv6m-ti-none-eabi\c\</path>
         <kind>archive</kind>
         <file>libc.a</file>
         <name>memcmp.c.obj</name>
      </input_file>
      <input_file id="fl-45">
         <path>D:\TI_MSPM0\ccs\tools\compiler\ti-cgt-armllvm_5.1.1.LTS\lib\armv6m-ti-none-eabi\c\</path>
         <kind>archive</kind>
         <file>libc.a</file>
         <name>boot_cortex_m.c.obj</name>
      </input_file>
      <input_file id="fl-46">
         <path>D:\TI_MSPM0\ccs\tools\compiler\ti-cgt-armllvm_5.1.1.LTS\lib\armv6m-ti-none-eabi\c\</path>
         <kind>archive</kind>
         <file>libc.a</file>
         <name>mathacl_init.c.obj</name>
      </input_file>
      <input_file id="fl-47">
         <path>D:\TI_MSPM0\ccs\tools\compiler\ti-cgt-armllvm_5.1.1.LTS\lib\armv6m-ti-none-eabi\c\</path>
         <kind>archive</kind>
         <file>libc.a</file>
         <name>autoinit.c.obj</name>
      </input_file>
      <input_file id="fl-48">
         <path>D:\TI_MSPM0\ccs\tools\compiler\ti-cgt-armllvm_5.1.1.LTS\lib\armv6m-ti-none-eabi\c\</path>
         <kind>archive</kind>
         <file>libc.a</file>
         <name>pre_init.c.obj</name>
      </input_file>
      <input_file id="fl-49">
         <path>D:\TI_MSPM0\ccs\tools\compiler\ti-cgt-armllvm_5.1.1.LTS\lib\armv6m-ti-none-eabi\c\</path>
         <kind>archive</kind>
         <file>libc.a</file>
         <name>cpy_tbl.c.obj</name>
      </input_file>
      <input_file id="fl-4a">
         <path>D:\TI_MSPM0\ccs\tools\compiler\ti-cgt-armllvm_5.1.1.LTS\lib\armv6m-ti-none-eabi\c\</path>
         <kind>archive</kind>
         <file>libc.a</file>
         <name>copy_zero_init.c.obj</name>
      </input_file>
      <input_file id="fl-4b">
         <path>D:\TI_MSPM0\ccs\tools\compiler\ti-cgt-armllvm_5.1.1.LTS\lib\armv6m-ti-none-eabi\c\</path>
         <kind>archive</kind>
         <file>libc.a</file>
         <name>copy_decompress_none.c.obj</name>
      </input_file>
      <input_file id="fl-4c">
         <path>D:\TI_MSPM0\ccs\tools\compiler\ti-cgt-armllvm_5.1.1.LTS\lib\armv6m-ti-none-eabi\c\</path>
         <kind>archive</kind>
         <file>libc.a</file>
         <name>copy_decompress_lzss.c.obj</name>
      </input_file>
      <input_file id="fl-4d">
         <path>D:\TI_MSPM0\ccs\tools\compiler\ti-cgt-armllvm_5.1.1.LTS\lib\armv6m-ti-none-eabi\c\</path>
         <kind>archive</kind>
         <file>libc.a</file>
         <name>_printfi.c.obj</name>
      </input_file>
      <input_file id="fl-4e">
         <path>D:\TI_MSPM0\ccs\tools\compiler\ti-cgt-armllvm_5.1.1.LTS\lib\armv6m-ti-none-eabi\c\</path>
         <kind>archive</kind>
         <file>libc.a</file>
         <name>_scanfi.c.obj</name>
      </input_file>
      <input_file id="fl-4f">
         <path>D:\TI_MSPM0\ccs\tools\compiler\ti-cgt-armllvm_5.1.1.LTS\lib\armv6m-ti-none-eabi\c\</path>
         <kind>archive</kind>
         <file>libc.a</file>
         <name>aeabi_portable.c.obj</name>
      </input_file>
      <input_file id="fl-50">
         <path>D:\TI_MSPM0\ccs\tools\compiler\ti-cgt-armllvm_5.1.1.LTS\lib\armv6m-ti-none-eabi\c\</path>
         <kind>archive</kind>
         <file>libc.a</file>
         <name>exit.c.obj</name>
      </input_file>
      <input_file id="fl-51">
         <path>D:\TI_MSPM0\ccs\tools\compiler\ti-cgt-armllvm_5.1.1.LTS\lib\armv6m-ti-none-eabi\c\</path>
         <kind>archive</kind>
         <file>libc.a</file>
         <name>_lock.c.obj</name>
      </input_file>
      <input_file id="fl-52">
         <path>D:\TI_MSPM0\ccs\tools\compiler\ti-cgt-armllvm_5.1.1.LTS\lib\armv6m-ti-none-eabi\c\</path>
         <kind>archive</kind>
         <file>libc.a</file>
         <name>_ltoa.c.obj</name>
      </input_file>
      <input_file id="fl-53">
         <path>D:\TI_MSPM0\ccs\tools\compiler\ti-cgt-armllvm_5.1.1.LTS\lib\armv6m-ti-none-eabi\c\</path>
         <kind>archive</kind>
         <file>libc.a</file>
         <name>args_main.c.obj</name>
      </input_file>
      <input_file id="fl-54">
         <path>D:\TI_MSPM0\ccs\tools\compiler\ti-cgt-armllvm_5.1.1.LTS\lib\armv6m-ti-none-eabi\c\</path>
         <kind>archive</kind>
         <file>libc.a</file>
         <name>assert.c.obj</name>
      </input_file>
      <input_file id="fl-55">
         <path>D:\TI_MSPM0\ccs\tools\compiler\ti-cgt-armllvm_5.1.1.LTS\lib\armv6m-ti-none-eabi\c\</path>
         <kind>archive</kind>
         <file>libc.a</file>
         <name>atoi.c.obj</name>
      </input_file>
      <input_file id="fl-56">
         <path>D:\TI_MSPM0\ccs\tools\compiler\ti-cgt-armllvm_5.1.1.LTS\lib\armv6m-ti-none-eabi\c\</path>
         <kind>archive</kind>
         <file>libc.a</file>
         <name>defs.c.obj</name>
      </input_file>
      <input_file id="fl-57">
         <path>D:\TI_MSPM0\ccs\tools\compiler\ti-cgt-armllvm_5.1.1.LTS\lib\armv6m-ti-none-eabi\c\</path>
         <kind>archive</kind>
         <file>libc.a</file>
         <name>memccpy.c.obj</name>
      </input_file>
      <input_file id="fl-58">
         <path>D:\TI_MSPM0\ccs\tools\compiler\ti-cgt-armllvm_5.1.1.LTS\lib\armv6m-ti-none-eabi\c\</path>
         <kind>archive</kind>
         <file>libc.a</file>
         <name>memory.c.obj</name>
      </input_file>
      <input_file id="fl-59">
         <path>D:\TI_MSPM0\ccs\tools\compiler\ti-cgt-armllvm_5.1.1.LTS\lib\armv6m-ti-none-eabi\c\</path>
         <kind>archive</kind>
         <file>libc.a</file>
         <name>strtod.c.obj</name>
      </input_file>
      <input_file id="fl-5a">
         <path>D:\TI_MSPM0\ccs\tools\compiler\ti-cgt-armllvm_5.1.1.LTS\lib\armv6m-ti-none-eabi\c\</path>
         <kind>archive</kind>
         <file>libc.a</file>
         <name>strtol.c.obj</name>
      </input_file>
      <input_file id="fl-5b">
         <path>D:\TI_MSPM0\ccs\tools\compiler\ti-cgt-armllvm_5.1.1.LTS\lib\armv6m-ti-none-eabi\c\</path>
         <kind>archive</kind>
         <file>libc.a</file>
         <name>strtoll.c.obj</name>
      </input_file>
      <input_file id="fl-5c">
         <path>D:\TI_MSPM0\ccs\tools\compiler\ti-cgt-armllvm_5.1.1.LTS\lib\armv6m-ti-none-eabi\c\</path>
         <kind>archive</kind>
         <file>libc.a</file>
         <name>strtoul.c.obj</name>
      </input_file>
      <input_file id="fl-5d">
         <path>D:\TI_MSPM0\ccs\tools\compiler\ti-cgt-armllvm_5.1.1.LTS\lib\armv6m-ti-none-eabi\c\</path>
         <kind>archive</kind>
         <file>libc.a</file>
         <name>strtoull.c.obj</name>
      </input_file>
      <input_file id="fl-5e">
         <path>D:\TI_MSPM0\ccs\tools\compiler\ti-cgt-armllvm_5.1.1.LTS\lib\armv6m-ti-none-eabi\c\</path>
         <kind>archive</kind>
         <file>libc.a</file>
         <name>s_frexp.c.obj</name>
      </input_file>
      <input_file id="fl-5f">
         <path>D:\TI_MSPM0\ccs\tools\compiler\ti-cgt-armllvm_5.1.1.LTS\lib\armv6m-ti-none-eabi\c\</path>
         <kind>archive</kind>
         <file>libc.a</file>
         <name>s_scalbn.c.obj</name>
      </input_file>
      <input_file id="fl-60">
         <path>D:\TI_MSPM0\ccs\tools\compiler\ti-cgt-armllvm_5.1.1.LTS\lib\armv6m-ti-none-eabi\c\</path>
         <kind>archive</kind>
         <file>libc.a</file>
         <name>wcslen.c.obj</name>
      </input_file>
      <input_file id="fl-61">
         <path>D:\TI_MSPM0\ccs\tools\compiler\ti-cgt-armllvm_5.1.1.LTS\lib\armv6m-ti-none-eabi\c\</path>
         <kind>archive</kind>
         <file>libc.a</file>
         <name>sprintf.c.obj</name>
      </input_file>
      <input_file id="fl-62">
         <path>D:\TI_MSPM0\ccs\tools\compiler\ti-cgt-armllvm_5.1.1.LTS\lib\armv6m-ti-none-eabi\c\</path>
         <kind>archive</kind>
         <file>libc.a</file>
         <name>fflush.c.obj</name>
      </input_file>
      <input_file id="fl-63">
         <path>D:\TI_MSPM0\ccs\tools\compiler\ti-cgt-armllvm_5.1.1.LTS\lib\armv6m-ti-none-eabi\c\</path>
         <kind>archive</kind>
         <file>libc.a</file>
         <name>fputs.c.obj</name>
      </input_file>
      <input_file id="fl-64">
         <path>D:\TI_MSPM0\ccs\tools\compiler\ti-cgt-armllvm_5.1.1.LTS\lib\armv6m-ti-none-eabi\c\</path>
         <kind>archive</kind>
         <file>libc.a</file>
         <name>_io_perm.c.obj</name>
      </input_file>
      <input_file id="fl-65">
         <path>D:\TI_MSPM0\ccs\tools\compiler\ti-cgt-armllvm_5.1.1.LTS\lib\armv6m-ti-none-eabi\c\</path>
         <kind>archive</kind>
         <file>libc.a</file>
         <name>setvbuf.c.obj</name>
      </input_file>
      <input_file id="fl-66">
         <path>D:\TI_MSPM0\ccs\tools\compiler\ti-cgt-armllvm_5.1.1.LTS\lib\armv6m-ti-none-eabi\c\</path>
         <kind>archive</kind>
         <file>libc.a</file>
         <name>fopen.c.obj</name>
      </input_file>
      <input_file id="fl-67">
         <path>D:\TI_MSPM0\ccs\tools\compiler\ti-cgt-armllvm_5.1.1.LTS\lib\armv6m-ti-none-eabi\c\</path>
         <kind>archive</kind>
         <file>libc.a</file>
         <name>fseek.c.obj</name>
      </input_file>
      <input_file id="fl-68">
         <path>D:\TI_MSPM0\ccs\tools\compiler\ti-cgt-armllvm_5.1.1.LTS\lib\armv6m-ti-none-eabi\c\</path>
         <kind>archive</kind>
         <file>libc.a</file>
         <name>fclose.c.obj</name>
      </input_file>
      <input_file id="fl-15c">
         <path>D:\TI_MSPM0\ccs\tools\compiler\ti-cgt-armllvm_5.1.1.LTS\lib\armv6m-ti-none-eabi\c\</path>
         <kind>archive</kind>
         <file>libsysbm.a</file>
         <name>hostexit.c.obj</name>
      </input_file>
      <input_file id="fl-15d">
         <path>D:\TI_MSPM0\ccs\tools\compiler\ti-cgt-armllvm_5.1.1.LTS\lib\armv6m-ti-none-eabi\c\</path>
         <kind>archive</kind>
         <file>libsysbm.a</file>
         <name>write.c.obj</name>
      </input_file>
      <input_file id="fl-15e">
         <path>D:\TI_MSPM0\ccs\tools\compiler\ti-cgt-armllvm_5.1.1.LTS\lib\armv6m-ti-none-eabi\c\</path>
         <kind>archive</kind>
         <file>libsysbm.a</file>
         <name>host_device.c.obj</name>
      </input_file>
      <input_file id="fl-15f">
         <path>D:\TI_MSPM0\ccs\tools\compiler\ti-cgt-armllvm_5.1.1.LTS\lib\armv6m-ti-none-eabi\c\</path>
         <kind>archive</kind>
         <file>libsysbm.a</file>
         <name>remove.c.obj</name>
      </input_file>
      <input_file id="fl-160">
         <path>D:\TI_MSPM0\ccs\tools\compiler\ti-cgt-armllvm_5.1.1.LTS\lib\armv6m-ti-none-eabi\c\</path>
         <kind>archive</kind>
         <file>libsysbm.a</file>
         <name>open.c.obj</name>
      </input_file>
      <input_file id="fl-161">
         <path>D:\TI_MSPM0\ccs\tools\compiler\ti-cgt-armllvm_5.1.1.LTS\lib\armv6m-ti-none-eabi\c\</path>
         <kind>archive</kind>
         <file>libsysbm.a</file>
         <name>lseek.c.obj</name>
      </input_file>
      <input_file id="fl-162">
         <path>D:\TI_MSPM0\ccs\tools\compiler\ti-cgt-armllvm_5.1.1.LTS\lib\armv6m-ti-none-eabi\c\</path>
         <kind>archive</kind>
         <file>libsysbm.a</file>
         <name>close.c.obj</name>
      </input_file>
      <input_file id="fl-163">
         <path>D:\TI_MSPM0\ccs\tools\compiler\ti-cgt-armllvm_5.1.1.LTS\lib\armv6m-ti-none-eabi\c\</path>
         <kind>archive</kind>
         <file>libsysbm.a</file>
         <name>unlink.c.obj</name>
      </input_file>
      <input_file id="fl-164">
         <path>D:\TI_MSPM0\ccs\tools\compiler\ti-cgt-armllvm_5.1.1.LTS\lib\armv6m-ti-none-eabi\c\</path>
         <kind>archive</kind>
         <file>libsysbm.a</file>
         <name>hostclose.c.obj</name>
      </input_file>
      <input_file id="fl-165">
         <path>D:\TI_MSPM0\ccs\tools\compiler\ti-cgt-armllvm_5.1.1.LTS\lib\armv6m-ti-none-eabi\c\</path>
         <kind>archive</kind>
         <file>libsysbm.a</file>
         <name>hostlseek.c.obj</name>
      </input_file>
      <input_file id="fl-166">
         <path>D:\TI_MSPM0\ccs\tools\compiler\ti-cgt-armllvm_5.1.1.LTS\lib\armv6m-ti-none-eabi\c\</path>
         <kind>archive</kind>
         <file>libsysbm.a</file>
         <name>hostopen.c.obj</name>
      </input_file>
      <input_file id="fl-167">
         <path>D:\TI_MSPM0\ccs\tools\compiler\ti-cgt-armllvm_5.1.1.LTS\lib\armv6m-ti-none-eabi\c\</path>
         <kind>archive</kind>
         <file>libsysbm.a</file>
         <name>hostread.c.obj</name>
      </input_file>
      <input_file id="fl-168">
         <path>D:\TI_MSPM0\ccs\tools\compiler\ti-cgt-armllvm_5.1.1.LTS\lib\armv6m-ti-none-eabi\c\</path>
         <kind>archive</kind>
         <file>libsysbm.a</file>
         <name>hostrename.c.obj</name>
      </input_file>
      <input_file id="fl-169">
         <path>D:\TI_MSPM0\ccs\tools\compiler\ti-cgt-armllvm_5.1.1.LTS\lib\armv6m-ti-none-eabi\c\</path>
         <kind>archive</kind>
         <file>libsysbm.a</file>
         <name>hostunlink.c.obj</name>
      </input_file>
      <input_file id="fl-16a">
         <path>D:\TI_MSPM0\ccs\tools\compiler\ti-cgt-armllvm_5.1.1.LTS\lib\armv6m-ti-none-eabi\c\</path>
         <kind>archive</kind>
         <file>libsysbm.a</file>
         <name>hostwrite.c.obj</name>
      </input_file>
      <input_file id="fl-16b">
         <path>D:\TI_MSPM0\ccs\tools\compiler\ti-cgt-armllvm_5.1.1.LTS\lib\armv6m-ti-none-eabi\c\</path>
         <kind>archive</kind>
         <file>libsysbm.a</file>
         <name>trgmsg.c.obj</name>
      </input_file>
      <input_file id="fl-16c">
         <path>D:\TI_MSPM0\ccs\tools\compiler\ti-cgt-armllvm_5.1.1.LTS\lib\armv6m-ti-none-eabi\</path>
         <kind>archive</kind>
         <file>libclang_rt.builtins.a</file>
         <name>addsf3.S.obj</name>
      </input_file>
      <input_file id="fl-16d">
         <path>D:\TI_MSPM0\ccs\tools\compiler\ti-cgt-armllvm_5.1.1.LTS\lib\armv6m-ti-none-eabi\</path>
         <kind>archive</kind>
         <file>libclang_rt.builtins.a</file>
         <name>adddf3.S.obj</name>
      </input_file>
      <input_file id="fl-16e">
         <path>D:\TI_MSPM0\ccs\tools\compiler\ti-cgt-armllvm_5.1.1.LTS\lib\armv6m-ti-none-eabi\</path>
         <kind>archive</kind>
         <file>libclang_rt.builtins.a</file>
         <name>mulsf3.S.obj</name>
      </input_file>
      <input_file id="fl-16f">
         <path>D:\TI_MSPM0\ccs\tools\compiler\ti-cgt-armllvm_5.1.1.LTS\lib\armv6m-ti-none-eabi\</path>
         <kind>archive</kind>
         <file>libclang_rt.builtins.a</file>
         <name>divsf3.S.obj</name>
      </input_file>
      <input_file id="fl-170">
         <path>D:\TI_MSPM0\ccs\tools\compiler\ti-cgt-armllvm_5.1.1.LTS\lib\armv6m-ti-none-eabi\</path>
         <kind>archive</kind>
         <file>libclang_rt.builtins.a</file>
         <name>extendsfdf2.S.obj</name>
      </input_file>
      <input_file id="fl-171">
         <path>D:\TI_MSPM0\ccs\tools\compiler\ti-cgt-armllvm_5.1.1.LTS\lib\armv6m-ti-none-eabi\</path>
         <kind>archive</kind>
         <file>libclang_rt.builtins.a</file>
         <name>fixdfsi.S.obj</name>
      </input_file>
      <input_file id="fl-172">
         <path>D:\TI_MSPM0\ccs\tools\compiler\ti-cgt-armllvm_5.1.1.LTS\lib\armv6m-ti-none-eabi\</path>
         <kind>archive</kind>
         <file>libclang_rt.builtins.a</file>
         <name>fixsfsi.S.obj</name>
      </input_file>
      <input_file id="fl-173">
         <path>D:\TI_MSPM0\ccs\tools\compiler\ti-cgt-armllvm_5.1.1.LTS\lib\armv6m-ti-none-eabi\</path>
         <kind>archive</kind>
         <file>libclang_rt.builtins.a</file>
         <name>fixunssfsi.S.obj</name>
      </input_file>
      <input_file id="fl-174">
         <path>D:\TI_MSPM0\ccs\tools\compiler\ti-cgt-armllvm_5.1.1.LTS\lib\armv6m-ti-none-eabi\</path>
         <kind>archive</kind>
         <file>libclang_rt.builtins.a</file>
         <name>floatsidf.S.obj</name>
      </input_file>
      <input_file id="fl-175">
         <path>D:\TI_MSPM0\ccs\tools\compiler\ti-cgt-armllvm_5.1.1.LTS\lib\armv6m-ti-none-eabi\</path>
         <kind>archive</kind>
         <file>libclang_rt.builtins.a</file>
         <name>floatsisf.S.obj</name>
      </input_file>
      <input_file id="fl-176">
         <path>D:\TI_MSPM0\ccs\tools\compiler\ti-cgt-armllvm_5.1.1.LTS\lib\armv6m-ti-none-eabi\</path>
         <kind>archive</kind>
         <file>libclang_rt.builtins.a</file>
         <name>floatunsisf.S.obj</name>
      </input_file>
      <input_file id="fl-177">
         <path>D:\TI_MSPM0\ccs\tools\compiler\ti-cgt-armllvm_5.1.1.LTS\lib\armv6m-ti-none-eabi\</path>
         <kind>archive</kind>
         <file>libclang_rt.builtins.a</file>
         <name>muldi3.S.obj</name>
      </input_file>
      <input_file id="fl-178">
         <path>D:\TI_MSPM0\ccs\tools\compiler\ti-cgt-armllvm_5.1.1.LTS\lib\armv6m-ti-none-eabi\</path>
         <kind>archive</kind>
         <file>libclang_rt.builtins.a</file>
         <name>truncdfsf2.S.obj</name>
      </input_file>
      <input_file id="fl-179">
         <path>D:\TI_MSPM0\ccs\tools\compiler\ti-cgt-armllvm_5.1.1.LTS\lib\armv6m-ti-none-eabi\</path>
         <kind>archive</kind>
         <file>libclang_rt.builtins.a</file>
         <name>comparedf2.c.obj</name>
      </input_file>
      <input_file id="fl-17a">
         <path>D:\TI_MSPM0\ccs\tools\compiler\ti-cgt-armllvm_5.1.1.LTS\lib\armv6m-ti-none-eabi\</path>
         <kind>archive</kind>
         <file>libclang_rt.builtins.a</file>
         <name>aeabi_dcmp.S.obj</name>
      </input_file>
      <input_file id="fl-17b">
         <path>D:\TI_MSPM0\ccs\tools\compiler\ti-cgt-armllvm_5.1.1.LTS\lib\armv6m-ti-none-eabi\</path>
         <kind>archive</kind>
         <file>libclang_rt.builtins.a</file>
         <name>aeabi_ddiv.c.obj</name>
      </input_file>
      <input_file id="fl-17c">
         <path>D:\TI_MSPM0\ccs\tools\compiler\ti-cgt-armllvm_5.1.1.LTS\lib\armv6m-ti-none-eabi\</path>
         <kind>archive</kind>
         <file>libclang_rt.builtins.a</file>
         <name>aeabi_dmul.c.obj</name>
      </input_file>
      <input_file id="fl-17d">
         <path>D:\TI_MSPM0\ccs\tools\compiler\ti-cgt-armllvm_5.1.1.LTS\lib\armv6m-ti-none-eabi\</path>
         <kind>archive</kind>
         <file>libclang_rt.builtins.a</file>
         <name>aeabi_fcmp.S.obj</name>
      </input_file>
      <input_file id="fl-17e">
         <path>D:\TI_MSPM0\ccs\tools\compiler\ti-cgt-armllvm_5.1.1.LTS\lib\armv6m-ti-none-eabi\</path>
         <kind>archive</kind>
         <file>libclang_rt.builtins.a</file>
         <name>aeabi_idivmod.S.obj</name>
      </input_file>
      <input_file id="fl-17f">
         <path>D:\TI_MSPM0\ccs\tools\compiler\ti-cgt-armllvm_5.1.1.LTS\lib\armv6m-ti-none-eabi\</path>
         <kind>archive</kind>
         <file>libclang_rt.builtins.a</file>
         <name>aeabi_uidivmod.S.obj</name>
      </input_file>
      <input_file id="fl-180">
         <path>D:\TI_MSPM0\ccs\tools\compiler\ti-cgt-armllvm_5.1.1.LTS\lib\armv6m-ti-none-eabi\</path>
         <kind>archive</kind>
         <file>libclang_rt.builtins.a</file>
         <name>aeabi_uldivmod.S.obj</name>
      </input_file>
      <input_file id="fl-181">
         <path>D:\TI_MSPM0\ccs\tools\compiler\ti-cgt-armllvm_5.1.1.LTS\lib\armv6m-ti-none-eabi\</path>
         <kind>archive</kind>
         <file>libclang_rt.builtins.a</file>
         <name>aeabi_memcpy.S.obj</name>
      </input_file>
      <input_file id="fl-182">
         <path>D:\TI_MSPM0\ccs\tools\compiler\ti-cgt-armllvm_5.1.1.LTS\lib\armv6m-ti-none-eabi\</path>
         <kind>archive</kind>
         <file>libclang_rt.builtins.a</file>
         <name>aeabi_memmove.S.obj</name>
      </input_file>
      <input_file id="fl-183">
         <path>D:\TI_MSPM0\ccs\tools\compiler\ti-cgt-armllvm_5.1.1.LTS\lib\armv6m-ti-none-eabi\</path>
         <kind>archive</kind>
         <file>libclang_rt.builtins.a</file>
         <name>aeabi_memset.S.obj</name>
      </input_file>
      <input_file id="fl-184">
         <path>D:\TI_MSPM0\ccs\tools\compiler\ti-cgt-armllvm_5.1.1.LTS\lib\armv6m-ti-none-eabi\</path>
         <kind>archive</kind>
         <file>libclang_rt.builtins.a</file>
         <name>comparesf2.S.obj</name>
      </input_file>
      <input_file id="fl-185">
         <path>D:\TI_MSPM0\ccs\tools\compiler\ti-cgt-armllvm_5.1.1.LTS\lib\armv6m-ti-none-eabi\</path>
         <kind>archive</kind>
         <file>libclang_rt.builtins.a</file>
         <name>udivmoddi4.S.obj</name>
      </input_file>
      <input_file id="fl-186">
         <path>D:\TI_MSPM0\ccs\tools\compiler\ti-cgt-armllvm_5.1.1.LTS\lib\armv6m-ti-none-eabi\</path>
         <kind>archive</kind>
         <file>libclang_rt.builtins.a</file>
         <name>muldf3.S.obj</name>
      </input_file>
      <input_file id="fl-187">
         <path>D:\TI_MSPM0\ccs\tools\compiler\ti-cgt-armllvm_5.1.1.LTS\lib\armv6m-ti-none-eabi\</path>
         <kind>archive</kind>
         <file>libclang_rt.builtins.a</file>
         <name>muldsi3.S.obj</name>
      </input_file>
      <input_file id="fl-188">
         <path>D:\TI_MSPM0\ccs\tools\compiler\ti-cgt-armllvm_5.1.1.LTS\lib\armv6m-ti-none-eabi\</path>
         <kind>archive</kind>
         <file>libclang_rt.builtins.a</file>
         <name>ashldi3.S.obj</name>
      </input_file>
      <input_file id="fl-189">
         <path>D:\TI_MSPM0\ccs\tools\compiler\ti-cgt-armllvm_5.1.1.LTS\lib\armv6m-ti-none-eabi\</path>
         <kind>archive</kind>
         <file>libclang_rt.builtins.a</file>
         <name>divdf3.S.obj</name>
      </input_file>
      <input_file id="fl-18a">
         <path>D:\TI_MSPM0\ccs\tools\compiler\ti-cgt-armllvm_5.1.1.LTS\lib\armv6m-ti-none-eabi\</path>
         <kind>archive</kind>
         <file>libclang_rt.builtins.a</file>
         <name>aeabi_div0.c.obj</name>
      </input_file>
      <input_file id="fl-18b">
         <path>D:\TI_MSPM0\ccs\tools\compiler\ti-cgt-armllvm_5.1.1.LTS\lib\armv6m-ti-none-eabi\c\</path>
         <kind>archive</kind>
         <file>libc.a</file>
         <name>divdf3_fast.c.obj</name>
      </input_file>
      <input_file id="fl-18c">
         <path>D:\TI_MSPM0\ccs\tools\compiler\ti-cgt-armllvm_5.1.1.LTS\lib\armv6m-ti-none-eabi\c\</path>
         <kind>archive</kind>
         <file>libc.a</file>
         <name>muldf3_fast.c.obj</name>
      </input_file>
      <input_file id="fl-18d">
         <path>D:\TI_MSPM0\ccs\tools\compiler\ti-cgt-armllvm_5.1.1.LTS\lib\armv6m-ti-none-eabi\c\</path>
         <kind>archive</kind>
         <file>libc.a</file>
         <name>getdevice.c.obj</name>
      </input_file>
      <input_file id="fl-18e">
         <path>D:\TI_MSPM0\ccs\tools\compiler\ti-cgt-armllvm_5.1.1.LTS\lib\armv6m-ti-none-eabi\c\</path>
         <kind>archive</kind>
         <file>libc.a</file>
         <name>memcpy16.S.obj</name>
      </input_file>
      <input_file id="fl-18f">
         <path>D:\TI_MSPM0\ccs\tools\compiler\ti-cgt-armllvm_5.1.1.LTS\lib\armv6m-ti-none-eabi\c\</path>
         <kind>archive</kind>
         <file>libc.a</file>
         <name>memset16.S.obj</name>
      </input_file>
      <input_file id="fl-190">
         <path>D:\TI_MSPM0\ccs\tools\compiler\ti-cgt-armllvm_5.1.1.LTS\lib\armv6m-ti-none-eabi\c\</path>
         <kind>archive</kind>
         <file>libc.a</file>
         <name>memmov.c.obj</name>
      </input_file>
   </input_file_list>
   <object_component_list>
      <object_component id="oc-18">
         <name>.intvecs</name>
         <load_address>0x0</load_address>
         <readonly>true</readonly>
         <run_address>0x0</run_address>
         <size>0xc0</size>
         <alignment>0x4</alignment>
         <input_file_ref idref="fl-5"/>
      </object_component>
      <object_component id="oc-288">
         <name>.text.__TI_scanfi</name>
         <load_address>0xc0</load_address>
         <readonly>true</readonly>
         <executable>true</executable>
         <run_address>0xc0</run_address>
         <size>0xc88</size>
         <alignment>0x4</alignment>
         <input_file_ref idref="fl-4e"/>
      </object_component>
      <object_component id="oc-2cf">
         <name>.text:__TI_printfi</name>
         <load_address>0xd48</load_address>
         <readonly>true</readonly>
         <executable>true</executable>
         <run_address>0xd48</run_address>
         <size>0xa7c</size>
         <alignment>0x4</alignment>
         <input_file_ref idref="fl-4d"/>
      </object_component>
      <object_component id="oc-cf">
         <name>.text.main</name>
         <load_address>0x17c4</load_address>
         <readonly>true</readonly>
         <executable>true</executable>
         <run_address>0x17c4</run_address>
         <size>0x840</size>
         <alignment>0x4</alignment>
         <input_file_ref idref="fl-a"/>
      </object_component>
      <object_component id="oc-9d">
         <name>.text.Route_Update5ms</name>
         <load_address>0x2004</load_address>
         <readonly>true</readonly>
         <executable>true</executable>
         <run_address>0x2004</run_address>
         <size>0x628</size>
         <alignment>0x4</alignment>
         <input_file_ref idref="fl-f"/>
      </object_component>
      <object_component id="oc-16f">
         <name>.text.BT_Poll</name>
         <load_address>0x262c</load_address>
         <readonly>true</readonly>
         <executable>true</executable>
         <run_address>0x262c</run_address>
         <size>0x5ec</size>
         <alignment>0x4</alignment>
         <input_file_ref idref="fl-1"/>
      </object_component>
      <object_component id="oc-1e7">
         <name>.text.OLED_ShowChar</name>
         <load_address>0x2c18</load_address>
         <readonly>true</readonly>
         <executable>true</executable>
         <run_address>0x2c18</run_address>
         <size>0x428</size>
         <alignment>0x4</alignment>
         <input_file_ref idref="fl-e"/>
      </object_component>
      <object_component id="oc-2e0">
         <name>.text.strtod</name>
         <load_address>0x3040</load_address>
         <readonly>true</readonly>
         <executable>true</executable>
         <run_address>0x3040</run_address>
         <size>0x3b0</size>
         <alignment>0x4</alignment>
         <input_file_ref idref="fl-59"/>
      </object_component>
      <object_component id="oc-177">
         <name>.text.OLED_ShowNum</name>
         <load_address>0x33f0</load_address>
         <readonly>true</readonly>
         <executable>true</executable>
         <run_address>0x33f0</run_address>
         <size>0x392</size>
         <alignment>0x2</alignment>
         <input_file_ref idref="fl-e"/>
      </object_component>
      <object_component id="oc-33">
         <name>.text.Default_Handler</name>
         <load_address>0x3782</load_address>
         <readonly>true</readonly>
         <executable>true</executable>
         <run_address>0x3782</run_address>
         <size>0x2</size>
         <alignment>0x2</alignment>
         <input_file_ref idref="fl-5"/>
      </object_component>
      <object_component id="oc-3f">
         <name>.text.TIMG6_IRQHandler</name>
         <load_address>0x3784</load_address>
         <readonly>true</readonly>
         <executable>true</executable>
         <run_address>0x3784</run_address>
         <size>0x308</size>
         <alignment>0x4</alignment>
         <input_file_ref idref="fl-a"/>
      </object_component>
      <object_component id="oc-3a0">
         <name>.text.__divdf3_fast</name>
         <load_address>0x3a8c</load_address>
         <readonly>true</readonly>
         <executable>true</executable>
         <run_address>0x3a8c</run_address>
         <size>0x2dc</size>
         <alignment>0x4</alignment>
         <input_file_ref idref="fl-18b"/>
      </object_component>
      <object_component id="oc-275">
         <name>.text.OLED_I2C_WriteByte</name>
         <load_address>0x3d68</load_address>
         <readonly>true</readonly>
         <executable>true</executable>
         <run_address>0x3d68</run_address>
         <size>0x2bc</size>
         <alignment>0x4</alignment>
         <input_file_ref idref="fl-e"/>
      </object_component>
      <object_component id="oc-322">
         <name>.text._pconv_a</name>
         <load_address>0x4024</load_address>
         <readonly>true</readonly>
         <executable>true</executable>
         <run_address>0x4024</run_address>
         <size>0x20c</size>
         <alignment>0x4</alignment>
         <input_file_ref idref="fl-4d"/>
      </object_component>
      <object_component id="oc-154">
         <name>.text.OLED_Refresh</name>
         <load_address>0x4230</load_address>
         <readonly>true</readonly>
         <executable>true</executable>
         <run_address>0x4230</run_address>
         <size>0x1f8</size>
         <alignment>0x4</alignment>
         <input_file_ref idref="fl-e"/>
      </object_component>
      <object_component id="oc-323">
         <name>.text._pconv_g</name>
         <load_address>0x4428</load_address>
         <readonly>true</readonly>
         <executable>true</executable>
         <run_address>0x4428</run_address>
         <size>0x1e0</size>
         <alignment>0x4</alignment>
         <input_file_ref idref="fl-4d"/>
      </object_component>
      <object_component id="oc-2f2">
         <name>.text.strtoll</name>
         <load_address>0x4608</load_address>
         <readonly>true</readonly>
         <executable>true</executable>
         <run_address>0x4608</run_address>
         <size>0x1dc</size>
         <alignment>0x4</alignment>
         <input_file_ref idref="fl-5b"/>
      </object_component>
      <object_component id="oc-396">
         <name>.text.__muldf3_fast</name>
         <load_address>0x47e4</load_address>
         <readonly>true</readonly>
         <executable>true</executable>
         <run_address>0x47e4</run_address>
         <size>0x1d8</size>
         <alignment>0x4</alignment>
         <input_file_ref idref="fl-18c"/>
      </object_component>
      <object_component id="oc-121">
         <name>.text.LineFollow_Update</name>
         <load_address>0x49bc</load_address>
         <readonly>true</readonly>
         <executable>true</executable>
         <run_address>0x49bc</run_address>
         <size>0x1d0</size>
         <alignment>0x4</alignment>
         <input_file_ref idref="fl-f"/>
      </object_component>
      <object_component id="oc-16d">
         <name>.text.BT_Printf</name>
         <load_address>0x4b8c</load_address>
         <readonly>true</readonly>
         <executable>true</executable>
         <run_address>0x4b8c</run_address>
         <size>0x1c8</size>
         <alignment>0x4</alignment>
         <input_file_ref idref="fl-1"/>
      </object_component>
      <object_component id="oc-32c">
         <name>.text</name>
         <load_address>0x4d54</load_address>
         <readonly>true</readonly>
         <executable>true</executable>
         <run_address>0x4d54</run_address>
         <size>0x192</size>
         <alignment>0x4</alignment>
         <input_file_ref idref="fl-16d"/>
      </object_component>
      <object_component id="oc-23d">
         <name>.text.__aeabi_idiv0</name>
         <load_address>0x4ee6</load_address>
         <readonly>true</readonly>
         <executable>true</executable>
         <run_address>0x4ee6</run_address>
         <size>0x2</size>
         <alignment>0x2</alignment>
         <input_file_ref idref="fl-18a"/>
      </object_component>
      <object_component id="oc-219">
         <name>.text.BT_SendParams</name>
         <load_address>0x4ee8</load_address>
         <readonly>true</readonly>
         <executable>true</executable>
         <run_address>0x4ee8</run_address>
         <size>0x16c</size>
         <alignment>0x4</alignment>
         <input_file_ref idref="fl-1"/>
      </object_component>
      <object_component id="oc-91">
         <name>.text.GraySensor_Read</name>
         <load_address>0x5054</load_address>
         <readonly>true</readonly>
         <executable>true</executable>
         <run_address>0x5054</run_address>
         <size>0x16c</size>
         <alignment>0x4</alignment>
         <input_file_ref idref="fl-6"/>
      </object_component>
      <object_component id="oc-2ea">
         <name>.text.strtoull</name>
         <load_address>0x51c0</load_address>
         <readonly>true</readonly>
         <executable>true</executable>
         <run_address>0x51c0</run_address>
         <size>0x168</size>
         <alignment>0x4</alignment>
         <input_file_ref idref="fl-5d"/>
      </object_component>
      <object_component id="oc-2f6">
         <name>.text.strtol</name>
         <load_address>0x5328</load_address>
         <readonly>true</readonly>
         <executable>true</executable>
         <run_address>0x5328</run_address>
         <size>0x144</size>
         <alignment>0x4</alignment>
         <input_file_ref idref="fl-5a"/>
      </object_component>
      <object_component id="oc-374">
         <name>.text.fcvt</name>
         <load_address>0x546c</load_address>
         <readonly>true</readonly>
         <executable>true</executable>
         <run_address>0x546c</run_address>
         <size>0x138</size>
         <alignment>0x4</alignment>
         <input_file_ref idref="fl-4d"/>
      </object_component>
      <object_component id="oc-14a">
         <name>.text.Route_Init</name>
         <load_address>0x55a4</load_address>
         <readonly>true</readonly>
         <executable>true</executable>
         <run_address>0x55a4</run_address>
         <size>0x134</size>
         <alignment>0x4</alignment>
         <input_file_ref idref="fl-f"/>
      </object_component>
      <object_component id="oc-2ee">
         <name>.text.strtoul</name>
         <load_address>0x56d8</load_address>
         <readonly>true</readonly>
         <executable>true</executable>
         <run_address>0x56d8</run_address>
         <size>0x12c</size>
         <alignment>0x4</alignment>
         <input_file_ref idref="fl-5c"/>
      </object_component>
      <object_component id="oc-1d4">
         <name>.text.SYSCFG_DL_GPIO_init</name>
         <load_address>0x5804</load_address>
         <readonly>true</readonly>
         <executable>true</executable>
         <run_address>0x5804</run_address>
         <size>0x114</size>
         <alignment>0x4</alignment>
         <input_file_ref idref="fl-4"/>
      </object_component>
      <object_component id="oc-25d">
         <name>.text.DL_Timer_initFourCCPWMMode</name>
         <load_address>0x5918</load_address>
         <readonly>true</readonly>
         <executable>true</executable>
         <run_address>0x5918</run_address>
         <size>0x104</size>
         <alignment>0x4</alignment>
         <input_file_ref idref="fl-22"/>
      </object_component>
      <object_component id="oc-7f">
         <name>.text.JY61P_UART_IRQHandler</name>
         <load_address>0x5a1c</load_address>
         <readonly>true</readonly>
         <executable>true</executable>
         <run_address>0x5a1c</run_address>
         <size>0x104</size>
         <alignment>0x4</alignment>
         <input_file_ref idref="fl-8"/>
      </object_component>
      <object_component id="oc-262">
         <name>.text.DL_Timer_initTimerMode</name>
         <load_address>0x5b20</load_address>
         <readonly>true</readonly>
         <executable>true</executable>
         <run_address>0x5b20</run_address>
         <size>0xfc</size>
         <alignment>0x4</alignment>
         <input_file_ref idref="fl-22"/>
      </object_component>
      <object_component id="oc-85">
         <name>.text.Key_Scan5ms</name>
         <load_address>0x5c1c</load_address>
         <readonly>true</readonly>
         <executable>true</executable>
         <run_address>0x5c1c</run_address>
         <size>0xfc</size>
         <alignment>0x4</alignment>
         <input_file_ref idref="fl-9"/>
      </object_component>
      <object_component id="oc-14c">
         <name>.text.OLED_Init</name>
         <load_address>0x5d18</load_address>
         <readonly>true</readonly>
         <executable>true</executable>
         <run_address>0x5d18</run_address>
         <size>0xfc</size>
         <alignment>0x4</alignment>
         <input_file_ref idref="fl-e"/>
      </object_component>
      <object_component id="oc-325">
         <name>.text._pconv_e</name>
         <load_address>0x5e14</load_address>
         <readonly>true</readonly>
         <executable>true</executable>
         <run_address>0x5e14</run_address>
         <size>0xfc</size>
         <alignment>0x4</alignment>
         <input_file_ref idref="fl-4d"/>
      </object_component>
      <object_component id="oc-155">
         <name>.text.BT_Init</name>
         <load_address>0x5f10</load_address>
         <readonly>true</readonly>
         <executable>true</executable>
         <run_address>0x5f10</run_address>
         <size>0xf4</size>
         <alignment>0x4</alignment>
         <input_file_ref idref="fl-1"/>
      </object_component>
      <object_component id="oc-330">
         <name>.text.scalbn</name>
         <load_address>0x6004</load_address>
         <readonly>true</readonly>
         <executable>true</executable>
         <run_address>0x6004</run_address>
         <size>0xdc</size>
         <alignment>0x4</alignment>
         <input_file_ref idref="fl-5f"/>
      </object_component>
      <object_component id="oc-1e1">
         <name>.text.OLED_WR_Byte</name>
         <load_address>0x60e0</load_address>
         <readonly>true</readonly>
         <executable>true</executable>
         <run_address>0x60e0</run_address>
         <size>0xd8</size>
         <alignment>0x4</alignment>
         <input_file_ref idref="fl-e"/>
      </object_component>
      <object_component id="oc-89">
         <name>.text</name>
         <load_address>0x61b8</load_address>
         <readonly>true</readonly>
         <executable>true</executable>
         <run_address>0x61b8</run_address>
         <size>0xd8</size>
         <alignment>0x4</alignment>
         <input_file_ref idref="fl-16c"/>
      </object_component>
      <object_component id="oc-88">
         <name>.text.JY61P_GetYaw</name>
         <load_address>0x6290</load_address>
         <readonly>true</readonly>
         <executable>true</executable>
         <run_address>0x6290</run_address>
         <size>0xd4</size>
         <alignment>0x4</alignment>
         <input_file_ref idref="fl-8"/>
      </object_component>
      <object_component id="oc-355">
         <name>.text</name>
         <load_address>0x6364</load_address>
         <readonly>true</readonly>
         <executable>true</executable>
         <run_address>0x6364</run_address>
         <size>0xa2</size>
         <alignment>0x4</alignment>
         <input_file_ref idref="fl-185"/>
      </object_component>
      <object_component id="oc-388">
         <name>.text.__aeabi_ldiv0</name>
         <load_address>0x6406</load_address>
         <readonly>true</readonly>
         <executable>true</executable>
         <run_address>0x6406</run_address>
         <size>0x2</size>
         <alignment>0x2</alignment>
         <input_file_ref idref="fl-18a"/>
      </object_component>
      <object_component id="oc-14b">
         <name>.text.Key_Init</name>
         <load_address>0x6408</load_address>
         <readonly>true</readonly>
         <executable>true</executable>
         <run_address>0x6408</run_address>
         <size>0x9c</size>
         <alignment>0x4</alignment>
         <input_file_ref idref="fl-9"/>
      </object_component>
      <object_component id="oc-13e">
         <name>.text:memcpy</name>
         <load_address>0x64a4</load_address>
         <readonly>true</readonly>
         <executable>true</executable>
         <run_address>0x64a4</run_address>
         <size>0x9a</size>
         <alignment>0x1</alignment>
         <input_file_ref idref="fl-18e"/>
      </object_component>
      <object_component id="oc-122">
         <name>.text.Encoder_GetAverageDistanceCm</name>
         <load_address>0x6540</load_address>
         <readonly>true</readonly>
         <executable>true</executable>
         <run_address>0x6540</run_address>
         <size>0x90</size>
         <alignment>0x4</alignment>
         <input_file_ref idref="fl-b"/>
      </object_component>
      <object_component id="oc-1d6">
         <name>.text.SYSCFG_DL_PWM_MOTOR_init</name>
         <load_address>0x65d0</load_address>
         <readonly>true</readonly>
         <executable>true</executable>
         <run_address>0x65d0</run_address>
         <size>0x90</size>
         <alignment>0x4</alignment>
         <input_file_ref idref="fl-4"/>
      </object_component>
      <object_component id="oc-f4">
         <name>.text</name>
         <load_address>0x6660</load_address>
         <readonly>true</readonly>
         <executable>true</executable>
         <run_address>0x6660</run_address>
         <size>0x8c</size>
         <alignment>0x4</alignment>
         <input_file_ref idref="fl-184"/>
      </object_component>
      <object_component id="oc-a4">
         <name>.text</name>
         <load_address>0x66ec</load_address>
         <readonly>true</readonly>
         <executable>true</executable>
         <run_address>0x66ec</run_address>
         <size>0x8c</size>
         <alignment>0x4</alignment>
         <input_file_ref idref="fl-16e"/>
      </object_component>
      <object_component id="oc-329">
         <name>.text.OUTLINED_FUNCTION_0</name>
         <load_address>0x6778</load_address>
         <readonly>true</readonly>
         <executable>true</executable>
         <run_address>0x6778</run_address>
         <size>0x8</size>
         <alignment>0x2</alignment>
         <input_file_ref idref="fl-59"/>
      </object_component>
      <object_component id="oc-1fa">
         <name>.text:strcmp</name>
         <load_address>0x6780</load_address>
         <readonly>true</readonly>
         <executable>true</executable>
         <run_address>0x6780</run_address>
         <size>0x88</size>
         <alignment>0x10</alignment>
         <input_file_ref idref="fl-43"/>
      </object_component>
      <object_component id="oc-148">
         <name>.text.Motor_Init</name>
         <load_address>0x6808</load_address>
         <readonly>true</readonly>
         <executable>true</executable>
         <run_address>0x6808</run_address>
         <size>0x84</size>
         <alignment>0x4</alignment>
         <input_file_ref idref="fl-b"/>
      </object_component>
      <object_component id="oc-1c6">
         <name>.text</name>
         <load_address>0x688c</load_address>
         <readonly>true</readonly>
         <executable>true</executable>
         <run_address>0x688c</run_address>
         <size>0x82</size>
         <alignment>0x4</alignment>
         <input_file_ref idref="fl-16f"/>
      </object_component>
      <object_component id="oc-1c">
         <name>.text:decompress:lzss</name>
         <load_address>0x6910</load_address>
         <readonly>true</readonly>
         <executable>true</executable>
         <run_address>0x6910</run_address>
         <size>0x7c</size>
         <alignment>0x4</alignment>
         <input_file_ref idref="fl-4c"/>
      </object_component>
      <object_component id="oc-ad">
         <name>.text.Motor_SetRightSpeed</name>
         <load_address>0x698c</load_address>
         <readonly>true</readonly>
         <executable>true</executable>
         <run_address>0x698c</run_address>
         <size>0x78</size>
         <alignment>0x4</alignment>
         <input_file_ref idref="fl-b"/>
      </object_component>
      <object_component id="oc-35d">
         <name>.text.__gedf2</name>
         <load_address>0x6a04</load_address>
         <readonly>true</readonly>
         <executable>true</executable>
         <run_address>0x6a04</run_address>
         <size>0x74</size>
         <alignment>0x4</alignment>
         <input_file_ref idref="fl-179"/>
      </object_component>
      <object_component id="oc-290">
         <name>.text._chkmbc</name>
         <load_address>0x6a78</load_address>
         <readonly>true</readonly>
         <executable>true</executable>
         <run_address>0x6a78</run_address>
         <size>0x74</size>
         <alignment>0x4</alignment>
         <input_file_ref idref="fl-41"/>
      </object_component>
      <object_component id="oc-246">
         <name>.text.HOSTexit</name>
         <load_address>0x6aec</load_address>
         <readonly>true</readonly>
         <executable>true</executable>
         <run_address>0x6aec</run_address>
         <size>0x4</size>
         <alignment>0x2</alignment>
         <input_file_ref idref="fl-15c"/>
      </object_component>
      <object_component id="oc-2e6">
         <name>.text</name>
         <load_address>0x6af0</load_address>
         <readonly>true</readonly>
         <executable>true</executable>
         <run_address>0x6af0</run_address>
         <size>0x74</size>
         <alignment>0x10</alignment>
         <input_file_ref idref="fl-178"/>
      </object_component>
      <object_component id="oc-157">
         <name>.text.JY61P_Init</name>
         <load_address>0x6b64</load_address>
         <readonly>true</readonly>
         <executable>true</executable>
         <run_address>0x6b64</run_address>
         <size>0x70</size>
         <alignment>0x4</alignment>
         <input_file_ref idref="fl-8"/>
      </object_component>
      <object_component id="oc-ac">
         <name>.text.Motor_SetLeftSpeed</name>
         <load_address>0x6bd4</load_address>
         <readonly>true</readonly>
         <executable>true</executable>
         <run_address>0x6bd4</run_address>
         <size>0x70</size>
         <alignment>0x4</alignment>
         <input_file_ref idref="fl-b"/>
      </object_component>
      <object_component id="oc-1d2">
         <name>.text.SYSCFG_DL_initPower</name>
         <load_address>0x6c44</load_address>
         <readonly>true</readonly>
         <executable>true</executable>
         <run_address>0x6c44</run_address>
         <size>0x70</size>
         <alignment>0x4</alignment>
         <input_file_ref idref="fl-4"/>
      </object_component>
      <object_component id="oc-39">
         <name>.text.UART3_IRQHandler</name>
         <load_address>0x6cb4</load_address>
         <readonly>true</readonly>
         <executable>true</executable>
         <run_address>0x6cb4</run_address>
         <size>0x70</size>
         <alignment>0x4</alignment>
         <input_file_ref idref="fl-1"/>
      </object_component>
      <object_component id="oc-217">
         <name>.text.Route_SetLapTargetMs</name>
         <load_address>0x6d24</load_address>
         <readonly>true</readonly>
         <executable>true</executable>
         <run_address>0x6d24</run_address>
         <size>0x6c</size>
         <alignment>0x4</alignment>
         <input_file_ref idref="fl-f"/>
      </object_component>
      <object_component id="oc-35c">
         <name>.text.__ledf2</name>
         <load_address>0x6d90</load_address>
         <readonly>true</readonly>
         <executable>true</executable>
         <run_address>0x6d90</run_address>
         <size>0x68</size>
         <alignment>0x4</alignment>
         <input_file_ref idref="fl-179"/>
      </object_component>
      <object_component id="oc-373">
         <name>.text._mcpy</name>
         <load_address>0x6df8</load_address>
         <readonly>true</readonly>
         <executable>true</executable>
         <run_address>0x6df8</run_address>
         <size>0x66</size>
         <alignment>0x2</alignment>
         <input_file_ref idref="fl-4d"/>
      </object_component>
      <object_component id="oc-123">
         <name>.text.Motor_Brake</name>
         <load_address>0x6e60</load_address>
         <readonly>true</readonly>
         <executable>true</executable>
         <run_address>0x6e60</run_address>
         <size>0x64</size>
         <alignment>0x4</alignment>
         <input_file_ref idref="fl-b"/>
      </object_component>
      <object_component id="oc-1d1">
         <name>.text:memset</name>
         <load_address>0x6ec4</load_address>
         <readonly>true</readonly>
         <executable>true</executable>
         <run_address>0x6ec4</run_address>
         <size>0x62</size>
         <alignment>0x1</alignment>
         <input_file_ref idref="fl-18f"/>
      </object_component>
      <object_component id="oc-9c">
         <name>.text.Motor_Stop</name>
         <load_address>0x6f28</load_address>
         <readonly>true</readonly>
         <executable>true</executable>
         <run_address>0x6f28</run_address>
         <size>0x60</size>
         <alignment>0x4</alignment>
         <input_file_ref idref="fl-b"/>
      </object_component>
      <object_component id="oc-1da">
         <name>.text.SYSCFG_DL_JY61P_UART_init</name>
         <load_address>0x6f88</load_address>
         <readonly>true</readonly>
         <executable>true</executable>
         <run_address>0x6f88</run_address>
         <size>0x60</size>
         <alignment>0x4</alignment>
         <input_file_ref idref="fl-4"/>
      </object_component>
      <object_component id="oc-1d8">
         <name>.text.SYSCFG_DL_UART_CONSOLE_init</name>
         <load_address>0x6fe8</load_address>
         <readonly>true</readonly>
         <executable>true</executable>
         <run_address>0x6fe8</run_address>
         <size>0x60</size>
         <alignment>0x4</alignment>
         <input_file_ref idref="fl-4"/>
      </object_component>
      <object_component id="oc-1d9">
         <name>.text.SYSCFG_DL_UART_PB_init</name>
         <load_address>0x7048</load_address>
         <readonly>true</readonly>
         <executable>true</executable>
         <run_address>0x7048</run_address>
         <size>0x60</size>
         <alignment>0x4</alignment>
         <input_file_ref idref="fl-4"/>
      </object_component>
      <object_component id="oc-152">
         <name>.text.OLED_ShowString</name>
         <load_address>0x70a8</load_address>
         <readonly>true</readonly>
         <executable>true</executable>
         <run_address>0x70a8</run_address>
         <size>0x5c</size>
         <alignment>0x2</alignment>
         <input_file_ref idref="fl-e"/>
      </object_component>
      <object_component id="oc-35f">
         <name>.text.frexp</name>
         <load_address>0x7104</load_address>
         <readonly>true</readonly>
         <executable>true</executable>
         <run_address>0x7104</run_address>
         <size>0x5c</size>
         <alignment>0x4</alignment>
         <input_file_ref idref="fl-5e"/>
      </object_component>
      <object_component id="oc-31e">
         <name>.text</name>
         <load_address>0x7160</load_address>
         <readonly>true</readonly>
         <executable>true</executable>
         <run_address>0x7160</run_address>
         <size>0x5a</size>
         <alignment>0x4</alignment>
         <input_file_ref idref="fl-17a"/>
      </object_component>
      <object_component id="oc-8d">
         <name>.text</name>
         <load_address>0x71bc</load_address>
         <readonly>true</readonly>
         <executable>true</executable>
         <run_address>0x71bc</run_address>
         <size>0x5a</size>
         <alignment>0x4</alignment>
         <input_file_ref idref="fl-17d"/>
      </object_component>
      <object_component id="oc-179">
         <name>.text.BT_Send</name>
         <load_address>0x7218</load_address>
         <readonly>true</readonly>
         <executable>true</executable>
         <run_address>0x7218</run_address>
         <size>0x58</size>
         <alignment>0x4</alignment>
         <input_file_ref idref="fl-1"/>
      </object_component>
      <object_component id="oc-367">
         <name>.text.__TI_ltoa</name>
         <load_address>0x7270</load_address>
         <readonly>true</readonly>
         <executable>true</executable>
         <run_address>0x7270</run_address>
         <size>0x58</size>
         <alignment>0x2</alignment>
         <input_file_ref idref="fl-52"/>
      </object_component>
      <object_component id="oc-324">
         <name>.text._pconv_f</name>
         <load_address>0x72c8</load_address>
         <readonly>true</readonly>
         <executable>true</executable>
         <run_address>0x72c8</run_address>
         <size>0x58</size>
         <alignment>0x2</alignment>
         <input_file_ref idref="fl-4d"/>
      </object_component>
      <object_component id="oc-18f">
         <name>.text</name>
         <load_address>0x7320</load_address>
         <readonly>true</readonly>
         <executable>true</executable>
         <run_address>0x7320</run_address>
         <size>0x56</size>
         <alignment>0x4</alignment>
         <input_file_ref idref="fl-17e"/>
      </object_component>
      <object_component id="oc-63">
         <name>.text.Encoder_ISR</name>
         <load_address>0x7378</load_address>
         <readonly>true</readonly>
         <executable>true</executable>
         <run_address>0x7378</run_address>
         <size>0x54</size>
         <alignment>0x4</alignment>
         <input_file_ref idref="fl-b"/>
      </object_component>
      <object_component id="oc-371">
         <name>.text._ecpy</name>
         <load_address>0x73cc</load_address>
         <readonly>true</readonly>
         <executable>true</executable>
         <run_address>0x73cc</run_address>
         <size>0x52</size>
         <alignment>0x2</alignment>
         <input_file_ref idref="fl-4d"/>
      </object_component>
      <object_component id="oc-363">
         <name>.text</name>
         <load_address>0x7420</load_address>
         <readonly>true</readonly>
         <executable>true</executable>
         <run_address>0x7420</run_address>
         <size>0x4a</size>
         <alignment>0x4</alignment>
         <input_file_ref idref="fl-171"/>
      </object_component>
      <object_component id="oc-266">
         <name>.text.DL_UART_init</name>
         <load_address>0x746c</load_address>
         <readonly>true</readonly>
         <executable>true</executable>
         <run_address>0x746c</run_address>
         <size>0x48</size>
         <alignment>0x4</alignment>
         <input_file_ref idref="fl-23"/>
      </object_component>
      <object_component id="oc-1db">
         <name>.text.SYSCFG_DL_ir_sensor_init</name>
         <load_address>0x74b4</load_address>
         <readonly>true</readonly>
         <executable>true</executable>
         <run_address>0x74b4</run_address>
         <size>0x48</size>
         <alignment>0x4</alignment>
         <input_file_ref idref="fl-4"/>
      </object_component>
      <object_component id="oc-20d">
         <name>.text.Route_SetFinishMaxDist</name>
         <load_address>0x74fc</load_address>
         <readonly>true</readonly>
         <executable>true</executable>
         <run_address>0x74fc</run_address>
         <size>0x44</size>
         <alignment>0x4</alignment>
         <input_file_ref idref="fl-f"/>
      </object_component>
      <object_component id="oc-20c">
         <name>.text.Route_SetFinishMinDist</name>
         <load_address>0x7540</load_address>
         <readonly>true</readonly>
         <executable>true</executable>
         <run_address>0x7540</run_address>
         <size>0x44</size>
         <alignment>0x4</alignment>
         <input_file_ref idref="fl-f"/>
      </object_component>
      <object_component id="oc-2d6">
         <name>.text.atoi</name>
         <load_address>0x7584</load_address>
         <readonly>true</readonly>
         <executable>true</executable>
         <run_address>0x7584</run_address>
         <size>0x44</size>
         <alignment>0x4</alignment>
         <input_file_ref idref="fl-55"/>
      </object_component>
      <object_component id="oc-26d">
         <name>.text.DL_ADC12_setClockConfig</name>
         <load_address>0x75c8</load_address>
         <readonly>true</readonly>
         <executable>true</executable>
         <run_address>0x75c8</run_address>
         <size>0x40</size>
         <alignment>0x4</alignment>
         <input_file_ref idref="fl-20"/>
      </object_component>
      <object_component id="oc-143">
         <name>.text.SYSCFG_DL_init</name>
         <load_address>0x7608</load_address>
         <readonly>true</readonly>
         <executable>true</executable>
         <run_address>0x7608</run_address>
         <size>0x40</size>
         <alignment>0x4</alignment>
         <input_file_ref idref="fl-4"/>
      </object_component>
      <object_component id="oc-1ed">
         <name>.text.vsnprintf</name>
         <load_address>0x7648</load_address>
         <readonly>true</readonly>
         <executable>true</executable>
         <run_address>0x7648</run_address>
         <size>0x40</size>
         <alignment>0x4</alignment>
         <input_file_ref idref="fl-40"/>
      </object_component>
      <object_component id="oc-189">
         <name>.text</name>
         <load_address>0x7688</load_address>
         <readonly>true</readonly>
         <executable>true</executable>
         <run_address>0x7688</run_address>
         <size>0x40</size>
         <alignment>0x4</alignment>
         <input_file_ref idref="fl-17f"/>
      </object_component>
      <object_component id="oc-208">
         <name>.text</name>
         <load_address>0x76c8</load_address>
         <readonly>true</readonly>
         <executable>true</executable>
         <run_address>0x76c8</run_address>
         <size>0x40</size>
         <alignment>0x4</alignment>
         <input_file_ref idref="fl-170"/>
      </object_component>
      <object_component id="oc-1d7">
         <name>.text.SYSCFG_DL_CTRL_TIMER_init</name>
         <load_address>0x7708</load_address>
         <readonly>true</readonly>
         <executable>true</executable>
         <run_address>0x7708</run_address>
         <size>0x3c</size>
         <alignment>0x4</alignment>
         <input_file_ref idref="fl-4"/>
      </object_component>
      <object_component id="oc-1ac">
         <name>.text:__TI_auto_init_nobinit_nopinit</name>
         <load_address>0x7744</load_address>
         <readonly>true</readonly>
         <executable>true</executable>
         <run_address>0x7744</run_address>
         <size>0x3c</size>
         <alignment>0x4</alignment>
         <input_file_ref idref="fl-47"/>
      </object_component>
      <object_component id="oc-a0">
         <name>.text</name>
         <load_address>0x7780</load_address>
         <readonly>true</readonly>
         <executable>true</executable>
         <run_address>0x7780</run_address>
         <size>0x3c</size>
         <alignment>0x4</alignment>
         <input_file_ref idref="fl-175"/>
      </object_component>
      <object_component id="oc-133">
         <name>.text</name>
         <load_address>0x77bc</load_address>
         <readonly>true</readonly>
         <executable>true</executable>
         <run_address>0x77bc</run_address>
         <size>0x3a</size>
         <alignment>0x4</alignment>
         <input_file_ref idref="fl-187"/>
      </object_component>
      <object_component id="oc-69">
         <name>.text.Key_GPIO_IRQHandler</name>
         <load_address>0x77f8</load_address>
         <readonly>true</readonly>
         <executable>true</executable>
         <run_address>0x77f8</run_address>
         <size>0x38</size>
         <alignment>0x4</alignment>
         <input_file_ref idref="fl-9"/>
      </object_component>
      <object_component id="oc-a8">
         <name>.text</name>
         <load_address>0x7830</load_address>
         <readonly>true</readonly>
         <executable>true</executable>
         <run_address>0x7830</run_address>
         <size>0x38</size>
         <alignment>0x4</alignment>
         <input_file_ref idref="fl-172"/>
      </object_component>
      <object_component id="oc-158">
         <name>.text.delay_ms</name>
         <load_address>0x7868</load_address>
         <readonly>true</readonly>
         <executable>true</executable>
         <run_address>0x7868</run_address>
         <size>0x34</size>
         <alignment>0x2</alignment>
         <input_file_ref idref="fl-3"/>
      </object_component>
      <object_component id="oc-27b">
         <name>.text._outs</name>
         <load_address>0x789c</load_address>
         <readonly>true</readonly>
         <executable>true</executable>
         <run_address>0x789c</run_address>
         <size>0x32</size>
         <alignment>0x2</alignment>
         <input_file_ref idref="fl-40"/>
      </object_component>
      <object_component id="oc-212">
         <name>.text</name>
         <load_address>0x78d0</load_address>
         <readonly>true</readonly>
         <executable>true</executable>
         <run_address>0x78d0</run_address>
         <size>0x32</size>
         <alignment>0x4</alignment>
         <input_file_ref idref="fl-173"/>
      </object_component>
      <object_component id="oc-1d5">
         <name>.text.SYSCFG_DL_SYSCTL_init</name>
         <load_address>0x7904</load_address>
         <readonly>true</readonly>
         <executable>true</executable>
         <run_address>0x7904</run_address>
         <size>0x30</size>
         <alignment>0x4</alignment>
         <input_file_ref idref="fl-4"/>
      </object_component>
      <object_component id="oc-318">
         <name>.text.__unorddf2</name>
         <load_address>0x7934</load_address>
         <readonly>true</readonly>
         <executable>true</executable>
         <run_address>0x7934</run_address>
         <size>0x30</size>
         <alignment>0x4</alignment>
         <input_file_ref idref="fl-179"/>
      </object_component>
      <object_component id="oc-372">
         <name>.text._fcpy</name>
         <load_address>0x7964</load_address>
         <readonly>true</readonly>
         <executable>true</executable>
         <run_address>0x7964</run_address>
         <size>0x30</size>
         <alignment>0x2</alignment>
         <input_file_ref idref="fl-4d"/>
      </object_component>
      <object_component id="oc-274">
         <name>.text.delay_us</name>
         <load_address>0x7994</load_address>
         <readonly>true</readonly>
         <executable>true</executable>
         <run_address>0x7994</run_address>
         <size>0x30</size>
         <alignment>0x2</alignment>
         <input_file_ref idref="fl-3"/>
      </object_component>
      <object_component id="oc-202">
         <name>.text.sscanf</name>
         <load_address>0x79c4</load_address>
         <readonly>true</readonly>
         <executable>true</executable>
         <run_address>0x79c4</run_address>
         <size>0x30</size>
         <alignment>0x4</alignment>
         <input_file_ref idref="fl-41"/>
      </object_component>
      <object_component id="oc-151">
         <name>.text.OLED_Clear</name>
         <load_address>0x79f4</load_address>
         <readonly>true</readonly>
         <executable>true</executable>
         <run_address>0x79f4</run_address>
         <size>0x2c</size>
         <alignment>0x4</alignment>
         <input_file_ref idref="fl-e"/>
      </object_component>
      <object_component id="oc-36b">
         <name>.text</name>
         <load_address>0x7a20</load_address>
         <readonly>true</readonly>
         <executable>true</executable>
         <run_address>0x7a20</run_address>
         <size>0x2c</size>
         <alignment>0x4</alignment>
         <input_file_ref idref="fl-174"/>
      </object_component>
      <object_component id="oc-10c">
         <name>.text.Buzzer_Beep</name>
         <load_address>0x7a4c</load_address>
         <readonly>true</readonly>
         <executable>true</executable>
         <run_address>0x7a4c</run_address>
         <size>0x28</size>
         <alignment>0x4</alignment>
         <input_file_ref idref="fl-2"/>
      </object_component>
      <object_component id="oc-106">
         <name>.text.Buzzer_Update5ms</name>
         <load_address>0x7a74</load_address>
         <readonly>true</readonly>
         <executable>true</executable>
         <run_address>0x7a74</run_address>
         <size>0x28</size>
         <alignment>0x4</alignment>
         <input_file_ref idref="fl-2"/>
      </object_component>
      <object_component id="oc-176">
         <name>.text.OLED_ClearBuffer</name>
         <load_address>0x7a9c</load_address>
         <readonly>true</readonly>
         <executable>true</executable>
         <run_address>0x7a9c</run_address>
         <size>0x28</size>
         <alignment>0x4</alignment>
         <input_file_ref idref="fl-e"/>
      </object_component>
      <object_component id="oc-27f">
         <name>.text.memmove</name>
         <load_address>0x7ac4</load_address>
         <readonly>true</readonly>
         <executable>true</executable>
         <run_address>0x7ac4</run_address>
         <size>0x28</size>
         <alignment>0x2</alignment>
         <input_file_ref idref="fl-190"/>
      </object_component>
      <object_component id="oc-5c">
         <name>.text:_c_int00_noargs</name>
         <load_address>0x7aec</load_address>
         <readonly>true</readonly>
         <executable>true</executable>
         <run_address>0x7aec</run_address>
         <size>0x28</size>
         <alignment>0x4</alignment>
         <input_file_ref idref="fl-45"/>
      </object_component>
      <object_component id="oc-295">
         <name>.text</name>
         <load_address>0x7b14</load_address>
         <readonly>true</readonly>
         <executable>true</executable>
         <run_address>0x7b14</run_address>
         <size>0x28</size>
         <alignment>0x4</alignment>
         <input_file_ref idref="fl-176"/>
      </object_component>
      <object_component id="oc-10b">
         <name>.text.Encoder_ResetDistance</name>
         <load_address>0x7b3c</load_address>
         <readonly>true</readonly>
         <executable>true</executable>
         <run_address>0x7b3c</run_address>
         <size>0x24</size>
         <alignment>0x4</alignment>
         <input_file_ref idref="fl-b"/>
      </object_component>
      <object_component id="oc-15f">
         <name>.text.JY61P_ZeroYaw</name>
         <load_address>0x7b60</load_address>
         <readonly>true</readonly>
         <executable>true</executable>
         <run_address>0x7b60</run_address>
         <size>0x24</size>
         <alignment>0x4</alignment>
         <input_file_ref idref="fl-8"/>
      </object_component>
      <object_component id="oc-18e">
         <name>.text.Route_GetFinishReasonStr</name>
         <load_address>0x7b84</load_address>
         <readonly>true</readonly>
         <executable>true</executable>
         <run_address>0x7b84</run_address>
         <size>0x24</size>
         <alignment>0x4</alignment>
         <input_file_ref idref="fl-f"/>
      </object_component>
      <object_component id="oc-216">
         <name>.text.Route_SetTimeoutMs</name>
         <load_address>0x7ba8</load_address>
         <readonly>true</readonly>
         <executable>true</executable>
         <run_address>0x7ba8</run_address>
         <size>0x24</size>
         <alignment>0x4</alignment>
         <input_file_ref idref="fl-f"/>
      </object_component>
      <object_component id="oc-30f">
         <name>.text</name>
         <load_address>0x7bcc</load_address>
         <readonly>true</readonly>
         <executable>true</executable>
         <run_address>0x7bcc</run_address>
         <size>0x24</size>
         <alignment>0x4</alignment>
         <input_file_ref idref="fl-177"/>
      </object_component>
      <object_component id="oc-2ff">
         <name>.text.memccpy</name>
         <load_address>0x7bf0</load_address>
         <readonly>true</readonly>
         <executable>true</executable>
         <run_address>0x7bf0</run_address>
         <size>0x22</size>
         <alignment>0x2</alignment>
         <input_file_ref idref="fl-57"/>
      </object_component>
      <object_component id="oc-1f5">
         <name>.text.strlen</name>
         <load_address>0x7c12</load_address>
         <readonly>true</readonly>
         <executable>true</executable>
         <run_address>0x7c12</run_address>
         <size>0x22</size>
         <alignment>0x2</alignment>
         <input_file_ref idref="fl-1"/>
      </object_component>
      <object_component id="oc-71">
         <name>.text.DL_UART_receiveDataBlocking</name>
         <load_address>0x7c34</load_address>
         <readonly>true</readonly>
         <executable>true</executable>
         <run_address>0x7c34</run_address>
         <size>0x20</size>
         <alignment>0x4</alignment>
         <input_file_ref idref="fl-23"/>
      </object_component>
      <object_component id="oc-15e">
         <name>.text.JY61P_IsOnline</name>
         <load_address>0x7c54</load_address>
         <readonly>true</readonly>
         <executable>true</executable>
         <run_address>0x7c54</run_address>
         <size>0x20</size>
         <alignment>0x4</alignment>
         <input_file_ref idref="fl-8"/>
      </object_component>
      <object_component id="oc-174">
         <name>.text.Key_GetPressEvent</name>
         <load_address>0x7c74</load_address>
         <readonly>true</readonly>
         <executable>true</executable>
         <run_address>0x7c74</run_address>
         <size>0x20</size>
         <alignment>0x4</alignment>
         <input_file_ref idref="fl-9"/>
      </object_component>
      <object_component id="oc-218">
         <name>.text.Route_SetTrim</name>
         <load_address>0x7c94</load_address>
         <readonly>true</readonly>
         <executable>true</executable>
         <run_address>0x7c94</run_address>
         <size>0x20</size>
         <alignment>0x4</alignment>
         <input_file_ref idref="fl-f"/>
      </object_component>
      <object_component id="oc-1fe">
         <name>.text.memcmp</name>
         <load_address>0x7cb4</load_address>
         <readonly>true</readonly>
         <executable>true</executable>
         <run_address>0x7cb4</run_address>
         <size>0x20</size>
         <alignment>0x2</alignment>
         <input_file_ref idref="fl-44"/>
      </object_component>
      <object_component id="oc-389">
         <name>.text</name>
         <load_address>0x7cd4</load_address>
         <readonly>true</readonly>
         <executable>true</executable>
         <run_address>0x7cd4</run_address>
         <size>0x1e</size>
         <alignment>0x4</alignment>
         <input_file_ref idref="fl-188"/>
      </object_component>
      <object_component id="oc-25f">
         <name>.text.DL_Timer_setCaptCompUpdateMethod</name>
         <load_address>0x7cf4</load_address>
         <readonly>true</readonly>
         <executable>true</executable>
         <run_address>0x7cf4</run_address>
         <size>0x1c</size>
         <alignment>0x4</alignment>
         <input_file_ref idref="fl-22"/>
      </object_component>
      <object_component id="oc-25c">
         <name>.text.DL_Timer_setClockConfig</name>
         <load_address>0x7d10</load_address>
         <readonly>true</readonly>
         <executable>true</executable>
         <run_address>0x7d10</run_address>
         <size>0x1c</size>
         <alignment>0x4</alignment>
         <input_file_ref idref="fl-22"/>
      </object_component>
      <object_component id="oc-1f3">
         <name>.text.DL_UART_transmitDataCheck</name>
         <load_address>0x7d2c</load_address>
         <readonly>true</readonly>
         <executable>true</executable>
         <run_address>0x7d2c</run_address>
         <size>0x1c</size>
         <alignment>0x4</alignment>
         <input_file_ref idref="fl-23"/>
      </object_component>
      <object_component id="oc-211">
         <name>.text.Route_SetBrakeDurationMs</name>
         <load_address>0x7d48</load_address>
         <readonly>true</readonly>
         <executable>true</executable>
         <run_address>0x7d48</run_address>
         <size>0x1c</size>
         <alignment>0x4</alignment>
         <input_file_ref idref="fl-f"/>
      </object_component>
      <object_component id="oc-171">
         <name>.text.Route_SetKp</name>
         <load_address>0x7d64</load_address>
         <readonly>true</readonly>
         <executable>true</executable>
         <run_address>0x7d64</run_address>
         <size>0x1c</size>
         <alignment>0x4</alignment>
         <input_file_ref idref="fl-f"/>
      </object_component>
      <object_component id="oc-c7">
         <name>.text</name>
         <load_address>0x7d80</load_address>
         <readonly>true</readonly>
         <executable>true</executable>
         <run_address>0x7d80</run_address>
         <size>0x1a</size>
         <alignment>0x4</alignment>
         <input_file_ref idref="fl-183"/>
      </object_component>
      <object_component id="oc-149">
         <name>.text.Buzzer_Init</name>
         <load_address>0x7d9c</load_address>
         <readonly>true</readonly>
         <executable>true</executable>
         <run_address>0x7d9c</run_address>
         <size>0x18</size>
         <alignment>0x4</alignment>
         <input_file_ref idref="fl-2"/>
      </object_component>
[...]
         <value>0x7c35</value>
         <object_component_ref idref="oc-71"/>
      </symbol>
      <symbol id="sm-3b4">
         <name>DL_UART_transmitDataCheck</name>
         <value>0x7d2d</value>
         <object_component_ref idref="oc-1f3"/>
      </symbol>
      <symbol id="sm-3c5">
         <name>vsnprintf</name>
         <value>0x7649</value>
         <object_component_ref idref="oc-1ed"/>
      </symbol>
      <symbol id="sm-3da">
         <name>sscanf</name>
         <value>0x79c5</value>
         <object_component_ref idref="oc-202"/>
      </symbol>
      <symbol id="sm-3db">
         <name>__aeabi_ctype_table_</name>
         <value>0x98d0</value>
         <object_component_ref idref="oc-2db"/>
      </symbol>
      <symbol id="sm-3dc">
         <name>__aeabi_ctype_table_C</name>
         <value>0x98d0</value>
         <object_component_ref idref="oc-2db"/>
      </symbol>
      <symbol id="sm-3e4">
         <name>strcmp</name>
         <value>0x6781</value>
         <object_component_ref idref="oc-1fa"/>
      </symbol>
      <symbol id="sm-3ed">
         <name>memcmp</name>
         <value>0x7cb5</value>
         <object_component_ref idref="oc-1fe"/>
      </symbol>
      <symbol id="sm-3f8">
         <name>_c_int00_noargs</name>
         <value>0x7aed</value>
         <object_component_ref idref="oc-5c"/>
      </symbol>
      <symbol id="sm-3f9">
         <name>__stack</name>
         <value>0x20207800</value>
         <object_component_ref idref="oc-1a"/>
      </symbol>
      <symbol id="sm-405">
         <name>__TI_auto_init_nobinit_nopinit</name>
         <value>0x7745</value>
         <object_component_ref idref="oc-1ac"/>
      </symbol>
      <symbol id="sm-40d">
         <name>_system_pre_init</name>
         <value>0x8103</value>
         <object_component_ref idref="oc-cb"/>
      </symbol>
      <symbol id="sm-418">
         <name>__TI_zero_init</name>
         <value>0x7f0d</value>
         <object_component_ref idref="oc-59"/>
      </symbol>
      <symbol id="sm-421">
         <name>__TI_decompress_none</name>
         <value>0x7eb9</value>
         <object_component_ref idref="oc-20"/>
      </symbol>
      <symbol id="sm-42c">
         <name>__TI_decompress_lzss</name>
         <value>0x6911</value>
         <object_component_ref idref="oc-1c"/>
      </symbol>
      <symbol id="sm-479">
         <name>__TI_printfi</name>
         <value>0xd49</value>
         <object_component_ref idref="oc-2cf"/>
      </symbol>
      <symbol id="sm-4a9">
         <name>__TI_scanfi</name>
         <value>0xc1</value>
         <object_component_ref idref="oc-288"/>
      </symbol>
      <symbol id="sm-4b4">
         <name>__aeabi_errno_addr</name>
         <value>0x80cd</value>
         <object_component_ref idref="oc-30a"/>
      </symbol>
      <symbol id="sm-4b5">
         <name>__aeabi_errno</name>
         <value>0x202007b4</value>
         <object_component_ref idref="oc-350"/>
      </symbol>
      <symbol id="sm-4bf">
         <name>abort</name>
         <value>0x80f9</value>
         <object_component_ref idref="oc-1a5"/>
      </symbol>
      <symbol id="sm-4c9">
         <name>__TI_ltoa</name>
         <value>0x7271</value>
         <object_component_ref idref="oc-367"/>
      </symbol>
      <symbol id="sm-4d5">
         <name>atoi</name>
         <value>0x7585</value>
         <object_component_ref idref="oc-2d6"/>
      </symbol>
      <symbol id="sm-4df">
         <name>memccpy</name>
         <value>0x7bf1</value>
         <object_component_ref idref="oc-2ff"/>
      </symbol>
      <symbol id="sm-4f5">
         <name>strtod</name>
         <value>0x3041</value>
         <object_component_ref idref="oc-2e0"/>
      </symbol>
      <symbol id="sm-4f6">
         <name>strtold</name>
         <value>0x3041</value>
         <object_component_ref idref="oc-2e0"/>
      </symbol>
      <symbol id="sm-501">
         <name>strtol</name>
         <value>0x5329</value>
         <object_component_ref idref="oc-2f6"/>
      </symbol>
      <symbol id="sm-50c">
         <name>strtoll</name>
         <value>0x4609</value>
         <object_component_ref idref="oc-2f2"/>
      </symbol>
      <symbol id="sm-517">
         <name>strtoul</name>
         <value>0x56d9</value>
         <object_component_ref idref="oc-2ee"/>
      </symbol>
      <symbol id="sm-522">
         <name>strtoull</name>
         <value>0x51c1</value>
         <object_component_ref idref="oc-2ea"/>
      </symbol>
      <symbol id="sm-52c">
         <name>frexp</name>
         <value>0x7105</value>
         <object_component_ref idref="oc-35f"/>
      </symbol>
      <symbol id="sm-52d">
         <name>frexpl</name>
         <value>0x7105</value>
         <object_component_ref idref="oc-35f"/>
      </symbol>
      <symbol id="sm-537">
         <name>scalbn</name>
         <value>0x6005</value>
         <object_component_ref idref="oc-330"/>
      </symbol>
      <symbol id="sm-538">
         <name>ldexp</name>
         <value>0x6005</value>
         <object_component_ref idref="oc-330"/>
      </symbol>
      <symbol id="sm-539">
         <name>scalbnl</name>
         <value>0x6005</value>
         <object_component_ref idref="oc-330"/>
      </symbol>
      <symbol id="sm-53a">
         <name>ldexpl</name>
         <value>0x6005</value>
         <object_component_ref idref="oc-330"/>
      </symbol>
      <symbol id="sm-543">
         <name>wcslen</name>
         <value>0x7efd</value>
         <object_component_ref idref="oc-306"/>
      </symbol>
      <symbol id="sm-553">
         <name>HOSTexit</name>
         <value>0x6aed</value>
         <object_component_ref idref="oc-246"/>
      </symbol>
      <symbol id="sm-554">
         <name>C$$EXIT</name>
         <value>0x6aec</value>
         <object_component_ref idref="oc-246"/>
      </symbol>
      <symbol id="sm-569">
         <name>__aeabi_fadd</name>
         <value>0x61c3</value>
         <object_component_ref idref="oc-89"/>
      </symbol>
      <symbol id="sm-56a">
         <name>__addsf3</name>
         <value>0x61c3</value>
         <object_component_ref idref="oc-89"/>
      </symbol>
      <symbol id="sm-56b">
         <name>__aeabi_fsub</name>
         <value>0x61b9</value>
         <object_component_ref idref="oc-89"/>
      </symbol>
      <symbol id="sm-56c">
         <name>__subsf3</name>
         <value>0x61b9</value>
         <object_component_ref idref="oc-89"/>
      </symbol>
      <symbol id="sm-572">
         <name>__aeabi_dadd</name>
         <value>0x4d5f</value>
         <object_component_ref idref="oc-32c"/>
      </symbol>
      <symbol id="sm-573">
         <name>__adddf3</name>
         <value>0x4d5f</value>
         <object_component_ref idref="oc-32c"/>
      </symbol>
      <symbol id="sm-574">
         <name>__aeabi_dsub</name>
         <value>0x4d55</value>
         <object_component_ref idref="oc-32c"/>
      </symbol>
      <symbol id="sm-575">
         <name>__subdf3</name>
         <value>0x4d55</value>
         <object_component_ref idref="oc-32c"/>
      </symbol>
      <symbol id="sm-57e">
         <name>__aeabi_fmul</name>
         <value>0x66ed</value>
         <object_component_ref idref="oc-a4"/>
      </symbol>
      <symbol id="sm-57f">
         <name>__mulsf3</name>
         <value>0x66ed</value>
         <object_component_ref idref="oc-a4"/>
      </symbol>
      <symbol id="sm-585">
         <name>__aeabi_fdiv</name>
         <value>0x688d</value>
         <object_component_ref idref="oc-1c6"/>
      </symbol>
      <symbol id="sm-586">
         <name>__divsf3</name>
         <value>0x688d</value>
         <object_component_ref idref="oc-1c6"/>
      </symbol>
      <symbol id="sm-58c">
         <name>__aeabi_f2d</name>
         <value>0x76c9</value>
         <object_component_ref idref="oc-208"/>
      </symbol>
      <symbol id="sm-58d">
         <name>__extendsfdf2</name>
         <value>0x76c9</value>
         <object_component_ref idref="oc-208"/>
      </symbol>
      <symbol id="sm-593">
         <name>__aeabi_d2iz</name>
         <value>0x7421</value>
         <object_component_ref idref="oc-363"/>
      </symbol>
      <symbol id="sm-594">
         <name>__fixdfsi</name>
         <value>0x7421</value>
         <object_component_ref idref="oc-363"/>
      </symbol>
      <symbol id="sm-59a">
         <name>__aeabi_f2iz</name>
         <value>0x7831</value>
         <object_component_ref idref="oc-a8"/>
      </symbol>
      <symbol id="sm-59b">
         <name>__fixsfsi</name>
         <value>0x7831</value>
         <object_component_ref idref="oc-a8"/>
      </symbol>
      <symbol id="sm-5a1">
         <name>__aeabi_f2uiz</name>
         <value>0x78d1</value>
         <object_component_ref idref="oc-212"/>
      </symbol>
      <symbol id="sm-5a2">
         <name>__fixunssfsi</name>
         <value>0x78d1</value>
         <object_component_ref idref="oc-212"/>
      </symbol>
      <symbol id="sm-5a8">
         <name>__aeabi_i2d</name>
         <value>0x7a21</value>
         <object_component_ref idref="oc-36b"/>
      </symbol>
      <symbol id="sm-5a9">
         <name>__floatsidf</name>
         <value>0x7a21</value>
         <object_component_ref idref="oc-36b"/>
      </symbol>
      <symbol id="sm-5af">
         <name>__aeabi_i2f</name>
         <value>0x7781</value>
         <object_component_ref idref="oc-a0"/>
      </symbol>
      <symbol id="sm-5b0">
         <name>__floatsisf</name>
         <value>0x7781</value>
         <object_component_ref idref="oc-a0"/>
      </symbol>
      <symbol id="sm-5b6">
         <name>__aeabi_ui2f</name>
         <value>0x7b15</value>
         <object_component_ref idref="oc-295"/>
      </symbol>
      <symbol id="sm-5b7">
         <name>__floatunsisf</name>
         <value>0x7b15</value>
         <object_component_ref idref="oc-295"/>
      </symbol>
      <symbol id="sm-5bd">
         <name>__aeabi_lmul</name>
         <value>0x7bcd</value>
         <object_component_ref idref="oc-30f"/>
      </symbol>
      <symbol id="sm-5be">
         <name>__muldi3</name>
         <value>0x7bcd</value>
         <object_component_ref idref="oc-30f"/>
      </symbol>
      <symbol id="sm-5c5">
         <name>__aeabi_d2f</name>
         <value>0x6af1</value>
         <object_component_ref idref="oc-2e6"/>
      </symbol>
      <symbol id="sm-5c6">
         <name>__truncdfsf2</name>
         <value>0x6af1</value>
         <object_component_ref idref="oc-2e6"/>
      </symbol>
      <symbol id="sm-5d7">
         <name>__ledf2</name>
         <value>0x6d91</value>
         <object_component_ref idref="oc-35c"/>
      </symbol>
      <symbol id="sm-5d8">
         <name>__gedf2</name>
         <value>0x6a05</value>
         <object_component_ref idref="oc-35d"/>
      </symbol>
      <symbol id="sm-5d9">
         <name>__unorddf2</name>
         <value>0x7935</value>
         <object_component_ref idref="oc-318"/>
      </symbol>
      <symbol id="sm-5da">
         <name>__cmpdf2</name>
         <value>0x6d91</value>
         <object_component_ref idref="oc-35c"/>
      </symbol>
      <symbol id="sm-5db">
         <name>__eqdf2</name>
         <value>0x6d91</value>
         <object_component_ref idref="oc-35c"/>
      </symbol>
      <symbol id="sm-5dc">
         <name>__ltdf2</name>
         <value>0x6d91</value>
         <object_component_ref idref="oc-35c"/>
      </symbol>
      <symbol id="sm-5dd">
         <name>__nedf2</name>
         <value>0x6d91</value>
         <object_component_ref idref="oc-35c"/>
      </symbol>
      <symbol id="sm-5de">
         <name>__gtdf2</name>
         <value>0x6a05</value>
         <object_component_ref idref="oc-35d"/>
      </symbol>
      <symbol id="sm-5df">
         <name>__aeabi_dcmpun</name>
         <value>0x7935</value>
         <object_component_ref idref="oc-318"/>
      </symbol>
      <symbol id="sm-5e5">
         <name>__aeabi_dcmpeq</name>
         <value>0x7161</value>
         <object_component_ref idref="oc-31e"/>
      </symbol>
      <symbol id="sm-5e6">
         <name>__aeabi_dcmplt</name>
         <value>0x7173</value>
         <object_component_ref idref="oc-31e"/>
      </symbol>
      <symbol id="sm-5e7">
         <name>__aeabi_dcmple</name>
         <value>0x7185</value>
         <object_component_ref idref="oc-31e"/>
      </symbol>
      <symbol id="sm-5e8">
         <name>__aeabi_dcmpge</name>
         <value>0x7197</value>
         <object_component_ref idref="oc-31e"/>
      </symbol>
      <symbol id="sm-5e9">
         <name>__aeabi_dcmpgt</name>
         <value>0x71a9</value>
         <object_component_ref idref="oc-31e"/>
      </symbol>
      <symbol id="sm-5f6">
         <name>__aeabi_ddiv_fast</name>
         <value>0x80bd</value>
         <object_component_ref idref="oc-381"/>
      </symbol>
      <symbol id="sm-600">
         <name>__aeabi_dmul_fast</name>
         <value>0x80c5</value>
         <object_component_ref idref="oc-376"/>
      </symbol>
      <symbol id="sm-606">
         <name>__aeabi_fcmpeq</name>
         <value>0x71bd</value>
         <object_component_ref idref="oc-8d"/>
      </symbol>
      <symbol id="sm-607">
         <name>__aeabi_fcmplt</name>
         <value>0x71cf</value>
         <object_component_ref idref="oc-8d"/>
      </symbol>
      <symbol id="sm-608">
         <name>__aeabi_fcmple</name>
         <value>0x71e1</value>
         <object_component_ref idref="oc-8d"/>
      </symbol>
      <symbol id="sm-609">
         <name>__aeabi_fcmpge</name>
         <value>0x71f3</value>
         <object_component_ref idref="oc-8d"/>
      </symbol>
      <symbol id="sm-60a">
         <name>__aeabi_fcmpgt</name>
         <value>0x7205</value>
         <object_component_ref idref="oc-8d"/>
      </symbol>
      <symbol id="sm-610">
         <name>__aeabi_idiv</name>
         <value>0x7321</value>
         <object_component_ref idref="oc-18f"/>
      </symbol>
      <symbol id="sm-611">
         <name>__aeabi_idivmod</name>
         <value>0x7321</value>
         <object_component_ref idref="oc-18f"/>
      </symbol>
      <symbol id="sm-617">
         <name>__aeabi_uidiv</name>
         <value>0x7689</value>
         <object_component_ref idref="oc-189"/>
      </symbol>
      <symbol id="sm-618">
         <name>__aeabi_uidivmod</name>
         <value>0x7689</value>
         <object_component_ref idref="oc-189"/>
      </symbol>
      <symbol id="sm-61e">
         <name>__aeabi_uldivmod</name>
         <value>0x7e81</value>
         <object_component_ref idref="oc-314"/>
      </symbol>
      <symbol id="sm-624">
         <name>__aeabi_memcpy</name>
         <value>0x80dd</value>
         <object_component_ref idref="oc-4c"/>
      </symbol>
      <symbol id="sm-625">
         <name>__aeabi_memcpy4</name>
         <value>0x80dd</value>
         <object_component_ref idref="oc-4c"/>
      </symbol>
      <symbol id="sm-626">
         <name>__aeabi_memcpy8</name>
         <value>0x80dd</value>
         <object_component_ref idref="oc-4c"/>
      </symbol>
      <symbol id="sm-62c">
         <name>__aeabi_memmove</name>
         <value>0x80e5</value>
         <object_component_ref idref="oc-1f6"/>
      </symbol>
      <symbol id="sm-62d">
         <name>__aeabi_memmove4</name>
         <value>0x80e5</value>
         <object_component_ref idref="oc-1f6"/>
      </symbol>
      <symbol id="sm-62e">
         <name>__aeabi_memmove8</name>
         <value>0x80e5</value>
         <object_component_ref idref="oc-1f6"/>
      </symbol>
      <symbol id="sm-634">
         <name>__aeabi_memset</name>
         <value>0x7d81</value>
         <object_component_ref idref="oc-c7"/>
      </symbol>
      <symbol id="sm-635">
         <name>__aeabi_memset4</name>
         <value>0x7d81</value>
         <object_component_ref idref="oc-c7"/>
      </symbol>
      <symbol id="sm-636">
         <name>__aeabi_memset8</name>
         <value>0x7d81</value>
         <object_component_ref idref="oc-c7"/>
      </symbol>
      <symbol id="sm-637">
         <name>__aeabi_memclr</name>
         <value>0x7d8f</value>
         <object_component_ref idref="oc-c7"/>
      </symbol>
      <symbol id="sm-638">
         <name>__aeabi_memclr4</name>
         <value>0x7d8f</value>
         <object_component_ref idref="oc-c7"/>
      </symbol>
      <symbol id="sm-639">
         <name>__aeabi_memclr8</name>
         <value>0x7d8f</value>
         <object_component_ref idref="oc-c7"/>
      </symbol>
      <symbol id="sm-63f">
         <name>__eqsf2</name>
         <value>0x6661</value>
         <object_component_ref idref="oc-f4"/>
      </symbol>
      <symbol id="sm-640">
         <name>__lesf2</name>
         <value>0x6661</value>
         <object_component_ref idref="oc-f4"/>
      </symbol>
      <symbol id="sm-641">
         <name>__ltsf2</name>
         <value>0x6661</value>
         <object_component_ref idref="oc-f4"/>
      </symbol>
      <symbol id="sm-642">
         <name>__nesf2</name>
         <value>0x6661</value>
         <object_component_ref idref="oc-f4"/>
      </symbol>
      <symbol id="sm-643">
         <name>__cmpsf2</name>
         <value>0x6661</value>
         <object_component_ref idref="oc-f4"/>
      </symbol>
      <symbol id="sm-644">
         <name>__gtsf2</name>
         <value>0x669b</value>
         <object_component_ref idref="oc-f4"/>
      </symbol>
      <symbol id="sm-645">
         <name>__gesf2</name>
         <value>0x669b</value>
         <object_component_ref idref="oc-f4"/>
      </symbol>
      <symbol id="sm-646">
         <name>__unordsf2</name>
         <value>0x66d7</value>
         <object_component_ref idref="oc-f4"/>
      </symbol>
      <symbol id="sm-647">
         <name>__aeabi_fcmpun</name>
         <value>0x66d7</value>
         <object_component_ref idref="oc-f4"/>
      </symbol>
      <symbol id="sm-64d">
         <name>__udivmoddi4</name>
         <value>0x6365</value>
         <object_component_ref idref="oc-355"/>
      </symbol>
      <symbol id="sm-653">
         <name>__muldsi3</name>
         <value>0x77bd</value>
         <object_component_ref idref="oc-133"/>
      </symbol>
      <symbol id="sm-659">
         <name>__aeabi_llsl</name>
         <value>0x7cd5</value>
         <object_component_ref idref="oc-389"/>
      </symbol>
      <symbol id="sm-65a">
         <name>__ashldi3</name>
         <value>0x7cd5</value>
         <object_component_ref idref="oc-389"/>
      </symbol>
      <symbol id="sm-666">
         <name>__aeabi_idiv0</name>
         <value>0x4ee7</value>
         <object_component_ref idref="oc-23d"/>
      </symbol>
      <symbol id="sm-667">
         <name>__aeabi_ldiv0</name>
         <value>0x6407</value>
         <object_component_ref idref="oc-388"/>
      </symbol>
      <symbol id="sm-671">
         <name>__divdf3_fast</name>
         <value>0x3a8d</value>
         <object_component_ref idref="oc-3a0"/>
      </symbol>
      <symbol id="sm-67b">
         <name>__muldf3_fast</name>
         <value>0x47e5</value>
         <object_component_ref idref="oc-396"/>
      </symbol>
      <symbol id="sm-695">
         <name>memcpy</name>
         <value>0x64a5</value>
         <object_component_ref idref="oc-13e"/>
      </symbol>
      <symbol id="sm-6a4">
         <name>memset</name>
         <value>0x6ec5</value>
         <object_component_ref idref="oc-1d1"/>
      </symbol>
      <symbol id="sm-6ad">
         <name>memmove</name>
         <value>0x7ac5</value>
         <object_component_ref idref="oc-27f"/>
      </symbol>
      <symbol id="sm-6ae">
         <name>__TI_static_base__</name>
         <value>0x0</value>
      </symbol>
      <symbol id="sm-6b2">
         <name>__mpu_init</name>
         <value>0x0</value>
      </symbol>
      <symbol id="sm-6b3">
         <name>_system_post_cinit</name>
         <value>0x0</value>
      </symbol>
   </symbol_table>
   <title>Link successful</title>
</link_info>
